[    0.000000] Initializing cgroup subsys cpuset
[    0.000000] Initializing cgroup subsys cpu
[    0.000000] Linux version 3.2.0-123-generic (buildd@lcy01-02) (gcc version 4.6.3 (Ubuntu/Linaro 4.6.3-1ubuntu5) ) #166-Ubuntu SMP Mon Feb 20 11:53:20 UTC 2017 (Ubuntu 3.2.0-123.166-generic 3.2.79)
[    0.000000] Command line: BOOT_IMAGE=/boot/vmlinuz-3.2.0-123-generic root=UUID=fbdebd72-6dc2-4056-aac8-1e913de5cbfc ro quiet splash
[    0.000000] KERNEL supported cpus:
[    0.000000]   Intel GenuineIntel
[    0.000000]   AMD AuthenticAMD
[    0.000000]   Centaur CentaurHauls
[    0.000000] BIOS-provided physical RAM map:
[    0.000000]  BIOS-e820: 0000000000000000 - 000000000009e800 (usable)
[    0.000000]  BIOS-e820: 000000000009e800 - 00000000000a0000 (reserved)
[    0.000000]  BIOS-e820: 00000000000e0000 - 0000000000100000 (reserved)
[    0.000000]  BIOS-e820: 0000000000100000 - 00000000bee7a000 (usable)
[    0.000000]  BIOS-e820: 00000000bee7a000 - 00000000beeba000 (ACPI NVS)
[    0.000000]  BIOS-e820: 00000000beeba000 - 00000000beecb000 (reserved)
[    0.000000]  BIOS-e820: 00000000beecb000 - 00000000beee1000 (ACPI NVS)
[    0.000000]  BIOS-e820: 00000000beee1000 - 00000000bef10000 (reserved)
[    0.000000]  BIOS-e820: 00000000bef10000 - 00000000bef11000 (ACPI NVS)
[    0.000000]  BIOS-e820: 00000000bef11000 - 00000000bef14000 (reserved)
[    0.000000]  BIOS-e820: 00000000bef14000 - 00000000bef16000 (ACPI NVS)
[    0.000000]  BIOS-e820: 00000000bef16000 - 00000000bef1a000 (reserved)
[    0.000000]  BIOS-e820: 00000000bef1a000 - 00000000bef1d000 (ACPI data)
[    0.000000]  BIOS-e820: 00000000bef1d000 - 00000000bef21000 (reserved)
[    0.000000]  BIOS-e820: 00000000bef21000 - 00000000bef30000 (ACPI NVS)
[    0.000000]  BIOS-e820: 00000000bef30000 - 00000000c0000000 (reserved)
[    0.000000]  BIOS-e820: 00000000f8000000 - 00000000fc000000 (reserved)
[    0.000000]  BIOS-e820: 00000000fec00000 - 00000000fec01000 (reserved)
[    0.000000]  BIOS-e820: 00000000fed10000 - 00000000fed14000 (reserved)
[    0.000000]  BIOS-e820: 00000000fed18000 - 00000000fed1a000 (reserved)
[    0.000000]  BIOS-e820: 00000000fed1c000 - 00000000fed20000 (reserved)
[    0.000000]  BIOS-e820: 00000000fee00000 - 00000000fee01000 (reserved)
[    0.000000]  BIOS-e820: 00000000ffa00000 - 00000000ffc00000 (reserved)
[    0.000000]  BIOS-e820: 00000000ffe00000 - 0000000100000000 (reserved)
[    0.000000] NX (Execute Disable) protection: active
[    0.000000] SMBIOS 2.6 present.
[    0.000000] DMI: Sony Corporation VPCCW23ENU/VAIO, BIOS R0170Y7 05/14/2010
[    0.000000] e820 update range: 0000000000000000 - 0000000000010000 (usable) ==> (reserved)
[    0.000000] e820 remove range: 00000000000a0000 - 0000000000100000 (usable)
[    0.000000] No AGP bridge found
[    0.000000] last_pfn = 0xbee7a max_arch_pfn = 0x400000000
[    0.000000] MTRR default type: uncachable
[    0.000000] MTRR fixed ranges enabled:
[    0.000000]   00000-9FFFF write-back
[    0.000000]   A0000-BFFFF uncachable
[    0.000000]   C0000-CFFFF write-protect
[    0.000000]   D0000-E7FFF uncachable
[    0.000000]   E8000-FFFFF write-protect
[    0.000000] MTRR variable ranges enabled:
[    0.000000]   0 base 000000000 mask F80000000 write-back
[    0.000000]   1 base 080000000 mask FC0000000 write-back
[    0.000000]   2 base 0FFE00000 mask FFFE00000 write-protect
[    0.000000]   3 disabled
[    0.000000]   4 disabled
[    0.000000]   5 disabled
[    0.000000]   6 disabled
[    0.000000]   7 disabled
[    0.000000] x86 PAT enabled: cpu 0, old 0x7040600070406, new 0x7010600070106
[    0.000000] found SMP MP-table at [ffff8800000fc980] fc980
[    0.000000] initial memory mapped : 0 - 20000000
[    0.000000] Base memory trampoline at [ffff880000099000] 99000 size 20480
[    0.000000] init_memory_mapping: 0000000000000000-00000000bee7a000
[    0.000000]  0000000000 - 00bee00000 page 2M
[    0.000000]  00bee00000 - 00bee7a000 page 4k
[    0.000000] kernel direct mapping tables up to bee7a000 @ 1fffb000-20000000
[    0.000000] RAMDISK: 363ae000 - 371cf000
[    0.000000] ACPI: RSDP 0x00000000000F0410 00024 (v02   Sony)
[    0.000000] ACPI: XSDT 0x00000000BEF1BE18 0005C (v01 Sony   VAIO     20100514 MSFT 00010013)
[    0.000000] ACPI: FACP 0x00000000BEF14D98 000F4 (v04 Sony   VAIO     20100514 MSFT 00010013)
[    0.000000] ACPI Warning: 32/64 FACS address mismatch in FADT - two FACS tables! (20110623/tbfadt-365)
[    0.000000] ACPI Warning: 32/64X FACS address mismatch in FADT - 0xBEF2CF40/0x00000000BEF2FD40, using 32 (20110623/tbfadt-489)
[    0.000000] ACPI: DSDT 0x00000000BEECB018 0A3D8 (v01 Sony   VAIO     20100514 INTL 20051117)
[    0.000000] ACPI: FACS 0x00000000BEF2CF40 00040
[    0.000000] ACPI: APIC 0x00000000BEF1AF18 0008C (v02 Sony   VAIO     20100514 MSFT 00010013)
[    0.000000] ACPI: MCFG 0x00000000BEF2ED18 0003C (v01 Sony   VAIO     20100514 MSFT 00000097)
[    0.000000] ACPI: HPET 0x00000000BEF2EC98 00038 (v01 Sony   VAIO     20100514 MSFT 00000003)
[    0.000000] ACPI: SLIC 0x00000000BEF27A18 00176 (v01 Sony   VAIO     20100514 Sony 01000000)
[    0.000000] ACPI: SSDT 0x00000000BEF15018 009F1 (v01 Sony   VAIO     20100514 INTL 20051117)
[    0.000000] ACPI: SSDT 0x00000000BEF14C18 0011D (v01 Sony   VAIO     20100514 INTL 20051117)
[    0.000000] ACPI: Local APIC address 0xfee00000
[    0.000000] No NUMA configuration found
[    0.000000] Faking a node at 0000000000000000-00000000bee7a000
[    0.000000] Initmem setup node 0 0000000000000000-00000000bee7a000
[    0.000000]   NODE_DATA [00000000bee75000 - 00000000bee79fff]
[    0.000000]  [ffffea0000000000-ffffea0002ffffff] PMD -> [ffff8800bb600000-ffff8800be5fffff] on node 0
[    0.000000] Zone PFN ranges:
[    0.000000]   DMA      0x00000010 -> 0x00001000
[    0.000000]   DMA32    0x00001000 -> 0x00100000
[    0.000000]   Normal   empty
[    0.000000] Movable zone start PFN for each node
[    0.000000] early_node_map[2] active PFN ranges
[    0.000000]     0: 0x00000010 -> 0x0000009e
[    0.000000]     0: 0x00000100 -> 0x000bee7a
[    0.000000] On node 0 totalpages: 781832
[    0.000000]   DMA zone: 64 pages used for memmap
[    0.000000]   DMA zone: 5 pages reserved
[    0.000000]   DMA zone: 3913 pages, LIFO batch:0
[    0.000000]   DMA32 zone: 12154 pages used for memmap
[    0.000000]   DMA32 zone: 765696 pages, LIFO batch:31
[    0.000000] ACPI: PM-Timer IO Port: 0x408
[    0.000000] ACPI: Local APIC address 0xfee00000
[    0.000000] ACPI: LAPIC (acpi_id[0x01] lapic_id[0x00] enabled)
[    0.000000] ACPI: LAPIC (acpi_id[0x02] lapic_id[0x04] enabled)
[    0.000000] ACPI: LAPIC (acpi_id[0x03] lapic_id[0x01] enabled)
[    0.000000] ACPI: LAPIC (acpi_id[0x04] lapic_id[0x05] enabled)
[    0.000000] ACPI: LAPIC (acpi_id[0x05] lapic_id[0x04] disabled)
[    0.000000] ACPI: LAPIC (acpi_id[0x06] lapic_id[0x05] disabled)
[    0.000000] ACPI: LAPIC (acpi_id[0x07] lapic_id[0x06] disabled)
[    0.000000] ACPI: LAPIC (acpi_id[0x08] lapic_id[0x07] disabled)
[    0.000000] ACPI: IOAPIC (id[0x02] address[0xfec00000] gsi_base[0])
[    0.000000] IOAPIC[0]: apic_id 2, version 32, address 0xfec00000, GSI 0-23
[    0.000000] ACPI: INT_SRC_OVR (bus 0 bus_irq 0 global_irq 2 dfl dfl)
[    0.000000] ACPI: INT_SRC_OVR (bus 0 bus_irq 9 global_irq 9 high level)
[    0.000000] ACPI: IRQ0 used by override.
[    0.000000] ACPI: IRQ2 used by override.
[    0.000000] ACPI: IRQ9 used by override.
[    0.000000] Using ACPI (MADT) for SMP configuration information
[    0.000000] ACPI: HPET id: 0x8086a701 base: 0xfed00000
[    0.000000] SMP: Allowing 8 CPUs, 4 hotplug CPUs
[    0.000000] nr_irqs_gsi: 40
[    0.000000] PM: Registered nosave memory: 000000000009e000 - 000000000009f000
[    0.000000] PM: Registered nosave memory: 000000000009f000 - 00000000000a0000
[    0.000000] PM: Registered nosave memory: 00000000000a0000 - 00000000000e0000
[    0.000000] PM: Registered nosave memory: 00000000000e0000 - 0000000000100000
[    0.000000] Allocating PCI resources starting at c0000000 (gap: c0000000:38000000)
[    0.000000] Booting paravirtualized kernel on bare hardware
[    0.000000] setup_percpu: NR_CPUS:256 nr_cpumask_bits:256 nr_cpu_ids:8 nr_node_ids:1
[    0.000000] PERCPU: Embedded 27 pages/cpu @ffff8800bec00000 s79104 r8192 d23296 u262144
[    0.000000] pcpu-alloc: s79104 r8192 d23296 u262144 alloc=1*2097152
[    0.000000] pcpu-alloc: [0] 0 1 2 3 4 5 6 7 
[    0.000000] Built 1 zonelists in Node order, mobility grouping on.  Total pages: 769609
[    0.000000] Policy zone: DMA32
[    0.000000] Kernel command line: BOOT_IMAGE=/boot/vmlinuz-3.2.0-123-generic root=UUID=fbdebd72-6dc2-4056-aac8-1e913de5cbfc ro quiet splash
[    0.000000] PID hash table entries: 4096 (order: 3, 32768 bytes)
[    0.000000] Checking aperture...
[    0.000000] No AGP bridge found
[    0.000000] Calgary: detecting Calgary via BIOS EBDA area
[    0.000000] Calgary: Unable to locate Rio Grande table in EBDA - bailing!
[    0.000000] Memory: 3046984k/3127784k available (6642k kernel code, 456k absent, 80344k reserved, 6566k data, 936k init)
[    0.000000] SLUB: Genslabs=15, HWalign=64, Order=0-3, MinObjects=0, CPUs=8, Nodes=1
[    0.000000] Hierarchical RCU implementation.
[    0.000000] 	RCU dyntick-idle grace-period acceleration is enabled.
[    0.000000] NR_IRQS:16640 nr_irqs:744 16
[    0.000000] Extended CMOS year: 2000
[    0.000000] spurious 8259A interrupt: IRQ7.
[    0.000000] Console: colour VGA+ 80x25
[    0.000000] console [tty0] enabled
[    0.000000] allocated 25165824 bytes of page_cgroup
[    0.000000] please try 'cgroup_disable=memory' option if you don't want memory cgroups
[    0.000000] hpet clockevent registered
[    0.000000] Fast TSC calibration using PIT
[    0.004000] Detected 2127.844 MHz processor.
[    0.000003] Calibrating delay loop (skipped), value calculated using timer frequency.. 4255.68 BogoMIPS (lpj=8511376)
[    0.000008] pid_max: default: 32768 minimum: 301
[    0.000040] Security Framework initialized
[    0.000055] AppArmor: AppArmor initialized
[    0.000057] Yama: becoming mindful.
[    0.000414] Dentry cache hash table entries: 524288 (order: 10, 4194304 bytes)
[    0.001996] Inode-cache hash table entries: 262144 (order: 9, 2097152 bytes)
[    0.002697] Mount-cache hash table entries: 256
[    0.002840] Initializing cgroup subsys cpuacct
[    0.002846] Initializing cgroup subsys memory
[    0.002854] Initializing cgroup subsys devices
[    0.002857] Initializing cgroup subsys freezer
[    0.002859] Initializing cgroup subsys blkio
[    0.002865] Initializing cgroup subsys perf_event
[    0.002896] CPU: Physical Processor ID: 0
[    0.002897] CPU: Processor Core ID: 0
[    0.002903] mce: CPU supports 9 MCE banks
[    0.002914] CPU0: Thermal monitoring handled by SMI
[    0.002922] using mwait in idle threads.
[    0.005437] ACPI: Core revision 20110623
[    0.015494] ftrace: allocating 26716 entries in 105 pages
[    0.025081] ..TIMER: vector=0x30 apic1=0 pin1=2 apic2=0 pin2=0
[    0.064747] CPU0: Intel(R) Core(TM) i3 CPU       M 330  @ 2.13GHz stepping 02
[    0.171259] Performance Events: PEBS fmt1+, Westmere events, Intel PMU driver.
[    0.171266] ... version:                3
[    0.171268] ... bit width:              48
[    0.171269] ... generic registers:      4
[    0.171271] ... value mask:             0000ffffffffffff
[    0.171272] ... max period:             000000007fffffff
[    0.171274] ... fixed-purpose events:   3
[    0.171275] ... event mask:             000000070000000f
[    0.171482] NMI watchdog enabled, takes one hw-pmu counter.
[    0.171574] Booting Node   0, Processors  #1
[    0.171576] smpboot cpu 1: start_ip = 99000
[    0.259243] CPU1: Thermal monitoring handled by SMI
[    0.279362] NMI watchdog enabled, takes one hw-pmu counter.
[    0.279474]  #2
[    0.279476] smpboot cpu 2: start_ip = 99000
[    0.367197] CPU2: Thermal monitoring handled by SMI
[    0.387254] NMI watchdog enabled, takes one hw-pmu counter.
[    0.387374]  #3
[    0.387376] smpboot cpu 3: start_ip = 99000
[    0.475146] CPU3: Thermal monitoring handled by SMI
[    0.495261] NMI watchdog enabled, takes one hw-pmu counter.
[    0.495307] Brought up 4 CPUs
[    0.495309] Total of 4 processors activated (17023.44 BogoMIPS).
[    0.498181] devtmpfs: initialized
[    0.499171] EVM: security.selinux
[    0.499173] EVM: security.SMACK64
[    0.499174] EVM: security.capability
[    0.499206] PM: Registering ACPI NVS region at bee7a000 (262144 bytes)
[    0.499214] PM: Registering ACPI NVS region at beecb000 (90112 bytes)
[    0.499217] PM: Registering ACPI NVS region at bef10000 (4096 bytes)
[    0.499219] PM: Registering ACPI NVS region at bef14000 (8192 bytes)
[    0.499221] PM: Registering ACPI NVS region at bef21000 (61440 bytes)
[    0.500146] print_constraints: dummy: 
[    0.500179] RTC time: 21:18:33, date: 09/23/17
[    0.500216] NET: Registered protocol family 16
[    0.500325] Trying to unpack rootfs image as initramfs...
[    0.500332] ACPI FADT declares the system doesn't support PCIe ASPM, so disable it
[    0.500335] ACPI: bus type pci registered
[    0.500412] PCI: MMCONFIG for domain 0000 [bus 00-3f] at [mem 0xf8000000-0xfbffffff] (base 0xf8000000)
[    0.500416] PCI: MMCONFIG at [mem 0xf8000000-0xfbffffff] reserved in E820
[    0.505436] PCI: Using configuration type 1 for base access
[    0.506419] bio: create slab <bio-0> at 0
[    0.506513] ACPI: Added _OSI(Module Device)
[    0.506516] ACPI: Added _OSI(Processor Device)
[    0.506518] ACPI: Added _OSI(3.0 _SCP Extensions)
[    0.506520] ACPI: Added _OSI(Processor Aggregator Device)
[    0.508286] ACPI: EC: Look up EC in DSDT
[    0.509948] ACPI: Executed 1 blocks of module-level executable AML code
[    0.539161] [Firmware Bug]: ACPI: BIOS _OSI(Linux) query ignored
[    0.573491] ACPI: SSDT 0x00000000BEF19C18 003A0 (v01 PmRef  Cpu0Ist  00003000 INTL 20051117)
[    0.573910] ACPI: Dynamic OEM Table Load:
[    0.573913] ACPI: SSDT 0x0000000000000000 003A0 (v01 PmRef  Cpu0Ist  00003000 INTL 20051117)
[    0.574038] ACPI: SSDT 0x00000000BEF17618 005CD (v01 PmRef  Cpu0Cst  00003001 INTL 20051117)
[    0.574448] ACPI: Dynamic OEM Table Load:
[    0.574451] ACPI: SSDT 0x0000000000000000 005CD (v01 PmRef  Cpu0Cst  00003001 INTL 20051117)
[    0.631350] ACPI: SSDT 0x00000000BEF18A98 00303 (v01 PmRef  ApIst    00003000 INTL 20051117)
[    0.631824] ACPI: Dynamic OEM Table Load:
[    0.631827] ACPI: SSDT 0x0000000000000000 00303 (v01 PmRef  ApIst    00003000 INTL 20051117)
[    0.647192] ACPI: SSDT 0x00000000BEF16D98 00119 (v01 PmRef  ApCst    00003000 INTL 20051117)
[    0.647635] ACPI: Dynamic OEM Table Load:
[    0.647638] ACPI: SSDT 0x0000000000000000 00119 (v01 PmRef  ApCst    00003000 INTL 20051117)
[    0.799303] Freeing initrd memory: 14468k freed
[    1.083137] ACPI: Interpreter enabled
[    1.083147] ACPI: (supports S0 S3 S4 S5)
[    1.083174] ACPI: Using IOAPIC for interrupt routing
[    1.104356] ACPI: EC: GPE = 0x17, I/O: command/status = 0x66, data = 0x62
[    1.104604] ACPI: No dock devices found.
[    1.104606] HEST: Table not found.
[    1.104610] PCI: Using host bridge windows from ACPI; if necessary, use "pci=nocrs" and report a bug
[    1.104948] \_SB_.PCI0:_OSC invalid UUID
[    1.104950] _OSC request data:1 8 0 
[    1.104955] ACPI: PCI Root Bridge [PCI0] (domain 0000 [bus 00-3e])
[    1.105484] pci_root PNP0A08:00: host bridge window [io  0x0000-0x0cf7]
[    1.105487] pci_root PNP0A08:00: host bridge window [io  0x0d00-0xffff]
[    1.105489] pci_root PNP0A08:00: host bridge window [mem 0x000a0000-0x000bffff]
[    1.105492] pci_root PNP0A08:00: host bridge window [mem 0x000d0000-0x000d3fff]
[    1.105494] pci_root PNP0A08:00: host bridge window [mem 0x000d4000-0x000d7fff]
[    1.105496] pci_root PNP0A08:00: host bridge window [mem 0x000d8000-0x000dbfff]
[    1.105499] pci_root PNP0A08:00: host bridge window [mem 0x000dc000-0x000dffff]
[    1.105501] pci_root PNP0A08:00: host bridge window [mem 0x000e0000-0x000e3fff]
[    1.105503] pci_root PNP0A08:00: host bridge window [mem 0x000e4000-0x000e7fff]
[    1.105506] pci_root PNP0A08:00: host bridge window [mem 0xc0000000-0xfeafffff]
[    1.105521] pci 0000:00:00.0: [8086:0044] type 0 class 0x000600
[    1.105541] DMAR: BIOS has allocated no shadow GTT; disabling IOMMU for graphics
[    1.105564] pci 0000:00:01.0: [8086:0045] type 1 class 0x000604
[    1.105600] pci 0000:00:01.0: PME# supported from D0 D3hot D3cold
[    1.105603] pci 0000:00:01.0: PME# disabled
[    1.105660] pci 0000:00:1a.0: [8086:3b3c] type 0 class 0x000c03
[    1.105687] pci 0000:00:1a.0: reg 10: [mem 0xe8e08000-0xe8e083ff]
[    1.105799] pci 0000:00:1a.0: PME# supported from D0 D3hot D3cold
[    1.105804] pci 0000:00:1a.0: PME# disabled
[    1.105836] pci 0000:00:1b.0: [8086:3b56] type 0 class 0x000403
[    1.105857] pci 0000:00:1b.0: reg 10: [mem 0xe8e00000-0xe8e03fff 64bit]
[    1.105956] pci 0000:00:1b.0: PME# supported from D0 D3hot D3cold
[    1.105961] pci 0000:00:1b.0: PME# disabled
[    1.105990] pci 0000:00:1c.0: [8086:3b42] type 1 class 0x000604
[    1.106093] pci 0000:00:1c.0: PME# supported from D0 D3hot D3cold
[    1.106098] pci 0000:00:1c.0: PME# disabled
[    1.106128] pci 0000:00:1c.1: [8086:3b44] type 1 class 0x000604
[    1.106230] pci 0000:00:1c.1: PME# supported from D0 D3hot D3cold
[    1.106235] pci 0000:00:1c.1: PME# disabled
[    1.106265] pci 0000:00:1c.2: [8086:3b46] type 1 class 0x000604
[    1.106367] pci 0000:00:1c.2: PME# supported from D0 D3hot D3cold
[    1.106372] pci 0000:00:1c.2: PME# disabled
[    1.106405] pci 0000:00:1c.5: [8086:3b4c] type 1 class 0x000604
[    1.106507] pci 0000:00:1c.5: PME# supported from D0 D3hot D3cold
[    1.106512] pci 0000:00:1c.5: PME# disabled
[    1.106552] pci 0000:00:1d.0: [8086:3b34] type 0 class 0x000c03
[    1.106579] pci 0000:00:1d.0: reg 10: [mem 0xe8e07000-0xe8e073ff]
[    1.106691] pci 0000:00:1d.0: PME# supported from D0 D3hot D3cold
[    1.106696] pci 0000:00:1d.0: PME# disabled
[    1.106721] pci 0000:00:1e.0: [8086:2448] type 1 class 0x000604
[    1.106810] pci 0000:00:1f.0: [8086:3b03] type 0 class 0x000601
[    1.106950] pci 0000:00:1f.2: [8086:3b2f] type 0 class 0x000106
[    1.106977] pci 0000:00:1f.2: reg 10: [io  0xe070-0xe077]
[    1.106989] pci 0000:00:1f.2: reg 14: [io  0xe060-0xe063]
[    1.107001] pci 0000:00:1f.2: reg 18: [io  0xe050-0xe057]
[    1.107013] pci 0000:00:1f.2: reg 1c: [io  0xe040-0xe043]
[    1.107025] pci 0000:00:1f.2: reg 20: [io  0xe020-0xe03f]
[    1.107036] pci 0000:00:1f.2: reg 24: [mem 0xe8e06000-0xe8e067ff]
[    1.107104] pci 0000:00:1f.2: PME# supported from D3hot
[    1.107109] pci 0000:00:1f.2: PME# disabled
[    1.107132] pci 0000:00:1f.3: [8086:3b30] type 0 class 0x000c05
[    1.107154] pci 0000:00:1f.3: reg 10: [mem 0xe8e05000-0xe8e050ff 64bit]
[    1.107185] pci 0000:00:1f.3: reg 20: [io  0xe000-0xe01f]
[    1.107263] pci 0000:01:00.0: [10de:0a75] type 0 class 0x000300
[    1.107276] pci 0000:01:00.0: reg 10: [mem 0xe2000000-0xe2ffffff]
[    1.107291] pci 0000:01:00.0: reg 14: [mem 0xd0000000-0xdfffffff 64bit pref]
[    1.107305] pci 0000:01:00.0: reg 1c: [mem 0xe0000000-0xe1ffffff 64bit pref]
[    1.107315] pci 0000:01:00.0: reg 24: [io  0xd000-0xd07f]
[    1.107325] pci 0000:01:00.0: reg 30: [mem 0xe3000000-0xe307ffff pref]
[    1.107400] pci 0000:01:00.1: [10de:0be3] type 0 class 0x000403
[    1.107412] pci 0000:01:00.1: reg 10: [mem 0xe3080000-0xe3083fff]
[    1.107534] pci 0000:00:01.0: PCI bridge to [bus 01-01]
[    1.107537] pci 0000:00:01.0:   bridge window [io  0xd000-0xdfff]
[    1.107540] pci 0000:00:01.0:   bridge window [mem 0xd0000000-0xe30fffff]
[    1.107619] pci 0000:02:00.0: [168c:002b] type 0 class 0x000280
[    1.107643] pci 0000:02:00.0: reg 10: [mem 0xe7a00000-0xe7a0ffff 64bit]
[    1.107755] pci 0000:02:00.0: supports D1
[    1.107757] pci 0000:02:00.0: PME# supported from D0 D1 D3hot D3cold
[    1.107763] pci 0000:02:00.0: PME# disabled
[    1.114942] pci 0000:00:1c.0: PCI bridge to [bus 02-02]
[    1.114951] pci 0000:00:1c.0:   bridge window [io  0xc000-0xcfff]
[    1.114956] pci 0000:00:1c.0:   bridge window [mem 0xe7a00000-0xe8dfffff]
[    1.115079] pci 0000:03:00.0: [1180:e822] type 0 class 0x000805
[    1.115097] pci 0000:03:00.0: MMC controller base frequency changed to 50Mhz.
[    1.115120] pci 0000:03:00.0: reg 10: [mem 0xe6603000-0xe66030ff]
[    1.115285] pci 0000:03:00.0: supports D1 D2
[    1.115287] pci 0000:03:00.0: PME# supported from D0 D1 D2 D3hot D3cold
[    1.115293] pci 0000:03:00.0: PME# disabled
[    1.115347] pci 0000:03:00.1: [1180:e230] type 0 class 0x000880
[    1.115371] pci 0000:03:00.1: reg 10: [mem 0xe6602000-0xe66020ff]
[    1.115535] pci 0000:03:00.1: supports D1 D2
[    1.115537] pci 0000:03:00.1: PME# supported from D0 D1 D2 D3hot D3cold
[    1.115544] pci 0000:03:00.1: PME# disabled
[    1.115594] pci 0000:03:00.3: [1180:e832] type 0 class 0x000c00
[    1.115617] pci 0000:03:00.3: reg 10: [mem 0xe6601000-0xe66017ff]
[    1.115781] pci 0000:03:00.3: supports D1 D2
[    1.115783] pci 0000:03:00.3: PME# supported from D0 D1 D2 D3hot D3cold
[    1.115790] pci 0000:03:00.3: PME# disabled
[    1.115837] pci 0000:03:00.4: [1180:e822] type 0 class 0x000805
[    1.115861] pci 0000:03:00.4: reg 10: [mem 0xe6600000-0xe66000ff]
[    1.116024] pci 0000:03:00.4: supports D1 D2
[    1.116025] pci 0000:03:00.4: PME# supported from D0 D1 D2 D3hot D3cold
[    1.116032] pci 0000:03:00.4: PME# disabled
[    1.122988] pci 0000:00:1c.1: PCI bridge to [bus 03-03]
[    1.122993] pci 0000:00:1c.1:   bridge window [io  0xb000-0xbfff]
[    1.122998] pci 0000:00:1c.1:   bridge window [mem 0xe6600000-0xe79fffff]
[    1.123162] pci 0000:04:00.0: [11ab:4380] type 0 class 0x000200
[    1.123295] pci 0000:04:00.0: reg 10: [mem 0xe5220000-0xe5223fff 64bit]
[    1.123358] pci 0000:04:00.0: reg 18: [io  0xa000-0xa0ff]
[    1.123575] pci 0000:04:00.0: reg 30: [mem 0xe5200000-0xe521ffff pref]
[    1.123867] pci 0000:04:00.0: supports D1 D2
[    1.123869] pci 0000:04:00.0: PME# supported from D0 D1 D2 D3hot D3cold
[    1.123886] pci 0000:04:00.0: PME# disabled
[    1.130988] pci 0000:00:1c.2: PCI bridge to [bus 04-04]
[    1.130994] pci 0000:00:1c.2:   bridge window [io  0xa000-0xafff]
[    1.130999] pci 0000:00:1c.2:   bridge window [mem 0xe5200000-0xe65fffff]
[    1.131062] pci 0000:00:1c.5: PCI bridge to [bus 05-0c]
[    1.131067] pci 0000:00:1c.5:   bridge window [io  0x9000-0x9fff]
[    1.131072] pci 0000:00:1c.5:   bridge window [mem 0xe3200000-0xe51fffff]
[    1.131155] pci 0000:00:1e.0: PCI bridge to [bus 0d-0d] (subtractive decode)
[    1.131168] pci 0000:00:1e.0:   bridge window [io  0x0000-0x0cf7] (subtractive decode)
[    1.131171] pci 0000:00:1e.0:   bridge window [io  0x0d00-0xffff] (subtractive decode)
[    1.131173] pci 0000:00:1e.0:   bridge window [mem 0x000a0000-0x000bffff] (subtractive decode)
[    1.131176] pci 0000:00:1e.0:   bridge window [mem 0x000d0000-0x000d3fff] (subtractive decode)
[    1.131178] pci 0000:00:1e.0:   bridge window [mem 0x000d4000-0x000d7fff] (subtractive decode)
[    1.131181] pci 0000:00:1e.0:   bridge window [mem 0x000d8000-0x000dbfff] (subtractive decode)
[    1.131183] pci 0000:00:1e.0:   bridge window [mem 0x000dc000-0x000dffff] (subtractive decode)
[    1.131185] pci 0000:00:1e.0:   bridge window [mem 0x000e0000-0x000e3fff] (subtractive decode)
[    1.131188] pci 0000:00:1e.0:   bridge window [mem 0x000e4000-0x000e7fff] (subtractive decode)
[    1.131190] pci 0000:00:1e.0:   bridge window [mem 0xc0000000-0xfeafffff] (subtractive decode)
[    1.131225] ACPI: PCI Interrupt Routing Table [\_SB_.PCI0._PRT]
[    1.131378] ACPI: PCI Interrupt Routing Table [\_SB_.PCI0.RP01._PRT]
[    1.131433] ACPI: PCI Interrupt Routing Table [\_SB_.PCI0.RP03._PRT]
[    1.131494] ACPI: PCI Interrupt Routing Table [\_SB_.PCI0.RP02._PRT]
[    1.131565] ACPI: PCI Interrupt Routing Table [\_SB_.PCI0.RP06._PRT]
[    1.131619] ACPI: PCI Interrupt Routing Table [\_SB_.PCI0.PEGP._PRT]
[    1.131769] \_SB_.PCI0:_OSC invalid UUID
[    1.131771] _OSC request data:1 1f 0 
[    1.131776]  pci0000:00: Requesting ACPI _OSC control (0x1d)
[    1.131811] \_SB_.PCI0:_OSC invalid UUID
[    1.131812] _OSC request data:1 0 1d 
[    1.131816]  pci0000:00: ACPI _OSC request failed (AE_ERROR), returned control mask: 0x1d
[    1.131818] ACPI _OSC control for PCIe not granted, disabling ASPM
[    1.135888] ACPI: PCI Root Bridge [CPBG] (domain 0000 [bus 3f])
[    1.135959] pci 0000:3f:00.0: [8086:2c62] type 0 class 0x000600
[    1.135981] pci 0000:3f:00.1: [8086:2d01] type 0 class 0x000600
[    1.136003] pci 0000:3f:02.0: [8086:2d10] type 0 class 0x000600
[    1.136025] pci 0000:3f:02.1: [8086:2d11] type 0 class 0x000600
[    1.136044] pci 0000:3f:02.2: [8086:2d12] type 0 class 0x000600
[    1.136063] pci 0000:3f:02.3: [8086:2d13] type 0 class 0x000600
[    1.136098]  pci0000:3f: Requesting ACPI _OSC control (0x1d)
[    1.136101]  pci0000:3f: ACPI _OSC request failed (AE_NOT_FOUND), returned control mask: 0x1d
[    1.136103] ACPI _OSC control for PCIe not granted, disabling ASPM
[    1.136347] ACPI: PCI Interrupt Link [LNKA] (IRQs 1 3 4 5 6 7 10 12 14 15) *11
[    1.136396] ACPI: PCI Interrupt Link [LNKB] (IRQs 1 *3 4 5 6 7 11 12 14 15)
[    1.136442] ACPI: PCI Interrupt Link [LNKC] (IRQs 1 3 *4 5 6 7 10 12 14 15)
[    1.136488] ACPI: PCI Interrupt Link [LNKD] (IRQs 1 3 4 5 6 7 11 12 14 15) *10
[    1.136533] ACPI: PCI Interrupt Link [LNKE] (IRQs 1 3 4 5 6 7 10 12 14 15) *0, disabled.
[    1.136580] ACPI: PCI Interrupt Link [LNKF] (IRQs 1 3 4 5 6 7 11 12 14 15) *0, disabled.
[    1.136626] ACPI: PCI Interrupt Link [LNKG] (IRQs 1 3 4 *5 6 7 10 12 14 15)
[    1.136671] ACPI: PCI Interrupt Link [LNKH] (IRQs 1 3 4 5 6 7 *11 12 14 15)
[    1.136803] vgaarb: device added: PCI:0000:01:00.0,decodes=io+mem,owns=io+mem,locks=none
[    1.136809] vgaarb: loaded
[    1.136811] vgaarb: bridge control possible 0000:01:00.0
[    1.136916] i2c-core: driver [aat2870] using legacy suspend method
[    1.136918] i2c-core: driver [aat2870] using legacy resume method
[    1.136984] SCSI subsystem initialized
[    1.137054] libata version 3.00 loaded.
[    1.137101] usbcore: registered new interface driver usbfs
[    1.137111] usbcore: registered new interface driver hub
[    1.137139] usbcore: registered new device driver usb
[    1.137229] PCI: Using ACPI for IRQ routing
[    1.139462] PCI: pci_cache_line_size set to 64 bytes
[    1.139673] reserve RAM buffer: 000000000009e800 - 000000000009ffff 
[    1.139676] reserve RAM buffer: 00000000bee7a000 - 00000000bfffffff 
[    1.139793] NetLabel: Initializing
[    1.139795] NetLabel:  domain hash size = 128
[    1.139796] NetLabel:  protocols = UNLABELED CIPSOv4
[    1.139810] NetLabel:  unlabeled traffic allowed by default
[    1.139868] hpet0: at MMIO 0xfed00000, IRQs 2, 8, 0, 0, 0, 0, 0, 0
[    1.139874] hpet0: 8 comparators, 64-bit 14.318180 MHz counter
[    1.141895] Switching to clocksource hpet
[    1.148571] AppArmor: AppArmor Filesystem Enabled
[    1.148606] pnp: PnP ACPI init
[    1.148623] ACPI: bus type pnp registered
[    1.148943] pnp 00:00: [bus 00-3e]
[    1.148946] pnp 00:00: [io  0x0000-0x0cf7 window]
[    1.148949] pnp 00:00: [io  0x0cf8-0x0cff]
[    1.148951] pnp 00:00: [io  0x0d00-0xffff window]
[    1.148953] pnp 00:00: [mem 0x000a0000-0x000bffff window]
[    1.148955] pnp 00:00: [mem 0x000c0000-0x000c3fff window]
[    1.148957] pnp 00:00: [mem 0x000c4000-0x000c7fff window]
[    1.148959] pnp 00:00: [mem 0x000c8000-0x000cbfff window]
[    1.148962] pnp 00:00: [mem 0x000cc000-0x000cffff window]
[    1.148964] pnp 00:00: [mem 0x000d0000-0x000d3fff window]
[    1.148966] pnp 00:00: [mem 0x000d4000-0x000d7fff window]
[    1.148968] pnp 00:00: [mem 0x000d8000-0x000dbfff window]
[    1.148970] pnp 00:00: [mem 0x000dc000-0x000dffff window]
[    1.148972] pnp 00:00: [mem 0x000e0000-0x000e3fff window]
[    1.148974] pnp 00:00: [mem 0x000e4000-0x000e7fff window]
[    1.148976] pnp 00:00: [mem 0x000e8000-0x000ebfff window]
[    1.148978] pnp 00:00: [mem 0x000ec000-0x000effff window]
[    1.148980] pnp 00:00: [mem 0x000f0000-0x000fffff window]
[    1.148982] pnp 00:00: [mem 0xc0000000-0xfeafffff window]
[    1.149092] pnp 00:00: Plug and Play ACPI device, IDs PNP0a08 PNP0a03 (active)
[    1.149108] pnp 00:01: [io  0x0000-0x001f]
[    1.149110] pnp 00:01: [io  0x0081-0x0091]
[    1.149112] pnp 00:01: [io  0x0093-0x009f]
[    1.149114] pnp 00:01: [io  0x00c0-0x00df]
[    1.149116] pnp 00:01: [dma 4]
[    1.149140] pnp 00:01: Plug and Play ACPI device, IDs PNP0200 (active)
[    1.149149] pnp 00:02: [mem 0xff000000-0xffffffff]
[    1.149169] pnp 00:02: Plug and Play ACPI device, IDs INT0800 (active)
[    1.149245] pnp 00:03: [mem 0xfed00000-0xfed003ff]
[    1.149270] pnp 00:03: Plug and Play ACPI device, IDs PNP0103 (active)
[    1.149280] pnp 00:04: [io  0x00f0]
[    1.149293] pnp 00:04: [irq 13]
[    1.149319] pnp 00:04: Plug and Play ACPI device, IDs PNP0c04 (active)
[    1.149330] pnp 00:05: [io  0x002e-0x002f]
[    1.149332] pnp 00:05: [io  0x004e-0x004f]
[    1.149334] pnp 00:05: [io  0x0061]
[    1.149335] pnp 00:05: [io  0x0063]
[    1.149337] pnp 00:05: [io  0x0065]
[    1.149338] pnp 00:05: [io  0x0067]
[    1.149340] pnp 00:05: [io  0x0070]
[    1.149342] pnp 00:05: [io  0x0080]
[    1.149343] pnp 00:05: [io  0x0092]
[    1.149345] pnp 00:05: [io  0x00b2-0x00b3]
[    1.149347] pnp 00:05: [io  0x0680-0x069f]
[    1.149348] pnp 00:05: [io  0xff00-0xff0f]
[    1.149350] pnp 00:05: [io  0xff10-0xff13]
[    1.149352] pnp 00:05: [io  0x0800-0x0803]
[    1.149354] pnp 00:05: [io  0x0400-0x047f]
[    1.149355] pnp 00:05: [io  0x0500-0x057f]
[    1.149357] pnp 00:05: [io  0x164e-0x164f]
[    1.149422] system 00:05: [io  0x0680-0x069f] has been reserved
[    1.149424] system 00:05: [io  0xff00-0xff0f] has been reserved
[    1.149427] system 00:05: [io  0xff10-0xff13] has been reserved
[    1.149429] system 00:05: [io  0x0800-0x0803] has been reserved
[    1.149432] system 00:05: [io  0x0400-0x047f] could not be reserved
[    1.149434] system 00:05: [io  0x0500-0x057f] has been reserved
[    1.149437] system 00:05: [io  0x164e-0x164f] has been reserved
[    1.149440] system 00:05: Plug and Play ACPI device, IDs PNP0c02 (active)
[    1.149449] pnp 00:06: [io  0x0070-0x0077]
[    1.149456] pnp 00:06: [irq 8]
[    1.149478] pnp 00:06: Plug and Play ACPI device, IDs PNP0b00 (active)
[    1.149487] pnp 00:07: [io  0x0060]
[    1.149489] pnp 00:07: [io  0x0064]
[    1.149495] pnp 00:07: [irq 1]
[    1.149519] pnp 00:07: Plug and Play ACPI device, IDs PNP0303 (active)
[    1.149531] pnp 00:08: [irq 12]
[    1.149555] pnp 00:08: Plug and Play ACPI device, IDs SNY9012 PNP0f13 (active)
[    1.149932] pnp 00:09: [mem 0xfed1c000-0xfed1ffff]
[    1.149934] pnp 00:09: [mem 0xfed10000-0xfed13fff]
[    1.149936] pnp 00:09: [mem 0xfed18000-0xfed18fff]
[    1.149938] pnp 00:09: [mem 0xfed19000-0xfed19fff]
[    1.149940] pnp 00:09: [mem 0xf8000000-0xfbffffff]
[    1.149942] pnp 00:09: [mem 0xfed20000-0xfed3ffff]
[    1.149944] pnp 00:09: [mem 0xfed90000-0xfed8ffff disabled]
[    1.149946] pnp 00:09: [mem 0xfed45000-0xfed8ffff]
[    1.149948] pnp 00:09: [mem 0xff000000-0xffffffff]
[    1.149950] pnp 00:09: [mem 0xfee00000-0xfeefffff]
[    1.149954] pnp 00:09: [mem 0xc0000000-0xc0000fff]
[    1.150026] system 00:09: [mem 0xfed1c000-0xfed1ffff] has been reserved
[    1.150028] system 00:09: [mem 0xfed10000-0xfed13fff] has been reserved
[    1.150031] system 00:09: [mem 0xfed18000-0xfed18fff] has been reserved
[    1.150033] system 00:09: [mem 0xfed19000-0xfed19fff] has been reserved
[    1.150036] system 00:09: [mem 0xf8000000-0xfbffffff] has been reserved
[    1.150039] system 00:09: [mem 0xfed20000-0xfed3ffff] has been reserved
[    1.150041] system 00:09: [mem 0xfed45000-0xfed8ffff] has been reserved
[    1.150044] system 00:09: [mem 0xff000000-0xffffffff] could not be reserved
[    1.150047] system 00:09: [mem 0xfee00000-0xfeefffff] could not be reserved
[    1.150049] system 00:09: [mem 0xc0000000-0xc0000fff] has been reserved
[    1.150053] system 00:09: Plug and Play ACPI device, IDs PNP0c02 (active)
[    1.150199] pnp 00:0a: [bus 3f]
[    1.150253] pnp 00:0a: Plug and Play ACPI device, IDs PNP0a03 (active)
[    1.158507] pnp: PnP ACPI: found 11 devices
[    1.158510] ACPI: ACPI bus type pnp unregistered
[    1.166054] PCI: max bus depth: 1 pci_try_num: 2
[    1.166117] pci 0000:00:1c.5: BAR 15: assigned [mem 0xc0100000-0xc02fffff 64bit pref]
[    1.166122] pci 0000:00:1c.2: BAR 15: assigned [mem 0xc0300000-0xc04fffff 64bit pref]
[    1.166126] pci 0000:00:1c.1: BAR 15: assigned [mem 0xc0500000-0xc06fffff 64bit pref]
[    1.166130] pci 0000:00:1c.0: BAR 15: assigned [mem 0xc0700000-0xc08fffff 64bit pref]
[    1.166133] pci 0000:00:01.0: PCI bridge to [bus 01-01]
[    1.166136] pci 0000:00:01.0:   bridge window [io  0xd000-0xdfff]
[    1.166140] pci 0000:00:01.0:   bridge window [mem 0xd0000000-0xe30fffff]
[    1.166145] pci 0000:00:1c.0: PCI bridge to [bus 02-02]
[    1.166148] pci 0000:00:1c.0:   bridge window [io  0xc000-0xcfff]
[    1.166155] pci 0000:00:1c.0:   bridge window [mem 0xe7a00000-0xe8dfffff]
[    1.166160] pci 0000:00:1c.0:   bridge window [mem 0xc0700000-0xc08fffff 64bit pref]
[    1.166169] pci 0000:00:1c.1: PCI bridge to [bus 03-03]
[    1.166172] pci 0000:00:1c.1:   bridge window [io  0xb000-0xbfff]
[    1.166178] pci 0000:00:1c.1:   bridge window [mem 0xe6600000-0xe79fffff]
[    1.166184] pci 0000:00:1c.1:   bridge window [mem 0xc0500000-0xc06fffff 64bit pref]
[    1.166192] pci 0000:00:1c.2: PCI bridge to [bus 04-04]
[    1.166196] pci 0000:00:1c.2:   bridge window [io  0xa000-0xafff]
[    1.166202] pci 0000:00:1c.2:   bridge window [mem 0xe5200000-0xe65fffff]
[    1.166207] pci 0000:00:1c.2:   bridge window [mem 0xc0300000-0xc04fffff 64bit pref]
[    1.166215] pci 0000:00:1c.5: PCI bridge to [bus 05-0c]
[    1.166219] pci 0000:00:1c.5:   bridge window [io  0x9000-0x9fff]
[    1.166226] pci 0000:00:1c.5:   bridge window [mem 0xe3200000-0xe51fffff]
[    1.166231] pci 0000:00:1c.5:   bridge window [mem 0xc0100000-0xc02fffff 64bit pref]
[    1.166239] pci 0000:00:1e.0: PCI bridge to [bus 0d-0d]
[    1.166268] pci 0000:00:01.0: PCI INT A -> GSI 16 (level, low) -> IRQ 16
[    1.166273] pci 0000:00:01.0: setting latency timer to 64
[    1.166281] pci 0000:00:1c.0: PCI INT A -> GSI 16 (level, low) -> IRQ 16
[    1.166289] pci 0000:00:1c.0: setting latency timer to 64
[    1.166301] pci 0000:00:1c.1: PCI INT B -> GSI 17 (level, low) -> IRQ 17
[    1.166309] pci 0000:00:1c.1: setting latency timer to 64
[    1.166320] pci 0000:00:1c.2: PCI INT C -> GSI 18 (level, low) -> IRQ 18
[    1.166328] pci 0000:00:1c.2: setting latency timer to 64
[    1.166336] pci 0000:00:1c.5: PCI INT B -> GSI 17 (level, low) -> IRQ 17
[    1.166344] pci 0000:00:1c.5: setting latency timer to 64
[    1.166353] pci 0000:00:1e.0: setting latency timer to 64
[    1.166358] pci_bus 0000:00: resource 4 [io  0x0000-0x0cf7]
[    1.166361] pci_bus 0000:00: resource 5 [io  0x0d00-0xffff]
[    1.166363] pci_bus 0000:00: resource 6 [mem 0x000a0000-0x000bffff]
[    1.166365] pci_bus 0000:00: resource 7 [mem 0x000d0000-0x000d3fff]
[    1.166367] pci_bus 0000:00: resource 8 [mem 0x000d4000-0x000d7fff]
[    1.166369] pci_bus 0000:00: resource 9 [mem 0x000d8000-0x000dbfff]
[    1.166371] pci_bus 0000:00: resource 10 [mem 0x000dc000-0x000dffff]
[    1.166374] pci_bus 0000:00: resource 11 [mem 0x000e0000-0x000e3fff]
[    1.166376] pci_bus 0000:00: resource 12 [mem 0x000e4000-0x000e7fff]
[    1.166378] pci_bus 0000:00: resource 13 [mem 0xc0000000-0xfeafffff]
[    1.166380] pci_bus 0000:01: resource 0 [io  0xd000-0xdfff]
[    1.166382] pci_bus 0000:01: resource 1 [mem 0xd0000000-0xe30fffff]
[    1.166385] pci_bus 0000:02: resource 0 [io  0xc000-0xcfff]
[    1.166387] pci_bus 0000:02: resource 1 [mem 0xe7a00000-0xe8dfffff]
[    1.166389] pci_bus 0000:02: resource 2 [mem 0xc0700000-0xc08fffff 64bit pref]
[    1.166392] pci_bus 0000:03: resource 0 [io  0xb000-0xbfff]
[    1.166394] pci_bus 0000:03: resource 1 [mem 0xe6600000-0xe79fffff]
[    1.166396] pci_bus 0000:03: resource 2 [mem 0xc0500000-0xc06fffff 64bit pref]
[    1.166399] pci_bus 0000:04: resource 0 [io  0xa000-0xafff]
[    1.166401] pci_bus 0000:04: resource 1 [mem 0xe5200000-0xe65fffff]
[    1.166403] pci_bus 0000:04: resource 2 [mem 0xc0300000-0xc04fffff 64bit pref]
[    1.166405] pci_bus 0000:05: resource 0 [io  0x9000-0x9fff]
[    1.166407] pci_bus 0000:05: resource 1 [mem 0xe3200000-0xe51fffff]
[    1.166410] pci_bus 0000:05: resource 2 [mem 0xc0100000-0xc02fffff 64bit pref]
[    1.166412] pci_bus 0000:0d: resource 4 [io  0x0000-0x0cf7]
[    1.166414] pci_bus 0000:0d: resource 5 [io  0x0d00-0xffff]
[    1.166417] pci_bus 0000:0d: resource 6 [mem 0x000a0000-0x000bffff]
[    1.166419] pci_bus 0000:0d: resource 7 [mem 0x000d0000-0x000d3fff]
[    1.166421] pci_bus 0000:0d: resource 8 [mem 0x000d4000-0x000d7fff]
[    1.166423] pci_bus 0000:0d: resource 9 [mem 0x000d8000-0x000dbfff]
[    1.166425] pci_bus 0000:0d: resource 10 [mem 0x000dc000-0x000dffff]
[    1.166427] pci_bus 0000:0d: resource 11 [mem 0x000e0000-0x000e3fff]
[    1.166430] pci_bus 0000:0d: resource 12 [mem 0x000e4000-0x000e7fff]
[    1.166432] pci_bus 0000:0d: resource 13 [mem 0xc0000000-0xfeafffff]
[    1.166476] NET: Registered protocol family 2
[    1.168274] IP route cache hash table entries: 131072 (order: 8, 1048576 bytes)
[    1.169108] TCP established hash table entries: 524288 (order: 11, 8388608 bytes)
[    1.172030] TCP bind hash table entries: 65536 (order: 8, 1048576 bytes)
[    1.172382] TCP: Hash tables configured (established 524288 bind 65536)
[    1.172384] TCP reno registered
[    1.172395] UDP hash table entries: 2048 (order: 4, 65536 bytes)
[    1.172434] UDP-Lite hash table entries: 2048 (order: 4, 65536 bytes)
[    1.172570] NET: Registered protocol family 1
[    1.172602] pci 0000:00:1a.0: PCI INT A -> GSI 16 (level, low) -> IRQ 16
[    1.289834] pci 0000:00:1a.0: PCI INT A disabled
[    1.289889] pci 0000:00:1d.0: PCI INT A -> GSI 23 (level, low) -> IRQ 23
[    1.505735] pci 0000:00:1d.0: PCI INT A disabled
[    1.505788] pci 0000:01:00.0: Boot video device
[    1.505893] PCI: CLS 64 bytes, default 64
[    1.506453] audit: initializing netlink socket (disabled)
[    1.506463] type=2000 audit(1506201514.344:1): initialized
[    1.532668] HugeTLB registered 2 MB page size, pre-allocated 0 pages
[    1.534725] VFS: Disk quotas dquot_6.5.2
[    1.534782] Dquot-cache hash table entries: 512 (order 0, 4096 bytes)
[    1.535299] fuse init (API version 7.17)
[    1.535399] msgmni has been set to 5979
[    1.535858] Block layer SCSI generic (bsg) driver version 0.4 loaded (major 253)
[    1.535899] io scheduler noop registered
[    1.535901] io scheduler deadline registered
[    1.535934] io scheduler cfq registered (default)
[    1.536039] pcieport 0000:00:01.0: setting latency timer to 64
[    1.536070] pcieport 0000:00:01.0: irq 40 for MSI/MSI-X
[    1.536347] pci_hotplug: PCI Hot Plug PCI Core version: 0.5
[    1.536365] pciehp: PCI Express Hot Plug Controller Driver version: 0.4
[    1.536367] acpiphp: ACPI Hot Plug PCI Controller Driver version: 0.5
[    1.536688] acpiphp: Slot [1] registered
[    1.536861] intel_idle: MWAIT substates: 0x1120
[    1.536863] intel_idle: v0.4 model 0x25
[    1.536865] intel_idle: lapic_timer_reliable_states 0xffffffff
[    1.537744] ACPI: Deprecated procfs I/F for AC is loaded, please retry with CONFIG_ACPI_PROCFS_POWER cleared
[    1.538410] ACPI: AC Adapter [ADP1] (on-line)
[    1.538547] input: Lid Switch as /devices/LNXSYSTM:00/LNXSYBUS:00/PNP0C0D:00/input/input0
[    1.541116] ACPI: Lid Switch [LID0]
[    1.541163] input: Power Button as /devices/LNXSYSTM:00/LNXSYBUS:00/PNP0C0C:00/input/input1
[    1.541168] ACPI: Power Button [PWRB]
[    1.552122] thermal LNXTHERM:00: registered as thermal_zone0
[    1.552128] ACPI: Thermal Zone [TZ00] (43 C)
[    1.554294] thermal LNXTHERM:01: registered as thermal_zone1
[    1.554301] ACPI: Thermal Zone [TZ01] (43 C)
[    1.554342] ACPI: Deprecated procfs I/F for battery is loaded, please retry with CONFIG_ACPI_PROCFS_POWER cleared
[    1.554349] ACPI: Battery Slot [BAT0] (battery present)
[    1.554387] ERST: Table is not found!
[    1.554390] GHES: HEST is not enabled!
[    1.554475] Serial: 8250/16550 driver, 32 ports, IRQ sharing enabled
[    1.588712] ACPI: Battery Slot [BAT0] (battery present)
[    1.734035] Linux agpgart interface v0.103
[    1.735622] brd: module loaded
[    1.736391] loop: module loaded
[    1.736510] ahci 0000:00:1f.2: version 3.0
[    1.736530] ahci 0000:00:1f.2: PCI INT B -> GSI 19 (level, low) -> IRQ 19
[    1.736578] ahci 0000:00:1f.2: irq 41 for MSI/MSI-X
[    1.736652] ahci 0000:00:1f.2: AHCI 0001.0300 32 slots 6 ports 3 Gbps 0x3 impl SATA mode
[    1.736656] ahci 0000:00:1f.2: flags: 64bit ncq sntf pm led clo pio slum part apst 
[    1.736661] ahci 0000:00:1f.2: setting latency timer to 64
[    1.737227] scsi0 : ahci
[    1.737322] scsi1 : ahci
[    1.737404] scsi2 : ahci
[    1.737484] scsi3 : ahci
[    1.737568] scsi4 : ahci
[    1.737663] scsi5 : ahci
[    1.737828] ata1: SATA max UDMA/133 abar m2048@0xe8e06000 port 0xe8e06100 irq 41
[    1.737831] ata2: SATA max UDMA/133 abar m2048@0xe8e06000 port 0xe8e06180 irq 41
[    1.737833] ata3: DUMMY
[    1.737835] ata4: DUMMY
[    1.737836] ata5: DUMMY
[    1.737837] ata6: DUMMY
[    1.738239] Fixed MDIO Bus: probed
[    1.738258] tun: Universal TUN/TAP device driver, 1.6
[    1.738259] tun: (C) 1999-2004 Max Krasnyansky <maxk@qualcomm.com>
[    1.738316] PPP generic driver version 2.4.2
[    1.738409] ehci_hcd: USB 2.0 'Enhanced' Host Controller (EHCI) Driver
[    1.738426] ehci_hcd 0000:00:1a.0: PCI INT A -> GSI 16 (level, low) -> IRQ 16
[    1.738445] ehci_hcd 0000:00:1a.0: setting latency timer to 64
[    1.738449] ehci_hcd 0000:00:1a.0: EHCI Host Controller
[    1.738501] ehci_hcd 0000:00:1a.0: new USB bus registered, assigned bus number 1
[    1.738534] ehci_hcd 0000:00:1a.0: debug port 2
[    1.742434] ehci_hcd 0000:00:1a.0: cache line size of 64 is not supported
[    1.742450] ehci_hcd 0000:00:1a.0: irq 16, io mem 0xe8e08000
[    1.757617] ehci_hcd 0000:00:1a.0: USB 2.0 started, EHCI 1.00
[    1.757787] hub 1-0:1.0: USB hub found
[    1.757791] hub 1-0:1.0: 2 ports detected
[    1.757862] ehci_hcd 0000:00:1d.0: PCI INT A -> GSI 23 (level, low) -> IRQ 23
[    1.757879] ehci_hcd 0000:00:1d.0: setting latency timer to 64
[    1.757883] ehci_hcd 0000:00:1d.0: EHCI Host Controller
[    1.757934] ehci_hcd 0000:00:1d.0: new USB bus registered, assigned bus number 2
[    1.757961] ehci_hcd 0000:00:1d.0: debug port 2
[    1.761864] ehci_hcd 0000:00:1d.0: cache line size of 64 is not supported
[    1.761880] ehci_hcd 0000:00:1d.0: irq 23, io mem 0xe8e07000
[    1.777609] ehci_hcd 0000:00:1d.0: USB 2.0 started, EHCI 1.00
[    1.777759] hub 2-0:1.0: USB hub found
[    1.777763] hub 2-0:1.0: 2 ports detected
[    1.777822] ohci_hcd: USB 1.1 'Open' Host Controller (OHCI) Driver
[    1.777834] uhci_hcd: USB Universal Host Controller Interface driver
[    1.777880] usbcore: registered new interface driver libusual
[    1.777914] i8042: PNP: PS/2 Controller [PNP0303:PS2K,PNP0f13:PS2M] at 0x60,0x64 irq 1,12
[    1.783420] serio: i8042 KBD port at 0x60,0x64 irq 1
[    1.783427] serio: i8042 AUX port at 0x60,0x64 irq 12
[    1.783550] mousedev: PS/2 mouse device common for all mice
[    1.783715] rtc_cmos 00:06: RTC can wake from S4
[    1.783838] rtc_cmos 00:06: rtc core: registered rtc_cmos as rtc0
[    1.783871] rtc0: alarms up to one year, y3k, 242 bytes nvram, hpet irqs
[    1.783949] device-mapper: uevent: version 1.0.3
[    1.784025] device-mapper: ioctl: 4.22.0-ioctl (2011-10-19) initialised: dm-devel@redhat.com
[    1.784129] cpuidle: using governor ladder
[    1.784280] cpuidle: using governor menu
[    1.784282] EFI Variables Facility v0.08 2004-May-17
[    1.784506] TCP cubic registered
[    1.784605] NET: Registered protocol family 10
[    1.785088] NET: Registered protocol family 17
[    1.785092] Registering the dns_resolver key type
[    1.785230] PM: Hibernation image not present or could not be loaded.
[    1.785241] registered taskstats version 1
[    1.799963]   Magic number: 1:248:349
[    1.800144] rtc_cmos 00:06: setting system clock to 2017-09-23 21:18:35 UTC (1506201515)
[    1.801036] BIOS EDD facility v0.16 2004-Jun-25, 0 devices found
[    1.801038] EDD information not available.
[    1.806340] input: AT Translated Set 2 keyboard as /devices/platform/i8042/serio0/input/input2
[    2.057580] ata2: SATA link up 1.5 Gbps (SStatus 113 SControl 300)
[    2.057623] ata1: SATA link up 1.5 Gbps (SStatus 113 SControl 300)
[    2.058419] ata1.00: ACPI cmd f5/00:00:00:00:00:00 (SECURITY FREEZE LOCK) filtered out
[    2.061742] ata2.00: ATAPI: HL-DT-ST DVDRAM GT20N, CL08, max UDMA/133
[    2.066593] ata2.00: configured for UDMA/133
[    2.069548] usb 1-1: new high-speed USB device number 2 using ehci_hcd
[    2.114166] ata1.00: ATA-8: TOSHIBA MK3263GSX, FG020A, max UDMA/100
[    2.114172] ata1.00: 625142448 sectors, multi 16: LBA48 NCQ (depth 31/32), AA
[    2.115098] ata1.00: ACPI cmd f5/00:00:00:00:00:00 (SECURITY FREEZE LOCK) filtered out
[    2.115391] ata1.00: configured for UDMA/100
[    2.115730] scsi 0:0:0:0: Direct-Access     ATA      TOSHIBA MK3263GS FG02 PQ: 0 ANSI: 5
[    2.115970] sd 0:0:0:0: Attached scsi generic sg0 type 0
[    2.116025] sd 0:0:0:0: [sda] 625142448 512-byte logical blocks: (320 GB/298 GiB)
[    2.116226] sd 0:0:0:0: [sda] Write Protect is off
[    2.116231] sd 0:0:0:0: [sda] Mode Sense: 00 3a 00 00
[    2.116369] sd 0:0:0:0: [sda] Write cache: enabled, read cache: enabled, doesn't support DPO or FUA
[    2.119237] scsi 1:0:0:0: CD-ROM            HL-DT-ST DVDRAM GT20N     CL08 PQ: 0 ANSI: 5
[    2.124294] sr0: scsi3-mmc drive: 24x/24x writer dvd-ram cd/rw xa/form2 cdda tray
[    2.124301] cdrom: Uniform CD-ROM driver Revision: 3.20
[    2.124597] sr 1:0:0:0: Attached scsi CD-ROM sr0
[    2.124744] sr 1:0:0:0: Attached scsi generic sg1 type 5
[    2.202417] hub 1-1:1.0: USB hub found
[    2.202632] hub 1-1:1.0: 6 ports detected
[    2.216020]  sda: sda1 sda2 sda3 sda4 < sda5 sda6 sda7 >
[    2.217679] sd 0:0:0:0: [sda] Attached SCSI disk
[    2.219499] Freeing unused kernel memory: 936k freed
[    2.219662] Write protecting the kernel read-only data: 12288k
[    2.224743] Freeing unused kernel memory: 1532k freed
[    2.228841] Freeing unused kernel memory: 1168k freed
[    2.250228] udevd[107]: starting version 175
[    2.313406] usb 2-1: new high-speed USB device number 2 using ehci_hcd
[    2.323177] sky2: driver version 1.30
[    2.323266] sky2 0000:04:00.0: PCI INT A -> GSI 18 (level, low) -> IRQ 18
[    2.323321] sky2 0000:04:00.0: setting latency timer to 64
[    2.323413] sky2 0000:04:00.0: Yukon-2 UL 2 chip revision 0
[    2.323824] sky2 0000:04:00.0: irq 42 for MSI/MSI-X
[    2.329594] sky2 0000:04:00.0: eth0: addr 00:24:be:b5:c4:e7
[    2.332173] sdhci: Secure Digital Host Controller Interface driver
[    2.332177] sdhci: Copyright(c) Pierre Ossman
[    2.332528] sdhci-pci 0000:03:00.0: SDHCI controller found [1180:e822] (rev 0)
[    2.332583] sdhci-pci 0000:03:00.0: PCI INT A -> GSI 17 (level, low) -> IRQ 17
[    2.332650] sdhci-pci 0000:03:00.0: Will use DMA mode even though HW doesn't fully claim to support it.
[    2.332659] sdhci-pci 0000:03:00.0: setting latency timer to 64
[    2.332688] mmc0: no vmmc regulator found
[    2.332753] Registered led device: mmc0::
[    2.333823] mmc0: SDHCI controller on PCI [0000:03:00.0] using DMA
[    2.333872] sdhci-pci 0000:03:00.4: SDHCI controller found [1180:e822] (rev 0)
[    2.333921] sdhci-pci 0000:03:00.4: PCI INT C -> GSI 19 (level, low) -> IRQ 19
[    2.334010] sdhci-pci 0000:03:00.4: Will use DMA mode even though HW doesn't fully claim to support it.
[    2.334019] sdhci-pci 0000:03:00.4: setting latency timer to 64
[    2.334047] mmc1: no vmmc regulator found
[    2.334115] Registered led device: mmc1::
[    2.335201] mmc1: SDHCI controller on PCI [0000:03:00.4] using DMA
[    2.337781] firewire_ohci 0000:03:00.3: PCI INT D -> GSI 16 (level, low) -> IRQ 16
[    2.337828] firewire_ohci 0000:03:00.3: setting latency timer to 64
[    2.401493] firewire_ohci: Added fw-ohci device 0000:03:00.3, OHCI v1.0, 4 IR + 4 IT contexts, quirks 0x11
[    2.446531] hub 2-1:1.0: USB hub found
[    2.446587] hub 2-1:1.0: 8 ports detected
[    2.505366] Refined TSC clocksource calibration: 2127.999 MHz.
[    2.505376] Switching to clocksource tsc
[    2.517346] usb 1-1.2: new high-speed USB device number 3 using ehci_hcd
[    2.685296] usb 1-1.6: new full-speed USB device number 4 using ehci_hcd
[    2.857228] usb 2-1.1: new full-speed USB device number 3 using ehci_hcd
[    2.901256] firewire_core: created device fw0: GUID 08004603032b9c92, S400
[    2.968503] input: Microsoft Microsoft\xffffffc2\xffffffae\xffffffae Nano Transceiver v1.0 as /devices/pci0000:00/0000:00:1d.0/usb2/2-1/2-1.1/2-1.1:1.0/input/input3
[    2.968775] generic-usb 0003:045E:07B2.0001: input,hidraw0: USB HID v1.11 Keyboard [Microsoft Microsoft\xffffffc2\xffffffae\xffffffae Nano Transceiver v1.0] on usb-0000:00:1d.0-1.1/input0
[    2.973361] input: Microsoft Microsoft\xffffffc2\xffffffae\xffffffae Nano Transceiver v1.0 as /devices/pci0000:00/0000:00:1d.0/usb2/2-1/2-1.1/2-1.1:1.1/input/input4
[    2.973601] generic-usb 0003:045E:07B2.0002: input,hidraw1: USB HID v1.11 Mouse [Microsoft Microsoft\xffffffc2\xffffffae\xffffffae Nano Transceiver v1.0] on usb-0000:00:1d.0-1.1/input1
[    2.989257] input: Microsoft Microsoft\xffffffc2\xffffffae\xffffffae Nano Transceiver v1.0 as /devices/pci0000:00/0000:00:1d.0/usb2/2-1/2-1.1/2-1.1:1.2/input/input5
[    2.989555] generic-usb 0003:045E:07B2.0003: input,hiddev0,hidraw2: USB HID v1.11 Device [Microsoft Microsoft\xffffffc2\xffffffae\xffffffae Nano Transceiver v1.0] on usb-0000:00:1d.0-1.1/input2
[    2.989570] usbcore: registered new interface driver usbhid
[    2.989572] usbhid: USB HID core driver
[    3.033068] usb 2-1.2: new high-speed USB device number 4 using ehci_hcd
[    3.127616] hub 2-1.2:1.0: USB hub found
[    3.127936] hub 2-1.2:1.0: 4 ports detected
[    3.236647] EXT4-fs (sda6): mounted filesystem with ordered data mode. Opts: (null)
[   29.276740] Adding 3126268k swap on /dev/sda5.  Priority:-1 extents:1 across:3126268k 
[   29.376304] Adding 3125244k swap on /dev/sda7.  Priority:-2 extents:1 across:3125244k 
[   29.481950] EXT4-fs (sda6): re-mounted. Opts: errors=remount-ro
[   30.416085] udevd[639]: starting version 175
[   30.434393] lp: driver loaded but no devices found
[   30.440007] Bluetooth: Core ver 2.16
[   30.440027] NET: Registered protocol family 31
[   30.440029] Bluetooth: HCI device and connection manager initialized
[   30.440032] Bluetooth: HCI socket layer initialized
[   30.440034] Bluetooth: L2CAP socket layer initialized
[   30.440039] Bluetooth: SCO socket layer initialized
[   30.442845] Bluetooth: BNEP (Ethernet Emulation) ver 1.3
[   30.442849] Bluetooth: BNEP filters: protocol multicast
[   30.446921] ppdev: user-space parallel port driver
[   30.446925] Bluetooth: RFCOMM TTY layer initialized
[   30.446930] Bluetooth: RFCOMM socket layer initialized
[   30.446933] Bluetooth: RFCOMM ver 1.11
[   31.635596] shpchp: Standard Hot Plug PCI Controller Driver version: 0.4
[   31.650567] type=1400 audit(1506226745.360:2): apparmor="STATUS" operation="profile_load" name="/usr/lib/cups/backend/cups-pdf" pid=688 comm="apparmor_parser"
[   31.650976] type=1400 audit(1506226745.360:3): apparmor="STATUS" operation="profile_load" name="/usr/sbin/cupsd" pid=688 comm="apparmor_parser"
[   32.209646] type=1400 audit(1506226745.920:4): apparmor="STATUS" operation="profile_load" name="/sbin/dhclient" pid=1637 comm="apparmor_parser"
[   32.209735] type=1400 audit(1506226745.920:5): apparmor="STATUS" operation="profile_load" name="/usr/lib/NetworkManager/nm-dhcp-client.action" pid=1637 comm="apparmor_parser"
[   32.209819] type=1400 audit(1506226745.920:6): apparmor="STATUS" operation="profile_load" name="/usr/lib/connman/scripts/dhclient-script" pid=1637 comm="apparmor_parser"
[   32.290111] init: failsafe main process (2063) killed by TERM signal
[   32.390430] cfg80211: Calling CRDA to update world regulatory domain
[   32.452062] sky2 0000:04:00.0: eth0: enabling interface
[   32.453272] ADDRCONF(NETDEV_UP): eth0: link is not ready
[   32.493608] Bluetooth: Generic Bluetooth USB driver ver 0.6
[   32.501640] snd_hda_intel 0000:00:1b.0: PCI INT A -> GSI 22 (level, low) -> IRQ 22
[   32.501725] snd_hda_intel 0000:00:1b.0: irq 43 for MSI/MSI-X
[   32.501766] snd_hda_intel 0000:00:1b.0: setting latency timer to 64
[   32.512844] nvidia: module license 'NVIDIA' taints kernel.
[   32.512849] Disabling lock debugging due to kernel taint
[   32.534545] hda-intel: no codecs found!
[   32.534715] snd_hda_intel 0000:00:1b.0: PCI INT A disabled
[   32.534778] snd_hda_intel 0000:01:00.1: PCI INT A -> GSI 16 (level, low) -> IRQ 16
[   32.534861] snd_hda_intel 0000:01:00.1: irq 43 for MSI/MSI-X
[   32.534898] snd_hda_intel 0000:01:00.1: setting latency timer to 64
[   32.617706] usbcore: registered new interface driver btusb
[   32.643920] ath9k 0000:02:00.0: PCI INT A -> GSI 16 (level, low) -> IRQ 16
[   32.643940] ath9k 0000:02:00.0: setting latency timer to 64
[   32.707208] ath: EEPROM regdomain: 0x65
[   32.707212] ath: EEPROM indicates we should expect a direct regpair map
[   32.707217] ath: Country alpha2 being used: 00
[   32.707219] ath: Regpair used: 0x65
[   32.707224] cfg80211: Updating information on frequency 2412 MHz for a 20 MHz width channel with regulatory rule:
[   32.707228] cfg80211: 2402000 KHz - 2472000 KHz @ 40000 KHz), (N/A mBi, 2000 mBm)
[   32.707232] cfg80211: Updating information on frequency 2417 MHz for a 20 MHz width channel with regulatory rule:
[   32.707236] cfg80211: 2402000 KHz - 2472000 KHz @ 40000 KHz), (N/A mBi, 2000 mBm)
[   32.707239] cfg80211: Updating information on frequency 2422 MHz for a 20 MHz width channel with regulatory rule:
[   32.707243] cfg80211: 2402000 KHz - 2472000 KHz @ 40000 KHz), (N/A mBi, 2000 mBm)
[   32.707246] cfg80211: Updating information on frequency 2427 MHz for a 20 MHz width channel with regulatory rule:
[   32.707250] cfg80211: 2402000 KHz - 2472000 KHz @ 40000 KHz), (N/A mBi, 2000 mBm)
[   32.707253] cfg80211: Updating information on frequency 2432 MHz for a 20 MHz width channel with regulatory rule:
[   32.707257] cfg80211: 2402000 KHz - 2472000 KHz @ 40000 KHz), (N/A mBi, 2000 mBm)
[   32.707260] cfg80211: Updating information on frequency 2437 MHz for a 20 MHz width channel with regulatory rule:
[   32.707264] cfg80211: 2402000 KHz - 2472000 KHz @ 40000 KHz), (N/A mBi, 2000 mBm)
[   32.707267] cfg80211: Updating information on frequency 2442 MHz for a 20 MHz width channel with regulatory rule:
[   32.707271] cfg80211: 2402000 KHz - 2472000 KHz @ 40000 KHz), (N/A mBi, 2000 mBm)
[   32.707274] cfg80211: Updating information on frequency 2447 MHz for a 20 MHz width channel with regulatory rule:
[   32.707279] cfg80211: 2402000 KHz - 2472000 KHz @ 40000 KHz), (N/A mBi, 2000 mBm)
[   32.707282] cfg80211: Updating information on frequency 2452 MHz for a 20 MHz width channel with regulatory rule:
[   32.707286] cfg80211: 2402000 KHz - 2472000 KHz @ 40000 KHz), (N/A mBi, 2000 mBm)
[   32.707289] cfg80211: Updating information on frequency 2457 MHz for a 20 MHz width channel with regulatory rule:
[   32.707293] cfg80211: 2402000 KHz - 2472000 KHz @ 40000 KHz), (N/A mBi, 2000 mBm)
[   32.707296] cfg80211: Updating information on frequency 2462 MHz for a 20 MHz width channel with regulatory rule:
[   32.707300] cfg80211: 2402000 KHz - 2472000 KHz @ 40000 KHz), (N/A mBi, 2000 mBm)
[   32.707303] cfg80211: Updating information on frequency 2467 MHz for a 20 MHz width channel with regulatory rule:
[   32.707307] cfg80211: 2457000 KHz - 2482000 KHz @ 40000 KHz), (N/A mBi, 2000 mBm)
[   32.707310] cfg80211: Updating information on frequency 2472 MHz for a 20 MHz width channel with regulatory rule:
[   32.707313] cfg80211: 2457000 KHz - 2482000 KHz @ 40000 KHz), (N/A mBi, 2000 mBm)
[   32.707316] cfg80211: Disabling freq 2484 MHz as custom regd has no rule that fits a 20 MHz wide channel
[   32.834813] Linux video capture interface: v2.00
[   32.835525] uvcvideo: Found UVC 1.00 device <unnamed> (05ca:18b5)
[   32.842044] cfg80211: Ignoring regulatory request Set by core since the driver uses its own custom regulatory domain
[   32.876494] ieee80211 phy0: Selected rate control algorithm 'minstrel_ht'
[   32.877740] Registered led device: ath9k-phy0
[   32.877753] ieee80211 phy0: Atheros AR9285 Rev:2 mem=0xffffc90005220000, irq=16
[   32.881176] input: UVC Camera (05ca:18b5) as /devices/pci0000:00/0000:00:1a.0/usb1/1-1/1-1.2/1-1.2:1.0/input/input6
[   32.881303] usbcore: registered new interface driver uvcvideo
[   32.881306] USB Video Class driver (1.1.1)
[   33.013608] type=1400 audit(1506226746.724:7): apparmor="STATUS" operation="profile_load" name="/usr/share/gdm/guest-session/Xsession" pid=2262 comm="apparmor_parser"
[   33.074494] cfg80211: Ignoring regulatory request Set by core since the driver uses its own custom regulatory domain
[   33.074500] cfg80211: World regulatory domain updated:
[   33.074503] cfg80211:     (start_freq - end_freq @ bandwidth), (max_antenna_gain, max_eirp)
[   33.074507] cfg80211:     (2402000 KHz - 2472000 KHz @ 40000 KHz), (300 mBi, 2000 mBm)
[   33.074510] cfg80211:     (2457000 KHz - 2482000 KHz @ 20000 KHz), (300 mBi, 2000 mBm)
[   33.074514] cfg80211:     (2474000 KHz - 2494000 KHz @ 20000 KHz), (300 mBi, 2000 mBm)
[   33.074517] cfg80211:     (5170000 KHz - 5250000 KHz @ 40000 KHz), (300 mBi, 2000 mBm)
[   33.074521] cfg80211:     (5735000 KHz - 5835000 KHz @ 40000 KHz), (300 mBi, 2000 mBm)
[   33.160141] [Firmware Bug]: ACPI(NGFX) defines _DOD but not _DOS
[   33.179389] psmouse serio1: synaptics: Touchpad model: 1, fw: 7.2, id: 0x1c0b1, caps: 0xd04733/0xa40000/0xa0000
[   33.228121] input: SynPS/2 Synaptics TouchPad as /devices/platform/i8042/serio1/input/input7
[   33.276439] input: Video Bus as /devices/LNXSYSTM:00/LNXSYBUS:00/PNP0A08:00/device:4b/LNXVIDEO:01/input/input8
[   33.278808] ACPI: Video Device [NGFX] (multi-head: yes  rom: no  post: no)
[   33.341592] wmi: Mapper loaded
[   33.732391] sony_laptop: Sony Notebook Control Driver v0.6
[   33.777241] ADDRCONF(NETDEV_UP): wlan0: link is not ready
[   33.903609] input: Sony Vaio Keys as /devices/LNXSYSTM:00/LNXSYBUS:00/PNP0A08:00/device:01/SNY5001:00/input/input9
[   33.906793] input: Sony Vaio Jogdial as /devices/virtual/input/input10
[   33.965327] type=1400 audit(1506226747.676:8): apparmor="STATUS" operation="profile_replace" name="/sbin/dhclient" pid=2264 comm="apparmor_parser"
[   33.965516] type=1400 audit(1506226747.676:9): apparmor="STATUS" operation="profile_replace" name="/usr/lib/NetworkManager/nm-dhcp-client.action" pid=2264 comm="apparmor_parser"
[   33.965635] type=1400 audit(1506226747.676:10): apparmor="STATUS" operation="profile_replace" name="/usr/lib/connman/scripts/dhclient-script" pid=2264 comm="apparmor_parser"
[   33.982973] type=1400 audit(1506226747.692:11): apparmor="STATUS" operation="profile_load" name="/usr/lib/lightdm/lightdm/lightdm-guest-session-wrapper" pid=2263 comm="apparmor_parser"
[   35.599331] hda-intel: azx_get_response timeout, switching to polling mode: last cmd=0x300f0000
[   36.370976] HDMI status: Codec=0 Pin=5 Presence_Detect=0 ELD_Valid=0
[   36.395018] HDMI status: Codec=1 Pin=5 Presence_Detect=0 ELD_Valid=0
[   36.419012] HDMI status: Codec=2 Pin=5 Presence_Detect=0 ELD_Valid=0
[   36.442970] HDMI status: Codec=3 Pin=5 Presence_Detect=0 ELD_Valid=0
[   36.443106] input: HDA NVidia HDMI/DP,pcm=9 as /devices/pci0000:00/0000:00:01.0/0000:01:00.1/sound/card0/input11
[   36.443337] input: HDA NVidia HDMI/DP,pcm=8 as /devices/pci0000:00/0000:00:01.0/0000:01:00.1/sound/card0/input12
[   36.443505] input: HDA NVidia HDMI/DP,pcm=7 as /devices/pci0000:00/0000:00:01.0/0000:01:00.1/sound/card0/input13
[   36.443745] input: HDA NVidia HDMI/DP,pcm=3 as /devices/pci0000:00/0000:00:01.0/0000:01:00.1/sound/card0/input14
[   36.446289] nvidia 0000:01:00.0: PCI INT A -> GSI 16 (level, low) -> IRQ 16
[   36.446308] nvidia 0000:01:00.0: setting latency timer to 64
[   36.446315] vgaarb: device changed decodes: PCI:0000:01:00.0,olddecodes=io+mem,decodes=none:owns=io+mem
[   36.446478] NVRM: loading NVIDIA UNIX x86_64 Kernel Module  304.134  Fri Dec  9 11:30:02 PST 2016
[   36.453869] wlan0: authenticate with 80:29:94:fd:b6:4a (try 1)
[   36.458799] wlan0: authenticated
[   36.478735] wlan0: associate with 80:29:94:fd:b6:4a (try 1)
[   36.487356] wlan0: RX AssocResp from 80:29:94:fd:b6:4a (capab=0x1411 status=0 aid=3)
[   36.487363] wlan0: associated
[   36.495521] ADDRCONF(NETDEV_CHANGE): wlan0: link becomes ready
[   40.299971] init: nova-volume main process (3441) terminated with status 1
[   42.202790] audit_printk_skb: 18 callbacks suppressed
[   42.202793] type=1400 audit(1506226755.916:18): apparmor="STATUS" operation="profile_load" name="/usr/bin/evince" pid=2265 comm="apparmor_parser"
[   42.203615] type=1400 audit(1506226755.916:19): apparmor="STATUS" operation="profile_load" name="/usr/bin/evince//launchpad_integration" pid=2265 comm="apparmor_parser"
[   42.203910] type=1400 audit(1506226755.916:20): apparmor="STATUS" operation="profile_load" name="/usr/bin/evince//sanitized_helper" pid=2265 comm="apparmor_parser"
[   42.204901] type=1400 audit(1506226755.920:21): apparmor="STATUS" operation="profile_load" name="/usr/bin/evince-previewer" pid=2265 comm="apparmor_parser"
[   42.205475] type=1400 audit(1506226755.920:22): apparmor="STATUS" operation="profile_load" name="/usr/bin/evince-previewer//launchpad_integration" pid=2265 comm="apparmor_parser"
[   42.205761] type=1400 audit(1506226755.920:23): apparmor="STATUS" operation="profile_load" name="/usr/bin/evince-previewer//sanitized_helper" pid=2265 comm="apparmor_parser"
[   42.206360] type=1400 audit(1506226755.920:24): apparmor="STATUS" operation="profile_load" name="/usr/bin/evince-thumbnailer" pid=2265 comm="apparmor_parser"
[   42.206748] type=1400 audit(1506226755.920:25): apparmor="STATUS" operation="profile_load" name="/usr/bin/evince-thumbnailer//sanitized_helper" pid=2265 comm="apparmor_parser"
[   42.308075] init: alsa-restore main process (3588) terminated with status 99
[   42.313933] tgtd (3629): /proc/3629/oom_adj is deprecated, please use /proc/3629/oom_score_adj instead.
[   42.343030] init: gdm main process (3636) killed by TERM signal
[   46.374032] init: plymouth-stop pre-start process (4232) terminated with status 1
[  246.213384] usb 2-1.2: reset high-speed USB device number 4 using ehci_hcd
[  601.648996] usb 2-1.2: reset high-speed USB device number 4 using ehci_hcd
[  601.849345] hub 2-1.2:1.0: hub_port_status failed (err = -71)
[  601.853400] hub 2-1.2:1.0: hub_port_status failed (err = -71)
[  601.857517] hub 2-1.2:1.0: hub_port_status failed (err = -71)
[  601.861644] hub 2-1.2:1.0: hub_port_status failed (err = -71)
[  601.862012] usb 2-1.2: USB disconnect, device number 4
[  602.065049] usb 2-1.2: new high-speed USB device number 5 using ehci_hcd
[  602.159584] hub 2-1.2:1.0: USB hub found
[  602.159853] hub 2-1.2:1.0: 4 ports detected
[  602.858358] usb 2-1.2: USB disconnect, device number 5
[  603.057141] usb 2-1.2: new high-speed USB device number 6 using ehci_hcd
[  603.151640] hub 2-1.2:1.0: USB hub found
[  603.151959] hub 2-1.2:1.0: 4 ports detected
[  603.626045] usb 2-1.2: USB disconnect, device number 6
[  603.825167] usb 2-1.2: new high-speed USB device number 7 using ehci_hcd
[  603.919714] hub 2-1.2:1.0: USB hub found
[  603.919985] hub 2-1.2:1.0: 4 ports detected
[  604.905495] usb 2-1.2: USB disconnect, device number 7
[  605.105301] usb 2-1.2: new high-speed USB device number 8 using ehci_hcd
[  605.199800] hub 2-1.2:1.0: USB hub found
[  605.200082] hub 2-1.2:1.0: 4 ports detected
[  605.673048] usb 2-1.2: USB disconnect, device number 8
[  605.873335] usb 2-1.2: new high-speed USB device number 9 using ehci_hcd
[  605.967820] hub 2-1.2:1.0: USB hub found
[  605.968144] hub 2-1.2:1.0: 4 ports detected
[  614.442020] usb 2-1.2: reset high-speed USB device number 9 using ehci_hcd
[  615.141189] usb 2-1.2: USB disconnect, device number 9
[  615.338086] usb 2-1.2: new high-speed USB device number 10 using ehci_hcd
[  615.432591] hub 2-1.2:1.0: USB hub found
[  615.432870] hub 2-1.2:1.0: 4 ports detected
[  634.403599] usb 2-1.2: reset high-speed USB device number 10 using ehci_hcd
[  654.617160] usb 2-1.2: reset high-speed USB device number 10 using ehci_hcd
[  659.993560] usb 2-1.2: reset high-speed USB device number 10 using ehci_hcd
[  660.193906] hub 2-1.2:1.0: hub_port_status failed (err = -71)
[  660.198027] hub 2-1.2:1.0: hub_port_status failed (err = -71)
[  660.202143] hub 2-1.2:1.0: hub_port_status failed (err = -71)
[  660.206253] hub 2-1.2:1.0: hub_port_status failed (err = -71)
[  660.433936] usb 2-1.2: USB disconnect, device number 10
[  660.637572] usb 2-1.2: new high-speed USB device number 11 using ehci_hcd
[  660.732091] hub 2-1.2:1.0: USB hub found
[  660.732405] hub 2-1.2:1.0: 4 ports detected
[  661.201609] usb 2-1.2: USB disconnect, device number 11
[  661.401647] usb 2-1.2: new high-speed USB device number 12 using ehci_hcd
[  661.429992] hub 2-1:1.0: unable to enumerate USB device on port 2
[  661.657681] usb 2-1.2: new high-speed USB device number 13 using ehci_hcd
[  661.686042] hub 2-1:1.0: unable to enumerate USB device on port 2
[  661.941689] usb 2-1.2: new high-speed USB device number 14 using ehci_hcd
[  662.036346] hub 2-1.2:1.0: USB hub found
[  662.036725] hub 2-1.2:1.0: 4 ports detected
[  662.141704] hub 2-1.2:1.0: hub_port_status failed (err = -71)
[  662.145788] hub 2-1.2:1.0: hub_port_status failed (err = -71)
[  662.149941] hub 2-1.2:1.0: hub_port_status failed (err = -71)
[  662.154086] hub 2-1.2:1.0: hub_port_status failed (err = -71)
[  662.225191] usb 2-1.2: USB disconnect, device number 14
[  662.425713] usb 2-1.2: new high-speed USB device number 15 using ehci_hcd
[  662.913794] usb 2-1.2: device not accepting address 15, error -71
[  662.930255] hub 2-1:1.0: unable to enumerate USB device on port 2
[  663.129809] usb 2-1.2: new high-speed USB device number 17 using ehci_hcd
[  663.224314] hub 2-1.2:1.0: USB hub found
[  663.224704] hub 2-1.2:1.0: 4 ports detected
[  663.504925] usb 2-1.2: USB disconnect, device number 17
[  663.701836] usb 2-1.2: new high-speed USB device number 18 using ehci_hcd
[  663.730199] hub 2-1:1.0: unable to enumerate USB device on port 2
[  663.957813] usb 2-1.2: new high-speed USB device number 19 using ehci_hcd
[  664.052339] hub 2-1.2:1.0: USB hub found
[  664.052606] hub 2-1.2:1.0: 4 ports detected
[  666.063934] usb 2-1.2: USB disconnect, device number 19
[  666.262056] usb 2-1.2: new high-speed USB device number 20 using ehci_hcd
[  666.356593] hub 2-1.2:1.0: USB hub found
[  666.356882] hub 2-1.2:1.0: 4 ports detected
[  747.763385] usb 2-1.2: reset high-speed USB device number 20 using ehci_hcd
[  847.049399] usb 2-1.2: reset high-speed USB device number 20 using ehci_hcd
[  974.739377] usb 2-1.2: reset high-speed USB device number 20 using ehci_hcd
[  974.768123] usb 2-1.2: USB disconnect, device number 20
[  974.911808] hub 2-1:1.0: unable to enumerate USB device on port 2
[  975.123178] usb 2-1.2: new high-speed USB device number 22 using ehci_hcd
[  975.217531] hub 2-1.2:1.0: USB hub found
[  975.217911] hub 2-1.2:1.0: 4 ports detected
[  975.436979] usb 2-1.2: USB disconnect, device number 22
[  975.635050] usb 2-1.2: new high-speed USB device number 23 using ehci_hcd
[  975.729520] hub 2-1.2:1.0: USB hub found
[  975.729811] hub 2-1.2:1.0: 4 ports detected
[ 1143.116298] usb 2-1.2: reset high-speed USB device number 23 using ehci_hcd
[ 1143.604031] usb 2-1.2: device not accepting address 23, error -71
[ 1143.620750] usb 2-1.2: USB disconnect, device number 23
[ 1143.820012] usb 2-1.2: new high-speed USB device number 24 using ehci_hcd
[ 1143.914319] hub 2-1.2:1.0: USB hub found
[ 1143.914702] hub 2-1.2:1.0: 4 ports detected
[ 1145.604985] usb 2-1.2: USB disconnect, device number 24
[ 1145.803069] usb 2-1.2: new high-speed USB device number 25 using ehci_hcd
[ 1145.897296] hub 2-1.2:1.0: USB hub found
[ 1145.897607] hub 2-1.2:1.0: 4 ports detected
[ 1188.153275] usb 2-1.2: reset high-speed USB device number 25 using ehci_hcd
[ 1188.181821] usb 2-1.2: USB disconnect, device number 25
[ 1188.381158] usb 2-1.2: new high-speed USB device number 26 using ehci_hcd
[ 1188.475661] hub 2-1.2:1.0: USB hub found
[ 1188.476041] hub 2-1.2:1.0: 4 ports detected
[ 1313.726335] usb 2-1.2: USB disconnect, device number 26
[ 1316.483032] usb 2-1.2: new low-speed USB device number 27 using ehci_hcd
[ 1316.697405] input: Microsoft Natural\xffffffc2\xffffffae\xffffffae Ergonomic Keyboard 4000 as /devices/pci0000:00/0000:00:1d.0/usb2/2-1/2-1.2/2-1.2:1.0/input/input15
[ 1316.697586] microsoft 0003:045E:00DB.0004: input,hidraw3: USB HID v1.11 Keyboard [Microsoft Natural\xffffffc2\xffffffae\xffffffae Ergonomic Keyboard 4000] on usb-0000:00:1d.0-1.2/input0
[ 1316.708945] input: Microsoft Natural\xffffffc2\xffffffae\xffffffae Ergonomic Keyboard 4000 as /devices/pci0000:00/0000:00:1d.0/usb2/2-1/2-1.2/2-1.2:1.1/input/input16
[ 1316.709161] microsoft 0003:045E:00DB.0005: input,hidraw4: USB HID v1.11 Device [Microsoft Natural\xffffffc2\xffffffae\xffffffae Ergonomic Keyboard 4000] on usb-0000:00:1d.0-1.2/input1
[ 1328.823830] usb 2-1.2: USB disconnect, device number 27
[ 1332.860108] usb 2-1.2: new low-speed USB device number 28 using ehci_hcd
[ 1332.981727] input: Microsoft Natural\xffffffc2\xffffffae\xffffffae Ergonomic Keyboard 4000 as /devices/pci0000:00/0000:00:1d.0/usb2/2-1/2-1.2/2-1.2:1.0/input/input17
[ 1332.981928] microsoft 0003:045E:00DB.0006: input,hidraw3: USB HID v1.11 Keyboard [Microsoft Natural\xffffffc2\xffffffae\xffffffae Ergonomic Keyboard 4000] on usb-0000:00:1d.0-1.2/input0
[ 1332.993277] input: Microsoft Natural\xffffffc2\xffffffae\xffffffae Ergonomic Keyboard 4000 as /devices/pci0000:00/0000:00:1d.0/usb2/2-1/2-1.2/2-1.2:1.1/input/input18
[ 1332.993521] microsoft 0003:045E:00DB.0007: input,hidraw4: USB HID v1.11 Device [Microsoft Natural\xffffffc2\xffffffae\xffffffae Ergonomic Keyboard 4000] on usb-0000:00:1d.0-1.2/input1
[ 1335.221012] usb 2-1.2: USB disconnect, device number 28
[ 1343.607569] usb 2-1.2: new high-speed USB device number 29 using ehci_hcd
[ 1343.701992] hub 2-1.2:1.0: USB hub found
[ 1343.702270] hub 2-1.2:1.0: 4 ports detected
[ 2150.562585] usb 2-1.2: reset high-speed USB device number 29 using ehci_hcd
[ 2151.004922] usb 2-1.2: USB disconnect, device number 29
[ 2151.202312] usb 2-1.2: new high-speed USB device number 30 using ehci_hcd
[ 2151.296739] hub 2-1.2:1.0: USB hub found
[ 2151.297033] hub 2-1.2:1.0: 4 ports detected
[ 2608.539878] usb 2-1.2: USB disconnect, device number 30
[ 2632.279023] usb 2-1.2: new low-speed USB device number 31 using ehci_hcd
[ 2632.401325] input: Microsoft Natural\xffffffc2\xffffffae\xffffffae Ergonomic Keyboard 4000 as /devices/pci0000:00/0000:00:1d.0/usb2/2-1/2-1.2/2-1.2:1.0/input/input19
[ 2632.401533] microsoft 0003:045E:00DB.0008: input,hidraw3: USB HID v1.11 Keyboard [Microsoft Natural\xffffffc2\xffffffae\xffffffae Ergonomic Keyboard 4000] on usb-0000:00:1d.0-1.2/input0
[ 2632.412715] input: Microsoft Natural\xffffffc2\xffffffae\xffffffae Ergonomic Keyboard 4000 as /devices/pci0000:00/0000:00:1d.0/usb2/2-1/2-1.2/2-1.2:1.1/input/input20
[ 2632.412950] microsoft 0003:045E:00DB.0009: input,hidraw4: USB HID v1.11 Device [Microsoft Natural\xffffffc2\xffffffae\xffffffae Ergonomic Keyboard 4000] on usb-0000:00:1d.0-1.2/input1
[ 2632.436464] [atclib-5] : atclib init called. !
[ 2632.436496] [atclib-5] :USB keyboard plugged in !
[ 2632.436505] [atclib-5] :USB keyboard plugged in !
[ 2632.437048] usbcore: registered new interface driver atclib-usb
[ 2704.199664] [atclib-5] : Dieing usb atclib !
[ 2704.199670] usbcore: deregistering interface driver atclib-usb
[ 2704.199689] [atclib-5] USB keyboard disconnected.
[ 2704.199701] [atclib-5] USB keyboard disconnected.
[ 2715.758597] usb 2-1.2: USB disconnect, device number 31
[ 2732.332787] usb 2-1.2: new low-speed USB device number 32 using ehci_hcd
[ 2732.454722] input: Microsoft Natural\xffffffc2\xffffffae\xffffffae Ergonomic Keyboard 4000 as /devices/pci0000:00/0000:00:1d.0/usb2/2-1/2-1.2/2-1.2:1.0/input/input21
[ 2732.455005] microsoft 0003:045E:00DB.000A: input,hidraw3: USB HID v1.11 Keyboard [Microsoft Natural\xffffffc2\xffffffae\xffffffae Ergonomic Keyboard 4000] on usb-0000:00:1d.0-1.2/input0
[ 2732.466377] input: Microsoft Natural\xffffffc2\xffffffae\xffffffae Ergonomic Keyboard 4000 as /devices/pci0000:00/0000:00:1d.0/usb2/2-1/2-1.2/2-1.2:1.1/input/input22
[ 2732.466565] microsoft 0003:045E:00DB.000B: input,hidraw4: USB HID v1.11 Device [Microsoft Natural\xffffffc2\xffffffae\xffffffae Ergonomic Keyboard 4000] on usb-0000:00:1d.0-1.2/input1
[ 2760.027792] usb 2-1.2: USB disconnect, device number 32
[ 2768.413513] usb 2-1.2: new low-speed USB device number 33 using ehci_hcd
[ 2768.535482] input: Microsoft Natural\xffffffc2\xffffffae\xffffffae Ergonomic Keyboard 4000 as /devices/pci0000:00/0000:00:1d.0/usb2/2-1/2-1.2/2-1.2:1.0/input/input23
[ 2768.535679] microsoft 0003:045E:00DB.000C: input,hidraw3: USB HID v1.11 Keyboard [Microsoft Natural\xffffffc2\xffffffae\xffffffae Ergonomic Keyboard 4000] on usb-0000:00:1d.0-1.2/input0
[ 2768.547281] input: Microsoft Natural\xffffffc2\xffffffae\xffffffae Ergonomic Keyboard 4000 as /devices/pci0000:00/0000:00:1d.0/usb2/2-1/2-1.2/2-1.2:1.1/input/input24
[ 2768.547550] microsoft 0003:045E:00DB.000D: input,hidraw4: USB HID v1.11 Device [Microsoft Natural\xffffffc2\xffffffae\xffffffae Ergonomic Keyboard 4000] on usb-0000:00:1d.0-1.2/input1
[ 2776.404881] usb 2-1.2: USB disconnect, device number 33
[ 2777.369695] usb 2-1.2: new low-speed USB device number 34 using ehci_hcd
[ 2777.491445] input: Microsoft Natural\xffffffc2\xffffffae\xffffffae Ergonomic Keyboard 4000 as /devices/pci0000:00/0000:00:1d.0/usb2/2-1/2-1.2/2-1.2:1.0/input/input25
[ 2777.491832] microsoft 0003:045E:00DB.000E: input,hidraw3: USB HID v1.11 Keyboard [Microsoft Natural\xffffffc2\xffffffae\xffffffae Ergonomic Keyboard 4000] on usb-0000:00:1d.0-1.2/input0
[ 2777.503383] input: Microsoft Natural\xffffffc2\xffffffae\xffffffae Ergonomic Keyboard 4000 as /devices/pci0000:00/0000:00:1d.0/usb2/2-1/2-1.2/2-1.2:1.1/input/input26
[ 2777.503572] microsoft 0003:045E:00DB.000F: input,hidraw4: USB HID v1.11 Device [Microsoft Natural\xffffffc2\xffffffae\xffffffae Ergonomic Keyboard 4000] on usb-0000:00:1d.0-1.2/input1
[ 2785.616991] usb 2-1.2: USB disconnect, device number 34
[ 2816.009400] usb 2-1.2: new low-speed USB device number 35 using ehci_hcd
[ 2816.131722] input: Microsoft Natural\xffffffc2\xffffffae\xffffffae Ergonomic Keyboard 4000 as /devices/pci0000:00/0000:00:1d.0/usb2/2-1/2-1.2/2-1.2:1.0/input/input27
[ 2816.132006] microsoft 0003:045E:00DB.0010: input,hidraw3: USB HID v1.11 Keyboard [Microsoft Natural\xffffffc2\xffffffae\xffffffae Ergonomic Keyboard 4000] on usb-0000:00:1d.0-1.2/input0
[ 2816.143178] input: Microsoft Natural\xffffffc2\xffffffae\xffffffae Ergonomic Keyboard 4000 as /devices/pci0000:00/0000:00:1d.0/usb2/2-1/2-1.2/2-1.2:1.1/input/input28
[ 2816.143373] microsoft 0003:045E:00DB.0011: input,hidraw4: USB HID v1.11 Device [Microsoft Natural\xffffffc2\xffffffae\xffffffae Ergonomic Keyboard 4000] on usb-0000:00:1d.0-1.2/input1
[ 2820.162287] usb 2-1.2: USB disconnect, device number 35
[ 2822.918505] usb 2-1.2: new low-speed USB device number 36 using ehci_hcd
[ 2823.040600] input: Microsoft Natural\xffffffc2\xffffffae\xffffffae Ergonomic Keyboard 4000 as /devices/pci0000:00/0000:00:1d.0/usb2/2-1/2-1.2/2-1.2:1.0/input/input29
[ 2823.040801] microsoft 0003:045E:00DB.0012: input,hidraw3: USB HID v1.11 Keyboard [Microsoft Natural\xffffffc2\xffffffae\xffffffae Ergonomic Keyboard 4000] on usb-0000:00:1d.0-1.2/input0
[ 2823.052268] input: Microsoft Natural\xffffffc2\xffffffae\xffffffae Ergonomic Keyboard 4000 as /devices/pci0000:00/0000:00:1d.0/usb2/2-1/2-1.2/2-1.2:1.1/input/input30
[ 2823.052447] microsoft 0003:045E:00DB.0013: input,hidraw4: USB HID v1.11 Device [Microsoft Natural\xffffffc2\xffffffae\xffffffae Ergonomic Keyboard 4000] on usb-0000:00:1d.0-1.2/input1
[ 2830.909876] usb 2-1.2: USB disconnect, device number 36
[ 2832.898273] usb 2-1.2: new low-speed USB device number 37 using ehci_hcd
[ 2833.020262] input: Microsoft Natural\xffffffc2\xffffffae\xffffffae Ergonomic Keyboard 4000 as /devices/pci0000:00/0000:00:1d.0/usb2/2-1/2-1.2/2-1.2:1.0/input/input31
[ 2833.020451] microsoft 0003:045E:00DB.0014: input,hidraw3: USB HID v1.11 Keyboard [Microsoft Natural\xffffffc2\xffffffae\xffffffae Ergonomic Keyboard 4000] on usb-0000:00:1d.0-1.2/input0
[ 2833.032052] input: Microsoft Natural\xffffffc2\xffffffae\xffffffae Ergonomic Keyboard 4000 as /devices/pci0000:00/0000:00:1d.0/usb2/2-1/2-1.2/2-1.2:1.1/input/input32
[ 2833.032321] microsoft 0003:045E:00DB.0015: input,hidraw4: USB HID v1.11 Device [Microsoft Natural\xffffffc2\xffffffae\xffffffae Ergonomic Keyboard 4000] on usb-0000:00:1d.0-1.2/input1
[ 3000.566379] usb 2-1.2: USB disconnect, device number 37
[ 3057.059508] usb 2-1.2: new low-speed USB device number 38 using ehci_hcd
[ 3057.181394] input: Microsoft Natural\xffffffc2\xffffffae\xffffffae Ergonomic Keyboard 4000 as /devices/pci0000:00/0000:00:1d.0/usb2/2-1/2-1.2/2-1.2:1.0/input/input33
[ 3057.181586] microsoft 0003:045E:00DB.0016: input,hidraw3: USB HID v1.11 Keyboard [Microsoft Natural\xffffffc2\xffffffae\xffffffae Ergonomic Keyboard 4000] on usb-0000:00:1d.0-1.2/input0
[ 3057.192957] input: Microsoft Natural\xffffffc2\xffffffae\xffffffae Ergonomic Keyboard 4000 as /devices/pci0000:00/0000:00:1d.0/usb2/2-1/2-1.2/2-1.2:1.1/input/input34
[ 3057.193124] microsoft 0003:045E:00DB.0017: input,hidraw4: USB HID v1.11 Device [Microsoft Natural\xffffffc2\xffffffae\xffffffae Ergonomic Keyboard 4000] on usb-0000:00:1d.0-1.2/input1
[ 3068.889311] usb 2-1.2: USB disconnect, device number 38
[ 3303.995206] usb 2-1.2: new low-speed USB device number 39 using ehci_hcd
[ 3304.116815] input: Microsoft Natural\xffffffc2\xffffffae\xffffffae Ergonomic Keyboard 4000 as /devices/pci0000:00/0000:00:1d.0/usb2/2-1/2-1.2/2-1.2:1.0/input/input35
[ 3304.117013] microsoft 0003:045E:00DB.0018: input,hidraw3: USB HID v1.11 Keyboard [Microsoft Natural\xffffffc2\xffffffae\xffffffae Ergonomic Keyboard 4000] on usb-0000:00:1d.0-1.2/input0
[ 3304.128313] input: Microsoft Natural\xffffffc2\xffffffae\xffffffae Ergonomic Keyboard 4000 as /devices/pci0000:00/0000:00:1d.0/usb2/2-1/2-1.2/2-1.2:1.1/input/input36
[ 3304.128656] microsoft 0003:045E:00DB.0019: input,hidraw4: USB HID v1.11 Device [Microsoft Natural\xffffffc2\xffffffae\xffffffae Ergonomic Keyboard 4000] on usb-0000:00:1d.0-1.2/input1
[ 3304.154953] [atclib-5] : new atclib init called. !
[ 3318.128246] usb 2-1.2: USB disconnect, device number 39
[ 3323.187120] usb 2-1.2: new low-speed USB device number 40 using ehci_hcd
[ 3323.309085] input: Microsoft Natural\xffffffc2\xffffffae\xffffffae Ergonomic Keyboard 4000 as /devices/pci0000:00/0000:00:1d.0/usb2/2-1/2-1.2/2-1.2:1.0/input/input37
[ 3323.309282] microsoft 0003:045E:00DB.001A: input,hidraw3: USB HID v1.11 Keyboard [Microsoft Natural\xffffffc2\xffffffae\xffffffae Ergonomic Keyboard 4000] on usb-0000:00:1d.0-1.2/input0
[ 3323.320428] input: Microsoft Natural\xffffffc2\xffffffae\xffffffae Ergonomic Keyboard 4000 as /devices/pci0000:00/0000:00:1d.0/usb2/2-1/2-1.2/2-1.2:1.1/input/input38
[ 3323.320645] microsoft 0003:045E:00DB.001B: input,hidraw4: USB HID v1.11 Device [Microsoft Natural\xffffffc2\xffffffae\xffffffae Ergonomic Keyboard 4000] on usb-0000:00:1d.0-1.2/input1
[ 3327.084493] usb 2-1.2: USB disconnect, device number 40
[ 3400.414648] [atclib-5] : Dieing usb atclib !
[ 3455.483190] usb 2-1.2: new low-speed USB device number 41 using ehci_hcd
[ 3455.605251] input: Microsoft Natural\xffffffc2\xffffffae\xffffffae Ergonomic Keyboard 4000 as /devices/pci0000:00/0000:00:1d.0/usb2/2-1/2-1.2/2-1.2:1.0/input/input39
[ 3455.605431] microsoft 0003:045E:00DB.001C: input,hidraw3: USB HID v1.11 Keyboard [Microsoft Natural\xffffffc2\xffffffae\xffffffae Ergonomic Keyboard 4000] on usb-0000:00:1d.0-1.2/input0
[ 3455.617289] input: Microsoft Natural\xffffffc2\xffffffae\xffffffae Ergonomic Keyboard 4000 as /devices/pci0000:00/0000:00:1d.0/usb2/2-1/2-1.2/2-1.2:1.1/input/input40
[ 3455.617466] microsoft 0003:045E:00DB.001D: input,hidraw4: USB HID v1.11 Device [Microsoft Natural\xffffffc2\xffffffae\xffffffae Ergonomic Keyboard 4000] on usb-0000:00:1d.0-1.2/input1
[ 3455.640819] [atclib-5] : atclib init called. !
[ 3455.640851] [atclib-5] :USB keyboard plugged in !
[ 3455.640860] [atclib-5] :USB keyboard plugged in !
[ 3455.640888] usbcore: registered new interface driver atclib-usb
[ 3480.363767] usb 2-1.2: USB disconnect, device number 41
[ 3504.870326] usb 2-1.2: new low-speed USB device number 42 using ehci_hcd
[ 3504.992418] input: Microsoft Natural\xffffffc2\xffffffae\xffffffae Ergonomic Keyboard 4000 as /devices/pci0000:00/0000:00:1d.0/usb2/2-1/2-1.2/2-1.2:1.0/input/input41
[ 3504.992725] microsoft 0003:045E:00DB.001E: input,hidraw3: USB HID v1.11 Keyboard [Microsoft Natural\xffffffc2\xffffffae\xffffffae Ergonomic Keyboard 4000] on usb-0000:00:1d.0-1.2/input0
[ 3505.003947] input: Microsoft Natural\xffffffc2\xffffffae\xffffffae Ergonomic Keyboard 4000 as /devices/pci0000:00/0000:00:1d.0/usb2/2-1/2-1.2/2-1.2:1.1/input/input42
[ 3505.004211] microsoft 0003:045E:00DB.001F: input,hidraw4: USB HID v1.11 Device [Microsoft Natural\xffffffc2\xffffffae\xffffffae Ergonomic Keyboard 4000] on usb-0000:00:1d.0-1.2/input1
[ 3506.464632] usb 2-1.2: USB disconnect, device number 42
[ 3508.708702] usb 2-1.2: new low-speed USB device number 43 using ehci_hcd
[ 3508.830408] input: Microsoft Natural\xffffffc2\xffffffae\xffffffae Ergonomic Keyboard 4000 as /devices/pci0000:00/0000:00:1d.0/usb2/2-1/2-1.2/2-1.2:1.0/input/input43
[ 3508.830603] microsoft 0003:045E:00DB.0020: input,hidraw3: USB HID v1.11 Keyboard [Microsoft Natural\xffffffc2\xffffffae\xffffffae Ergonomic Keyboard 4000] on usb-0000:00:1d.0-1.2/input0
[ 3508.841836] input: Microsoft Natural\xffffffc2\xffffffae\xffffffae Ergonomic Keyboard 4000 as /devices/pci0000:00/0000:00:1d.0/usb2/2-1/2-1.2/2-1.2:1.1/input/input44
[ 3508.842089] microsoft 0003:045E:00DB.0021: input,hidraw4: USB HID v1.11 Device [Microsoft Natural\xffffffc2\xffffffae\xffffffae Ergonomic Keyboard 4000] on usb-0000:00:1d.0-1.2/input1
[ 3526.265347] [atclib-5] : Dieing usb atclib !
[ 3526.265352] usbcore: deregistering interface driver atclib-usb
[ 3526.265369] [atclib-5] USB keyboard disconnected.
[ 3526.265380] [atclib-5] USB keyboard disconnected.
[ 3606.774490] usb 2-1.2: USB disconnect, device number 43
[ 3625.395384] usb 2-1.2: new low-speed USB device number 44 using ehci_hcd
[ 3625.517532] input: Microsoft Natural\xffffffc2\xffffffae\xffffffae Ergonomic Keyboard 4000 as /devices/pci0000:00/0000:00:1d.0/usb2/2-1/2-1.2/2-1.2:1.0/input/input45
[ 3625.517753] microsoft 0003:045E:00DB.0022: input,hidraw3: USB HID v1.11 Keyboard [Microsoft Natural\xffffffc2\xffffffae\xffffffae Ergonomic Keyboard 4000] on usb-0000:00:1d.0-1.2/input0
[ 3625.528950] input: Microsoft Natural\xffffffc2\xffffffae\xffffffae Ergonomic Keyboard 4000 as /devices/pci0000:00/0000:00:1d.0/usb2/2-1/2-1.2/2-1.2:1.1/input/input46
[ 3625.529205] microsoft 0003:045E:00DB.0023: input,hidraw4: USB HID v1.11 Device [Microsoft Natural\xffffffc2\xffffffae\xffffffae Ergonomic Keyboard 4000] on usb-0000:00:1d.0-1.2/input1
[ 3625.551017] [atclib-5] : atclib init called. !
[ 3625.551050] [atclib-5] :USB keyboard plugged in !
[ 3625.551059] [atclib-5] :USB keyboard plugged in !
[ 3625.551090] usbcore: registered new interface driver atclib-usb
[ 3673.050324] usb 2-1.2: USB disconnect, device number 44
[ 3682.459281] usb 2-1.2: new low-speed USB device number 45 using ehci_hcd
[ 3682.581326] input: Microsoft Natural\xffffffc2\xffffffae\xffffffae Ergonomic Keyboard 4000 as /devices/pci0000:00/0000:00:1d.0/usb2/2-1/2-1.2/2-1.2:1.0/input/input47
[ 3682.581523] microsoft 0003:045E:00DB.0024: input,hidraw3: USB HID v1.11 Keyboard [Microsoft Natural\xffffffc2\xffffffae\xffffffae Ergonomic Keyboard 4000] on usb-0000:00:1d.0-1.2/input0
[ 3682.593491] input: Microsoft Natural\xffffffc2\xffffffae\xffffffae Ergonomic Keyboard 4000 as /devices/pci0000:00/0000:00:1d.0/usb2/2-1/2-1.2/2-1.2:1.1/input/input48
[ 3682.593680] microsoft 0003:045E:00DB.0025: input,hidraw4: USB HID v1.11 Device [Microsoft Natural\xffffffc2\xffffffae\xffffffae Ergonomic Keyboard 4000] on usb-0000:00:1d.0-1.2/input1
[ 3691.236635] [atclib-5] : Dieing usb atclib !
[ 3691.236644] usbcore: deregistering interface driver atclib-usb
[ 3691.236671] [atclib-5] USB keyboard disconnected.
[ 3691.236686] [atclib-5] USB keyboard disconnected.
[ 3696.336748] usb 2-1.2: USB disconnect, device number 45
[ 3780.465876] usb 2-1.2: new low-speed USB device number 46 using ehci_hcd
[ 3780.587813] input: Microsoft Natural\xffffffc2\xffffffae\xffffffae Ergonomic Keyboard 4000 as /devices/pci0000:00/0000:00:1d.0/usb2/2-1/2-1.2/2-1.2:1.0/input/input49
[ 3780.588068] microsoft 0003:045E:00DB.0026: input,hidraw3: USB HID v1.11 Keyboard [Microsoft Natural\xffffffc2\xffffffae\xffffffae Ergonomic Keyboard 4000] on usb-0000:00:1d.0-1.2/input0
[ 3780.599624] input: Microsoft Natural\xffffffc2\xffffffae\xffffffae Ergonomic Keyboard 4000 as /devices/pci0000:00/0000:00:1d.0/usb2/2-1/2-1.2/2-1.2:1.1/input/input50
[ 3780.599785] microsoft 0003:045E:00DB.0027: input,hidraw4: USB HID v1.11 Device [Microsoft Natural\xffffffc2\xffffffae\xffffffae Ergonomic Keyboard 4000] on usb-0000:00:1d.0-1.2/input1
[ 3780.626029] [atclib-5] : HI atclib init called. !
[ 3791.528446] usb 2-1.2: USB disconnect, device number 46
[ 3795.819385] usb 2-1.2: new low-speed USB device number 47 using ehci_hcd
[ 3795.941257] input: Microsoft Natural\xffffffc2\xffffffae\xffffffae Ergonomic Keyboard 4000 as /devices/pci0000:00/0000:00:1d.0/usb2/2-1/2-1.2/2-1.2:1.0/input/input51
[ 3795.941549] microsoft 0003:045E:00DB.0028: input,hidraw3: USB HID v1.11 Keyboard [Microsoft Natural\xffffffc2\xffffffae\xffffffae Ergonomic Keyboard 4000] on usb-0000:00:1d.0-1.2/input0
[ 3795.952649] input: Microsoft Natural\xffffffc2\xffffffae\xffffffae Ergonomic Keyboard 4000 as /devices/pci0000:00/0000:00:1d.0/usb2/2-1/2-1.2/2-1.2:1.1/input/input52
[ 3795.952902] microsoft 0003:045E:00DB.0029: input,hidraw4: USB HID v1.11 Device [Microsoft Natural\xffffffc2\xffffffae\xffffffae Ergonomic Keyboard 4000] on usb-0000:00:1d.0-1.2/input1
[ 3797.157946] usb 2-1.2: USB disconnect, device number 47
[ 3799.913682] usb 2-1.2: new low-speed USB device number 48 using ehci_hcd
[ 3800.035644] input: Microsoft Natural\xffffffc2\xffffffae\xffffffae Ergonomic Keyboard 4000 as /devices/pci0000:00/0000:00:1d.0/usb2/2-1/2-1.2/2-1.2:1.0/input/input53
[ 3800.035825] microsoft 0003:045E:00DB.002A: input,hidraw3: USB HID v1.11 Keyboard [Microsoft Natural\xffffffc2\xffffffae\xffffffae Ergonomic Keyboard 4000] on usb-0000:00:1d.0-1.2/input0
[ 3800.047469] input: Microsoft Natural\xffffffc2\xffffffae\xffffffae Ergonomic Keyboard 4000 as /devices/pci0000:00/0000:00:1d.0/usb2/2-1/2-1.2/2-1.2:1.1/input/input54
[ 3800.047702] microsoft 0003:045E:00DB.002B: input,hidraw4: USB HID v1.11 Device [Microsoft Natural\xffffffc2\xffffffae\xffffffae Ergonomic Keyboard 4000] on usb-0000:00:1d.0-1.2/input1
[ 3896.581353] [atclib-5] : Dieing usb atclib !
[ 3899.258852] usb 2-1.2: USB disconnect, device number 48
[ 3961.381410] usb 2-1.2: new low-speed USB device number 49 using ehci_hcd
[ 3961.503610] input: Microsoft Natural\xffffffc2\xffffffae\xffffffae Ergonomic Keyboard 4000 as /devices/pci0000:00/0000:00:1d.0/usb2/2-1/2-1.2/2-1.2:1.0/input/input55
[ 3961.503909] microsoft 0003:045E:00DB.002C: input,hidraw3: USB HID v1.11 Keyboard [Microsoft Natural\xffffffc2\xffffffae\xffffffae Ergonomic Keyboard 4000] on usb-0000:00:1d.0-1.2/input0
[ 3961.515650] input: Microsoft Natural\xffffffc2\xffffffae\xffffffae Ergonomic Keyboard 4000 as /devices/pci0000:00/0000:00:1d.0/usb2/2-1/2-1.2/2-1.2:1.1/input/input56
[ 3961.515843] microsoft 0003:045E:00DB.002D: input,hidraw4: USB HID v1.11 Device [Microsoft Natural\xffffffc2\xffffffae\xffffffae Ergonomic Keyboard 4000] on usb-0000:00:1d.0-1.2/input1
[ 3965.790774] usb 2-1.2: USB disconnect, device number 49
[ 3967.522838] usb 2-1.2: new low-speed USB device number 50 using ehci_hcd
[ 3967.645142] input: Microsoft Natural\xffffffc2\xffffffae\xffffffae Ergonomic Keyboard 4000 as /devices/pci0000:00/0000:00:1d.0/usb2/2-1/2-1.2/2-1.2:1.0/input/input57
[ 3967.645337] microsoft 0003:045E:00DB.002E: input,hidraw3: USB HID v1.11 Keyboard [Microsoft Natural\xffffffc2\xffffffae\xffffffae Ergonomic Keyboard 4000] on usb-0000:00:1d.0-1.2/input0
[ 3967.656311] input: Microsoft Natural\xffffffc2\xffffffae\xffffffae Ergonomic Keyboard 4000 as /devices/pci0000:00/0000:00:1d.0/usb2/2-1/2-1.2/2-1.2:1.1/input/input58
[ 3967.656533] microsoft 0003:045E:00DB.002F: input,hidraw4: USB HID v1.11 Device [Microsoft Natural\xffffffc2\xffffffae\xffffffae Ergonomic Keyboard 4000] on usb-0000:00:1d.0-1.2/input1
[ 3997.009720] usb 2-1.2: USB disconnect, device number 50
[ 4004.882997] usb 2-1.2: new low-speed USB device number 51 using ehci_hcd
[ 4005.004994] input: Microsoft Natural\xffffffc2\xffffffae\xffffffae Ergonomic Keyboard 4000 as /devices/pci0000:00/0000:00:1d.0/usb2/2-1/2-1.2/2-1.2:1.0/input/input59
[ 4005.005344] microsoft 0003:045E:00DB.0030: input,hidraw3: USB HID v1.11 Keyboard [Microsoft Natural\xffffffc2\xffffffae\xffffffae Ergonomic Keyboard 4000] on usb-0000:00:1d.0-1.2/input0
[ 4005.016662] input: Microsoft Natural\xffffffc2\xffffffae\xffffffae Ergonomic Keyboard 4000 as /devices/pci0000:00/0000:00:1d.0/usb2/2-1/2-1.2/2-1.2:1.1/input/input60
[ 4005.016994] microsoft 0003:045E:00DB.0031: input,hidraw4: USB HID v1.11 Device [Microsoft Natural\xffffffc2\xffffffae\xffffffae Ergonomic Keyboard 4000] on usb-0000:00:1d.0-1.2/input1
[ 4038.719994] usb 2-1.2: USB disconnect, device number 51
[ 4044.290419] usb 2-1.2: new low-speed USB device number 52 using ehci_hcd
[ 4044.412238] input: Microsoft Natural\xffffffc2\xffffffae\xffffffae Ergonomic Keyboard 4000 as /devices/pci0000:00/0000:00:1d.0/usb2/2-1/2-1.2/2-1.2:1.0/input/input61
[ 4044.412571] microsoft 0003:045E:00DB.0032: input,hidraw3: USB HID v1.11 Keyboard [Microsoft Natural\xffffffc2\xffffffae\xffffffae Ergonomic Keyboard 4000] on usb-0000:00:1d.0-1.2/input0
[ 4044.423655] input: Microsoft Natural\xffffffc2\xffffffae\xffffffae Ergonomic Keyboard 4000 as /devices/pci0000:00/0000:00:1d.0/usb2/2-1/2-1.2/2-1.2:1.1/input/input62
[ 4044.423910] microsoft 0003:045E:00DB.0033: input,hidraw4: USB HID v1.11 Device [Microsoft Natural\xffffffc2\xffffffae\xffffffae Ergonomic Keyboard 4000] on usb-0000:00:1d.0-1.2/input1
[ 4044.445979] [atclib-5] : HI2 atclib init called. !
[ 4044.605479] usb 2-1.2: USB disconnect, device number 52
[ 4045.601836] usb 2-1.2: new low-speed USB device number 53 using ehci_hcd
[ 4045.724080] input: Microsoft Natural\xffffffc2\xffffffae\xffffffae Ergonomic Keyboard 4000 as /devices/pci0000:00/0000:00:1d.0/usb2/2-1/2-1.2/2-1.2:1.0/input/input63
[ 4045.724380] microsoft 0003:045E:00DB.0034: input,hidraw3: USB HID v1.11 Keyboard [Microsoft Natural\xffffffc2\xffffffae\xffffffae Ergonomic Keyboard 4000] on usb-0000:00:1d.0-1.2/input0
[ 4045.736105] input: Microsoft Natural\xffffffc2\xffffffae\xffffffae Ergonomic Keyboard 4000 as /devices/pci0000:00/0000:00:1d.0/usb2/2-1/2-1.2/2-1.2:1.1/input/input64
[ 4045.736290] microsoft 0003:045E:00DB.0035: input,hidraw4: USB HID v1.11 Device [Microsoft Natural\xffffffc2\xffffffae\xffffffae Ergonomic Keyboard 4000] on usb-0000:00:1d.0-1.2/input1
[ 4047.420447] usb 2-1.2: USB disconnect, device number 53
[ 4053.502497] usb 2-1.2: new low-speed USB device number 54 using ehci_hcd
[ 4053.624432] input: Microsoft Natural\xffffffc2\xffffffae\xffffffae Ergonomic Keyboard 4000 as /devices/pci0000:00/0000:00:1d.0/usb2/2-1/2-1.2/2-1.2:1.0/input/input65
[ 4053.624738] microsoft 0003:045E:00DB.0036: input,hidraw3: USB HID v1.11 Keyboard [Microsoft Natural\xffffffc2\xffffffae\xffffffae Ergonomic Keyboard 4000] on usb-0000:00:1d.0-1.2/input0
[ 4053.636137] input: Microsoft Natural\xffffffc2\xffffffae\xffffffae Ergonomic Keyboard 4000 as /devices/pci0000:00/0000:00:1d.0/usb2/2-1/2-1.2/2-1.2:1.1/input/input66
[ 4053.636497] microsoft 0003:045E:00DB.0037: input,hidraw4: USB HID v1.11 Device [Microsoft Natural\xffffffc2\xffffffae\xffffffae Ergonomic Keyboard 4000] on usb-0000:00:1d.0-1.2/input1
[ 4053.817717] usb 2-1.2: USB disconnect, device number 54
[ 4178.603915] [atclib-5] : Dieing usb atclib !
[ 4197.569623] usb 2-1.2: new low-speed USB device number 55 using ehci_hcd
[ 4197.691552] input: Microsoft Natural\xffffffc2\xffffffae\xffffffae Ergonomic Keyboard 4000 as /devices/pci0000:00/0000:00:1d.0/usb2/2-1/2-1.2/2-1.2:1.0/input/input67
[ 4197.691732] microsoft 0003:045E:00DB.0038: input,hidraw3: USB HID v1.11 Keyboard [Microsoft Natural\xffffffc2\xffffffae\xffffffae Ergonomic Keyboard 4000] on usb-0000:00:1d.0-1.2/input0
[ 4197.703087] input: Microsoft Natural\xffffffc2\xffffffae\xffffffae Ergonomic Keyboard 4000 as /devices/pci0000:00/0000:00:1d.0/usb2/2-1/2-1.2/2-1.2:1.1/input/input68
[ 4197.703254] microsoft 0003:045E:00DB.0039: input,hidraw4: USB HID v1.11 Device [Microsoft Natural\xffffffc2\xffffffae\xffffffae Ergonomic Keyboard 4000] on usb-0000:00:1d.0-1.2/input1
[ 4197.724254] [atclib-5] : HI2 atclib init called. !
[ 4206.329254] usb 2-1.2: USB disconnect, device number 55
[ 4251.051023] usb 2-1.2: new low-speed USB device number 56 using ehci_hcd
[ 4251.172728] input: Microsoft Natural\xffffffc2\xffffffae\xffffffae Ergonomic Keyboard 4000 as /devices/pci0000:00/0000:00:1d.0/usb2/2-1/2-1.2/2-1.2:1.0/input/input69
[ 4251.172911] microsoft 0003:045E:00DB.003A: input,hidraw3: USB HID v1.11 Keyboard [Microsoft Natural\xffffffc2\xffffffae\xffffffae Ergonomic Keyboard 4000] on usb-0000:00:1d.0-1.2/input0
[ 4251.184396] input: Microsoft Natural\xffffffc2\xffffffae\xffffffae Ergonomic Keyboard 4000 as /devices/pci0000:00/0000:00:1d.0/usb2/2-1/2-1.2/2-1.2:1.1/input/input70
[ 4251.184565] microsoft 0003:045E:00DB.003B: input,hidraw4: USB HID v1.11 Device [Microsoft Natural\xffffffc2\xffffffae\xffffffae Ergonomic Keyboard 4000] on usb-0000:00:1d.0-1.2/input1
[ 4266.464246] usb 2-1.2: USB disconnect, device number 56
[ 4271.778275] usb 2-1.2: new low-speed USB device number 57 using ehci_hcd
[ 4271.900235] input: Microsoft Natural\xffffffc2\xffffffae\xffffffae Ergonomic Keyboard 4000 as /devices/pci0000:00/0000:00:1d.0/usb2/2-1/2-1.2/2-1.2:1.0/input/input71
[ 4271.900416] microsoft 0003:045E:00DB.003C: input,hidraw3: USB HID v1.11 Keyboard [Microsoft Natural\xffffffc2\xffffffae\xffffffae Ergonomic Keyboard 4000] on usb-0000:00:1d.0-1.2/input0
[ 4271.911641] input: Microsoft Natural\xffffffc2\xffffffae\xffffffae Ergonomic Keyboard 4000 as /devices/pci0000:00/0000:00:1d.0/usb2/2-1/2-1.2/2-1.2:1.1/input/input72
[ 4271.911819] microsoft 0003:045E:00DB.003D: input,hidraw4: USB HID v1.11 Device [Microsoft Natural\xffffffc2\xffffffae\xffffffae Ergonomic Keyboard 4000] on usb-0000:00:1d.0-1.2/input1
[ 4316.618704] usb 2-1.2: USB disconnect, device number 57
[ 4327.306810] usb 2-1.2: new low-speed USB device number 58 using ehci_hcd
[ 4327.428292] input: Microsoft Natural\xffffffc2\xffffffae\xffffffae Ergonomic Keyboard 4000 as /devices/pci0000:00/0000:00:1d.0/usb2/2-1/2-1.2/2-1.2:1.0/input/input73
[ 4327.428498] microsoft 0003:045E:00DB.003E: input,hidraw3: USB HID v1.11 Keyboard [Microsoft Natural\xffffffc2\xffffffae\xffffffae Ergonomic Keyboard 4000] on usb-0000:00:1d.0-1.2/input0
[ 4327.440419] input: Microsoft Natural\xffffffc2\xffffffae\xffffffae Ergonomic Keyboard 4000 as /devices/pci0000:00/0000:00:1d.0/usb2/2-1/2-1.2/2-1.2:1.1/input/input74
[ 4327.440765] microsoft 0003:045E:00DB.003F: input,hidraw4: USB HID v1.11 Device [Microsoft Natural\xffffffc2\xffffffae\xffffffae Ergonomic Keyboard 4000] on usb-0000:00:1d.0-1.2/input1
[ 4334.275377] usb 2-1.2: USB disconnect, device number 58
[ 4337.887481] [atclib-5] : Dieing usb atclib !
[ 4351.872407] usb 2-1.2: new low-speed USB device number 59 using ehci_hcd
[ 4351.994631] input: Microsoft Natural\xffffffc2\xffffffae\xffffffae Ergonomic Keyboard 4000 as /devices/pci0000:00/0000:00:1d.0/usb2/2-1/2-1.2/2-1.2:1.0/input/input75
[ 4351.994997] microsoft 0003:045E:00DB.0040: input,hidraw3: USB HID v1.11 Keyboard [Microsoft Natural\xffffffc2\xffffffae\xffffffae Ergonomic Keyboard 4000] on usb-0000:00:1d.0-1.2/input0
[ 4352.006467] input: Microsoft Natural\xffffffc2\xffffffae\xffffffae Ergonomic Keyboard 4000 as /devices/pci0000:00/0000:00:1d.0/usb2/2-1/2-1.2/2-1.2:1.1/input/input76
[ 4352.006658] microsoft 0003:045E:00DB.0041: input,hidraw4: USB HID v1.11 Device [Microsoft Natural\xffffffc2\xffffffae\xffffffae Ergonomic Keyboard 4000] on usb-0000:00:1d.0-1.2/input1
[ 4352.030978] [atclib-5] : HI3 atclib init called. !
[ 4352.031024] [atclib-5] :USB keyboard plugged in !
[ 4352.031040] [atclib-5] :USB keyboard plugged in !
[ 4352.031096] usbcore: registered new interface driver atclib-usb
[ 4355.514290] usb 2-1.2: USB disconnect, device number 59
[ 4356.734356] usb 2-1.2: new low-speed USB device number 60 using ehci_hcd
[ 4356.856386] input: Microsoft Natural\xffffffc2\xffffffae\xffffffae Ergonomic Keyboard 4000 as /devices/pci0000:00/0000:00:1d.0/usb2/2-1/2-1.2/2-1.2:1.0/input/input77
[ 4356.856692] microsoft 0003:045E:00DB.0042: input,hidraw3: USB HID v1.11 Keyboard [Microsoft Natural\xffffffc2\xffffffae\xffffffae Ergonomic Keyboard 4000] on usb-0000:00:1d.0-1.2/input0
[ 4356.867802] input: Microsoft Natural\xffffffc2\xffffffae\xffffffae Ergonomic Keyboard 4000 as /devices/pci0000:00/0000:00:1d.0/usb2/2-1/2-1.2/2-1.2:1.1/input/input78
[ 4356.867981] microsoft 0003:045E:00DB.0043: input,hidraw4: USB HID v1.11 Device [Microsoft Natural\xffffffc2\xffffffae\xffffffae Ergonomic Keyboard 4000] on usb-0000:00:1d.0-1.2/input1
[ 4357.049759] usb 2-1.2: USB disconnect, device number 60
[ 4367.993627] usb 2-1.2: new low-speed USB device number 61 using ehci_hcd
[ 4368.115571] input: Microsoft Natural\xffffffc2\xffffffae\xffffffae Ergonomic Keyboard 4000 as /devices/pci0000:00/0000:00:1d.0/usb2/2-1/2-1.2/2-1.2:1.0/input/input79
[ 4368.115838] microsoft 0003:045E:00DB.0044: input,hidraw3: USB HID v1.11 Keyboard [Microsoft Natural\xffffffc2\xffffffae\xffffffae Ergonomic Keyboard 4000] on usb-0000:00:1d.0-1.2/input0
[ 4368.127039] input: Microsoft Natural\xffffffc2\xffffffae\xffffffae Ergonomic Keyboard 4000 as /devices/pci0000:00/0000:00:1d.0/usb2/2-1/2-1.2/2-1.2:1.1/input/input80
[ 4368.127296] microsoft 0003:045E:00DB.0045: input,hidraw4: USB HID v1.11 Device [Microsoft Natural\xffffffc2\xffffffae\xffffffae Ergonomic Keyboard 4000] on usb-0000:00:1d.0-1.2/input1
[ 4369.076687] usb 2-1.2: USB disconnect, device number 61
[ 4419.683762] usb 2-1.2: new low-speed USB device number 62 using ehci_hcd
[ 4419.805883] input: Microsoft Natural\xffffffc2\xffffffae\xffffffae Ergonomic Keyboard 4000 as /devices/pci0000:00/0000:00:1d.0/usb2/2-1/2-1.2/2-1.2:1.0/input/input81
[ 4419.806227] microsoft 0003:045E:00DB.0046: input,hidraw3: USB HID v1.11 Keyboard [Microsoft Natural\xffffffc2\xffffffae\xffffffae Ergonomic Keyboard 4000] on usb-0000:00:1d.0-1.2/input0
