[    0.000000] microcode: microcode updated early to revision 0xb4, date = 2019-04-01
[    0.000000] Linux version 4.15.0-65-generic (buildd@lcy01-amd64-017) (gcc version 5.4.0 20160609 (Ubuntu 5.4.0-6ubuntu1~16.04.10)) #74~16.04.1-Ubuntu SMP Wed Sep 18 09:51:44 UTC 2019 (Ubuntu 4.15.0-65.74~16.04.1-generic 4.15.18)
[    0.000000] Command line: BOOT_IMAGE=/boot/vmlinuz-4.15.0-65-generic root=UUID=d69d14ef-cd86-45f0-b276-5b023e68e5b7 ro quiet splash vt.handoff=7
[    0.000000] KERNEL supported cpus:
[    0.000000]   Intel GenuineIntel
[    0.000000]   AMD AuthenticAMD
[    0.000000]   Centaur CentaurHauls
[    0.000000] x86/fpu: Supporting XSAVE feature 0x001: 'x87 floating point registers'
[    0.000000] x86/fpu: Supporting XSAVE feature 0x002: 'SSE registers'
[    0.000000] x86/fpu: Supporting XSAVE feature 0x004: 'AVX registers'
[    0.000000] x86/fpu: Supporting XSAVE feature 0x008: 'MPX bounds registers'
[    0.000000] x86/fpu: Supporting XSAVE feature 0x010: 'MPX CSR'
[    0.000000] x86/fpu: xstate_offset[2]:  576, xstate_sizes[2]:  256
[    0.000000] x86/fpu: xstate_offset[3]:  832, xstate_sizes[3]:   64
[    0.000000] x86/fpu: xstate_offset[4]:  896, xstate_sizes[4]:   64
[    0.000000] x86/fpu: Enabled xstate features 0x1f, context size is 960 bytes, using 'compacted' format.
[    0.000000] e820: BIOS-provided physical RAM map:
[    0.000000] BIOS-e820: [mem 0x0000000000000000-0x0000000000057fff] usable
[    0.000000] BIOS-e820: [mem 0x0000000000058000-0x0000000000058fff] reserved
[    0.000000] BIOS-e820: [mem 0x0000000000059000-0x000000000009dfff] usable
[    0.000000] BIOS-e820: [mem 0x000000000009e000-0x00000000000fffff] reserved
[    0.000000] BIOS-e820: [mem 0x0000000000100000-0x0000000096104fff] usable
[    0.000000] BIOS-e820: [mem 0x0000000096105000-0x0000000096105fff] ACPI NVS
[    0.000000] BIOS-e820: [mem 0x0000000096106000-0x0000000096106fff] reserved
[    0.000000] BIOS-e820: [mem 0x0000000096107000-0x000000009ef04fff] usable
[    0.000000] BIOS-e820: [mem 0x000000009ef05000-0x000000009f2abfff] reserved
[    0.000000] BIOS-e820: [mem 0x000000009f2ac000-0x000000009f2eafff] ACPI data
[    0.000000] BIOS-e820: [mem 0x000000009f2eb000-0x000000009f953fff] ACPI NVS
[    0.000000] BIOS-e820: [mem 0x000000009f954000-0x000000009fffdfff] reserved
[    0.000000] BIOS-e820: [mem 0x000000009fffe000-0x000000009fffefff] usable
[    0.000000] BIOS-e820: [mem 0x000000009ffff000-0x00000000a7ffffff] reserved
[    0.000000] BIOS-e820: [mem 0x00000000a8000000-0x00000000a85fffff] usable
[    0.000000] BIOS-e820: [mem 0x00000000a8600000-0x00000000ae7fffff] reserved
[    0.000000] BIOS-e820: [mem 0x00000000e0000000-0x00000000efffffff] reserved
[    0.000000] BIOS-e820: [mem 0x00000000fe000000-0x00000000fe010fff] reserved
[    0.000000] BIOS-e820: [mem 0x00000000fec00000-0x00000000fec00fff] reserved
[    0.000000] BIOS-e820: [mem 0x00000000fee00000-0x00000000fee00fff] reserved
[    0.000000] BIOS-e820: [mem 0x00000000ff000000-0x00000000ffffffff] reserved
[    0.000000] BIOS-e820: [mem 0x0000000100000000-0x00000003507fffff] usable
[    0.000000] NX (Execute Disable) protection: active
[    0.000000] e820: update [mem 0x94221018-0x94231057] usable ==> usable
[    0.000000] e820: update [mem 0x94221018-0x94231057] usable ==> usable
[    0.000000] extended physical RAM map:
[    0.000000] reserve setup_data: [mem 0x0000000000000000-0x0000000000057fff] usable
[    0.000000] reserve setup_data: [mem 0x0000000000058000-0x0000000000058fff] reserved
[    0.000000] reserve setup_data: [mem 0x0000000000059000-0x000000000009dfff] usable
[    0.000000] reserve setup_data: [mem 0x000000000009e000-0x00000000000fffff] reserved
[    0.000000] reserve setup_data: [mem 0x0000000000100000-0x0000000094221017] usable
[    0.000000] reserve setup_data: [mem 0x0000000094221018-0x0000000094231057] usable
[    0.000000] reserve setup_data: [mem 0x0000000094231058-0x0000000096104fff] usable
[    0.000000] reserve setup_data: [mem 0x0000000096105000-0x0000000096105fff] ACPI NVS
[    0.000000] reserve setup_data: [mem 0x0000000096106000-0x0000000096106fff] reserved
[    0.000000] reserve setup_data: [mem 0x0000000096107000-0x000000009ef04fff] usable
[    0.000000] reserve setup_data: [mem 0x000000009ef05000-0x000000009f2abfff] reserved
[    0.000000] reserve setup_data: [mem 0x000000009f2ac000-0x000000009f2eafff] ACPI data
[    0.000000] reserve setup_data: [mem 0x000000009f2eb000-0x000000009f953fff] ACPI NVS
[    0.000000] reserve setup_data: [mem 0x000000009f954000-0x000000009fffdfff] reserved
[    0.000000] reserve setup_data: [mem 0x000000009fffe000-0x000000009fffefff] usable
[    0.000000] reserve setup_data: [mem 0x000000009ffff000-0x00000000a7ffffff] reserved
[    0.000000] reserve setup_data: [mem 0x00000000a8000000-0x00000000a85fffff] usable
[    0.000000] reserve setup_data: [mem 0x00000000a8600000-0x00000000ae7fffff] reserved
[    0.000000] reserve setup_data: [mem 0x00000000e0000000-0x00000000efffffff] reserved
[    0.000000] reserve setup_data: [mem 0x00000000fe000000-0x00000000fe010fff] reserved
[    0.000000] reserve setup_data: [mem 0x00000000fec00000-0x00000000fec00fff] reserved
[    0.000000] reserve setup_data: [mem 0x00000000fee00000-0x00000000fee00fff] reserved
[    0.000000] reserve setup_data: [mem 0x00000000ff000000-0x00000000ffffffff] reserved
[    0.000000] reserve setup_data: [mem 0x0000000100000000-0x00000003507fffff] usable
[    0.000000] efi: EFI v2.40 by American Megatrends
[    0.000000] efi:  ACPI=0x9f2b8000  ACPI 2.0=0x9f2b8000  SMBIOS=0xf0000  SMBIOS 3.0=0xf0020  ESRT=0x9fce1518  MEMATTR=0x9bf6f018 
[    0.000000] secureboot: Secure boot disabled
[    0.000000] SMBIOS 3.0.0 present.
[    0.000000] DMI: Dell Inc. Inspiron 7573/0GWRNN, BIOS 1.3.0 09/05/2017
[    0.000000] e820: update [mem 0x00000000-0x00000fff] usable ==> reserved
[    0.000000] e820: remove [mem 0x000a0000-0x000fffff] usable
[    0.000000] e820: last_pfn = 0x350800 max_arch_pfn = 0x400000000
[    0.000000] MTRR default type: write-back
[    0.000000] MTRR fixed ranges enabled:
[    0.000000]   00000-9FFFF write-back
[    0.000000]   A0000-BFFFF uncachable
[    0.000000]   C0000-FFFFF write-protect
[    0.000000] MTRR variable ranges enabled:
[    0.000000]   0 base 00C0000000 mask 7FC0000000 uncachable
[    0.000000]   1 base 00B0000000 mask 7FF0000000 uncachable
[    0.000000]   2 base 00AC000000 mask 7FFC000000 uncachable
[    0.000000]   3 base 00AA000000 mask 7FFE000000 uncachable
[    0.000000]   4 disabled
[    0.000000]   5 disabled
[    0.000000]   6 disabled
[    0.000000]   7 disabled
[    0.000000]   8 disabled
[    0.000000]   9 disabled
[    0.000000] x86/PAT: Configuration [0-7]: WB  WC  UC- UC  WB  WP  UC- WT  
[    0.000000] e820: last_pfn = 0xa8600 max_arch_pfn = 0x400000000
[    0.000000] esrt: Reserving ESRT space from 0x000000009fce1518 to 0x000000009fce1550.
[    0.000000] Scanning 1 areas for low memory corruption
[    0.000000] Using GB pages for direct mapping
[    0.000000] BRK [0x18b53f000, 0x18b53ffff] PGTABLE
[    0.000000] BRK [0x18b540000, 0x18b540fff] PGTABLE
[    0.000000] BRK [0x18b541000, 0x18b541fff] PGTABLE
[    0.000000] BRK [0x18b542000, 0x18b542fff] PGTABLE
[    0.000000] BRK [0x18b543000, 0x18b543fff] PGTABLE
[    0.000000] BRK [0x18b544000, 0x18b544fff] PGTABLE
[    0.000000] BRK [0x18b545000, 0x18b545fff] PGTABLE
[    0.000000] BRK [0x18b546000, 0x18b546fff] PGTABLE
[    0.000000] BRK [0x18b547000, 0x18b547fff] PGTABLE
[    0.000000] RAMDISK: [mem 0x3caf4000-0x3fffafff]
[    0.000000] ACPI: Early table checksum verification disabled
[    0.000000] ACPI: RSDP 0x000000009F2B8000 000024 (v02 DELL  )
[    0.000000] ACPI: XSDT 0x000000009F2B80B8 0000F4 (v01 DELL   CBX3     01072009 AMI  00010013)
[    0.000000] ACPI: FACP 0x000000009F2DCCE0 00010C (v05 DELL   CBX3     01072009 AMI  00010013)
[    0.000000] ACPI: DSDT 0x000000009F2B8240 024A9E (v02 DELL   CBX3     01072009 INTL 20160422)
[    0.000000] ACPI: FACS 0x000000009F951180 000040
[    0.000000] ACPI: APIC 0x000000009F2DCDF0 0000BC (v03 DELL   CBX3     01072009 AMI  00010013)
[    0.000000] ACPI: FPDT 0x000000009F2DCEB0 000044 (v01 DELL   CBX3     01072009 AMI  00010013)
[    0.000000] ACPI: FIDT 0x000000009F2DCEF8 0000AC (v01 DELL   CBX3     01072009 AMI  00010013)
[    0.000000] ACPI: MCFG 0x000000009F2DCFA8 00003C (v01 DELL   CBX3     01072009 MSFT 00000097)
[    0.000000] ACPI: HPET 0x000000009F2DCFE8 000038 (v01 DELL   CBX3     01072009 AMI. 0005000B)
[    0.000000] ACPI: SSDT 0x000000009F2DD020 0004CD (v01 SataRe SataTabl 00001000 INTL 20160422)
[    0.000000] ACPI: BOOT 0x000000009F2DD4F0 000028 (v01 DELL   CBX3     01072009 AMI  00010013)
[    0.000000] ACPI: SSDT 0x000000009F2DD518 0012D9 (v02 SaSsdt SaSsdt   00003000 INTL 20160422)
[    0.000000] ACPI: HPET 0x000000009F2DE7F8 000038 (v01 INTEL  KBL-ULT  00000001 MSFT 0000005F)
[    0.000000] ACPI: SSDT 0x000000009F2DE830 001099 (v02 INTEL  xh_OEMBD 00000000 INTL 20160422)
[    0.000000] ACPI: UEFI 0x000000009F2DF8D0 000042 (v01                 00000000      00000000)
[    0.000000] ACPI: SSDT 0x000000009F2DF918 000EDE (v02 CpuRef CpuSsdt  00003000 INTL 20160422)
[    0.000000] ACPI: LPIT 0x000000009F2E07F8 000094 (v01 INTEL  KBL-ULT  00000000 MSFT 0000005F)
[    0.000000] ACPI: WSMT 0x000000009F2E0890 000028 (v01 INTEL  KBL-ULT  00000000 MSFT 0000005F)
[    0.000000] ACPI: SSDT 0x000000009F2E08B8 00029F (v02 INTEL  sensrhub 00000000 INTL 20160422)
[    0.000000] ACPI: SSDT 0x000000009F2E0B58 000E3F (v02 INTEL  PtidDevc 00001000 INTL 20160422)
[    0.000000] ACPI: DBGP 0x000000009F2E1998 000034 (v01 INTEL           00000002 MSFT 0000005F)
[    0.000000] ACPI: DBG2 0x000000009F2E19D0 000061 (v00 INTEL           00000002 MSFT 0000005F)
[    0.000000] ACPI: SSDT 0x000000009F2E1A38 0007AC (v02 INTEL  UsbCTabl 00001000 INTL 20160422)
[    0.000000] ACPI: SSDT 0x000000009F2E21E8 0089F2 (v02 DptfTa DptfTabl 00001000 INTL 20160422)
[    0.000000] ACPI: MSDM 0x000000009F2EABE0 000055 (v03 DELL   CBX3     06222004 AMI  00010013)
[    0.000000] ACPI: SLIC 0x000000009F2EAC38 000176 (v03 DELL   CBX3     01072009 MSFT 00010013)
[    0.000000] ACPI: BGRT 0x000000009F2EADB0 000038 (v00                 01072009 AMI  00010013)
[    0.000000] ACPI: TPM2 0x000000009F2EADE8 000034 (v03 DELL   CBX3     00000001 AMI  00000000)
[    0.000000] ACPI: DMAR 0x000000009F2EAE20 0000F0 (v01 INTEL  KBL      00000001 INTL 00000001)
[    0.000000] ACPI: Local APIC address 0xfee00000
[    0.000000] No NUMA configuration found
[    0.000000] Faking a node at [mem 0x0000000000000000-0x00000003507fffff]
[    0.000000] NODE_DATA(0) allocated [mem 0x3507d5000-0x3507fffff]
[    0.000000] Zone ranges:
[    0.000000]   DMA      [mem 0x0000000000001000-0x0000000000ffffff]
[    0.000000]   DMA32    [mem 0x0000000001000000-0x00000000ffffffff]
[    0.000000]   Normal   [mem 0x0000000100000000-0x00000003507fffff]
[    0.000000]   Device   empty
[    0.000000] Movable zone start for each node
[    0.000000] Early memory node ranges
[    0.000000]   node   0: [mem 0x0000000000001000-0x0000000000057fff]
[    0.000000]   node   0: [mem 0x0000000000059000-0x000000000009dfff]
[    0.000000]   node   0: [mem 0x0000000000100000-0x0000000096104fff]
[    0.000000]   node   0: [mem 0x0000000096107000-0x000000009ef04fff]
[    0.000000]   node   0: [mem 0x000000009fffe000-0x000000009fffefff]
[    0.000000]   node   0: [mem 0x00000000a8000000-0x00000000a85fffff]
[    0.000000]   node   0: [mem 0x0000000100000000-0x00000003507fffff]
[    0.000000] Reserved but unavailable: 98 pages
[    0.000000] Initmem setup node 0 [mem 0x0000000000001000-0x00000003507fffff]
[    0.000000] On node 0 totalpages: 3079328
[    0.000000]   DMA zone: 64 pages used for memmap
[    0.000000]   DMA zone: 21 pages reserved
[    0.000000]   DMA zone: 3996 pages, LIFO batch:0
[    0.000000]   DMA32 zone: 10133 pages used for memmap
[    0.000000]   DMA32 zone: 648452 pages, LIFO batch:31
[    0.000000]   Normal zone: 37920 pages used for memmap
[    0.000000]   Normal zone: 2426880 pages, LIFO batch:31
[    0.000000] tboot: non-0 tboot_addr but it is not of type E820_TYPE_RESERVED
[    0.000000] Reserving Intel graphics memory at 0x00000000aa800000-0x00000000ae7fffff
[    0.000000] ACPI: PM-Timer IO Port: 0x1808
[    0.000000] ACPI: Local APIC address 0xfee00000
[    0.000000] ACPI: LAPIC_NMI (acpi_id[0x01] high edge lint[0x1])
[    0.000000] ACPI: LAPIC_NMI (acpi_id[0x02] high edge lint[0x1])
[    0.000000] ACPI: LAPIC_NMI (acpi_id[0x03] high edge lint[0x1])
[    0.000000] ACPI: LAPIC_NMI (acpi_id[0x04] high edge lint[0x1])
[    0.000000] ACPI: LAPIC_NMI (acpi_id[0x05] high edge lint[0x1])
[    0.000000] ACPI: LAPIC_NMI (acpi_id[0x06] high edge lint[0x1])
[    0.000000] ACPI: LAPIC_NMI (acpi_id[0x07] high edge lint[0x1])
[    0.000000] ACPI: LAPIC_NMI (acpi_id[0x08] high edge lint[0x1])
[    0.000000] IOAPIC[0]: apic_id 2, version 32, address 0xfec00000, GSI 0-119
[    0.000000] ACPI: INT_SRC_OVR (bus 0 bus_irq 0 global_irq 2 dfl dfl)
[    0.000000] ACPI: INT_SRC_OVR (bus 0 bus_irq 9 global_irq 9 high level)
[    0.000000] ACPI: IRQ0 used by override.
[    0.000000] ACPI: IRQ9 used by override.
[    0.000000] Using ACPI (MADT) for SMP configuration information
[    0.000000] ACPI: HPET id: 0x8086a701 base: 0xfed00000
[    0.000000] smpboot: Allowing 8 CPUs, 0 hotplug CPUs
[    0.000000] PM: Registered nosave memory: [mem 0x00000000-0x00000fff]
[    0.000000] PM: Registered nosave memory: [mem 0x00058000-0x00058fff]
[    0.000000] PM: Registered nosave memory: [mem 0x0009e000-0x000fffff]
[    0.000000] PM: Registered nosave memory: [mem 0x94221000-0x94221fff]
[    0.000000] PM: Registered nosave memory: [mem 0x94231000-0x94231fff]
[    0.000000] PM: Registered nosave memory: [mem 0x96105000-0x96105fff]
[    0.000000] PM: Registered nosave memory: [mem 0x96106000-0x96106fff]
[    0.000000] PM: Registered nosave memory: [mem 0x9ef05000-0x9f2abfff]
[    0.000000] PM: Registered nosave memory: [mem 0x9f2ac000-0x9f2eafff]
[    0.000000] PM: Registered nosave memory: [mem 0x9f2eb000-0x9f953fff]
[    0.000000] PM: Registered nosave memory: [mem 0x9f954000-0x9fffdfff]
[    0.000000] PM: Registered nosave memory: [mem 0x9ffff000-0xa7ffffff]
[    0.000000] PM: Registered nosave memory: [mem 0xa8600000-0xae7fffff]
[    0.000000] PM: Registered nosave memory: [mem 0xae800000-0xdfffffff]
[    0.000000] PM: Registered nosave memory: [mem 0xe0000000-0xefffffff]
[    0.000000] PM: Registered nosave memory: [mem 0xf0000000-0xfdffffff]
[    0.000000] PM: Registered nosave memory: [mem 0xfe000000-0xfe010fff]
[    0.000000] PM: Registered nosave memory: [mem 0xfe011000-0xfebfffff]
[    0.000000] PM: Registered nosave memory: [mem 0xfec00000-0xfec00fff]
[    0.000000] PM: Registered nosave memory: [mem 0xfec01000-0xfedfffff]
[    0.000000] PM: Registered nosave memory: [mem 0xfee00000-0xfee00fff]
[    0.000000] PM: Registered nosave memory: [mem 0xfee01000-0xfeffffff]
[    0.000000] PM: Registered nosave memory: [mem 0xff000000-0xffffffff]
[    0.000000] e820: [mem 0xae800000-0xdfffffff] available for PCI devices
[    0.000000] Booting paravirtualized kernel on bare hardware
[    0.000000] clocksource: refined-jiffies: mask: 0xffffffff max_cycles: 0xffffffff, max_idle_ns: 7645519600211568 ns
[    0.000000] random: get_random_bytes called from start_kernel+0x99/0x51b with crng_init=0
[    0.000000] setup_percpu: NR_CPUS:8192 nr_cpumask_bits:8 nr_cpu_ids:8 nr_node_ids:1
[    0.000000] percpu: Embedded 46 pages/cpu s151552 r8192 d28672 u262144
[    0.000000] pcpu-alloc: s151552 r8192 d28672 u262144 alloc=1*2097152
[    0.000000] pcpu-alloc: [0] 0 1 2 3 4 5 6 7 
[    0.000000] Built 1 zonelists, mobility grouping on.  Total pages: 3031190
[    0.000000] Policy zone: Normal
[    0.000000] Kernel command line: BOOT_IMAGE=/boot/vmlinuz-4.15.0-65-generic root=UUID=d69d14ef-cd86-45f0-b276-5b023e68e5b7 ro quiet splash vt.handoff=7
[    0.000000] Calgary: detecting Calgary via BIOS EBDA area
[    0.000000] Calgary: Unable to locate Rio Grande table in EBDA - bailing!
[    0.000000] Memory: 11930740K/12317312K available (12300K kernel code, 2480K rwdata, 4204K rodata, 2428K init, 2388K bss, 386572K reserved, 0K cma-reserved)
[    0.000000] SLUB: HWalign=64, Order=0-3, MinObjects=0, CPUs=8, Nodes=1
[    0.000000] Kernel/User page tables isolation: enabled
[    0.000000] ftrace: allocating 39282 entries in 154 pages
[    0.000000] Hierarchical RCU implementation.
[    0.000000] 	RCU restricting CPUs from NR_CPUS=8192 to nr_cpu_ids=8.
[    0.000000] 	Tasks RCU enabled.
[    0.000000] RCU: Adjusting geometry for rcu_fanout_leaf=16, nr_cpu_ids=8
[    0.000000] NR_IRQS: 524544, nr_irqs: 2048, preallocated irqs: 16
[    0.000000] spurious 8259A interrupt: IRQ7.
[    0.000000] vt handoff: transparent VT on vt#7
[    0.000000] Console: colour dummy device 80x25
[    0.000000] console [tty0] enabled
[    0.000000] ACPI: Core revision 20170831
[    0.000000] ACPI: 9 ACPI AML tables successfully acquired and loaded
[    0.000000] clocksource: hpet: mask: 0xffffffff max_cycles: 0xffffffff, max_idle_ns: 79635855245 ns
[    0.000000] hpet clockevent registered
[    0.004000] APIC: Switch to symmetric I/O mode setup
[    0.004000] DMAR: Host address width 39
[    0.004000] DMAR: DRHD base: 0x000000fed90000 flags: 0x0
[    0.004000] DMAR: dmar0: reg_base_addr fed90000 ver 1:0 cap 1c0000c40660462 ecap 19e2ff0505e
[    0.004000] DMAR: DRHD base: 0x000000fed91000 flags: 0x1
[    0.004000] DMAR: dmar1: reg_base_addr fed91000 ver 1:0 cap d2008c40660462 ecap f050da
[    0.004000] DMAR: RMRR base: 0x0000009efd8000 end: 0x0000009eff7fff
[    0.004000] DMAR: RMRR base: 0x000000aa000000 end: 0x000000ae7fffff
[    0.004000] DMAR: ANDD device: 1 name: \_SB.PCI0.I2C0
[    0.004000] DMAR: ANDD device: 2 name: \_SB.PCI0.I2C1
[    0.004000] DMAR-IR: IOAPIC id 2 under DRHD base  0xfed91000 IOMMU 1
[    0.004000] DMAR-IR: HPET id 0 under DRHD base 0xfed91000
[    0.004000] DMAR-IR: Queued invalidation will be enabled to support x2apic and Intr-remapping.
[    0.004000] DMAR-IR: Enabled IRQ remapping in x2apic mode
[    0.004000] x2apic enabled
[    0.004000] Switched APIC routing to cluster x2apic.
[    0.008000] ..TIMER: vector=0x30 apic1=0 pin1=2 apic2=-1 pin2=-1
[    0.028000] tsc: Detected 2000.000 MHz processor
[    0.028000] tsc: Detected 1992.000 MHz TSC
[    0.028000] Calibrating delay loop (skipped), value calculated using timer frequency.. 3984.00 BogoMIPS (lpj=7968000)
[    0.028000] pid_max: default: 32768 minimum: 301
[    0.028000] Security Framework initialized
[    0.028000] Yama: becoming mindful.
[    0.028000] AppArmor: AppArmor initialized
[    0.028000] Dentry cache hash table entries: 2097152 (order: 12, 16777216 bytes)
[    0.028000] Inode-cache hash table entries: 1048576 (order: 11, 8388608 bytes)
[    0.028000] Mount-cache hash table entries: 32768 (order: 6, 262144 bytes)
[    0.028000] Mountpoint-cache hash table entries: 32768 (order: 6, 262144 bytes)
[    0.032016] ENERGY_PERF_BIAS: Set to 'normal', was 'performance'
[    0.032016] ENERGY_PERF_BIAS: View and update with x86_energy_perf_policy(8)
[    0.032028] CPU0: Thermal monitoring enabled (TM1)
[    0.032042] process: using mwait in idle threads
[    0.032043] Last level iTLB entries: 4KB 64, 2MB 8, 4MB 8
[    0.032044] Last level dTLB entries: 4KB 64, 2MB 0, 4MB 0, 1GB 4
[    0.032045] Spectre V1 : Mitigation: usercopy/swapgs barriers and __user pointer sanitization
[    0.032046] Spectre V2 : Mitigation: Full generic retpoline
[    0.032046] Spectre V2 : Spectre v2 / SpectreRSB mitigation: Filling RSB on context switch
[    0.032046] Spectre V2 : Enabling Restricted Speculation for firmware calls
[    0.032050] Spectre V2 : mitigation: Enabling conditional Indirect Branch Prediction Barrier
[    0.032050] Spectre V2 : User space: Mitigation: STIBP via seccomp and prctl
[    0.032051] Speculative Store Bypass: Mitigation: Speculative Store Bypass disabled via prctl and seccomp
[    0.032068] MDS: Mitigation: Clear CPU buffers
[    0.036813] Freeing SMP alternatives memory: 36K
[    0.039447] TSC deadline timer enabled
[    0.039452] smpboot: CPU0: Intel(R) Core(TM) i7-8550U CPU @ 1.80GHz (family: 0x6, model: 0x8e, stepping: 0xa)
[    0.039496] Performance Events: PEBS fmt3+, Skylake events, 32-deep LBR, full-width counters, Intel PMU driver.
[    0.039518] ... version:                4
[    0.039518] ... bit width:              48
[    0.039518] ... generic registers:      4
[    0.039519] ... value mask:             0000ffffffffffff
[    0.039519] ... max period:             00007fffffffffff
[    0.039519] ... fixed-purpose events:   3
[    0.039520] ... event mask:             000000070000000f
[    0.039548] Hierarchical SRCU implementation.
[    0.040000] NMI watchdog: Enabled. Permanently consumes one hw-PMU counter.
[    0.040000] smp: Bringing up secondary CPUs ...
[    0.040000] x86: Booting SMP configuration:
[    0.040000] .... node  #0, CPUs:      #1 #2 #3 #4
[    0.040336] MDS CPU bug present and SMT on, data leak possible. See https://www.kernel.org/doc/html/latest/admin-guide/hw-vuln/mds.html for more details.
[    0.040336]  #5 #6 #7
[    0.040786] smp: Brought up 1 node, 8 CPUs
[    0.040786] smpboot: Max logical packages: 1
[    0.040786] smpboot: Total of 8 processors activated (31872.00 BogoMIPS)
[    0.044298] devtmpfs: initialized
[    0.044298] x86/mm: Memory block size: 128MB
[    0.044603] evm: security.selinux
[    0.044604] evm: security.SMACK64
[    0.044604] evm: security.SMACK64EXEC
[    0.044605] evm: security.SMACK64TRANSMUTE
[    0.044605] evm: security.SMACK64MMAP
[    0.044605] evm: security.apparmor
[    0.044605] evm: security.ima
[    0.044606] evm: security.capability
[    0.044614] PM: Registering ACPI NVS region [mem 0x96105000-0x96105fff] (4096 bytes)
[    0.044614] PM: Registering ACPI NVS region [mem 0x9f2eb000-0x9f953fff] (6721536 bytes)
[    0.044614] clocksource: jiffies: mask: 0xffffffff max_cycles: 0xffffffff, max_idle_ns: 7645041785100000 ns
[    0.044614] futex hash table entries: 2048 (order: 5, 131072 bytes)
[    0.044614] pinctrl core: initialized pinctrl subsystem
[    0.044614] RTC time: 23:47:45, date: 10/13/19
[    0.044614] NET: Registered protocol family 16
[    0.044614] audit: initializing netlink subsys (disabled)
[    0.044614] audit: type=2000 audit(1571010465.044:1): state=initialized audit_enabled=0 res=1
[    0.044614] cpuidle: using governor ladder
[    0.044614] cpuidle: using governor menu
[    0.044614] Simple Boot Flag at 0x47 set to 0x80
[    0.044614] ACPI FADT declares the system doesn't support PCIe ASPM, so disable it
[    0.044614] ACPI: bus type PCI registered
[    0.044614] acpiphp: ACPI Hot Plug PCI Controller Driver version: 0.5
[    0.044614] PCI: MMCONFIG for domain 0000 [bus 00-ff] at [mem 0xe0000000-0xefffffff] (base 0xe0000000)
[    0.044614] PCI: MMCONFIG at [mem 0xe0000000-0xefffffff] reserved in E820
[    0.044614] PCI: Using configuration type 1 for base access
[    0.044763] HugeTLB registered 1.00 GiB page size, pre-allocated 0 pages
[    0.044763] HugeTLB registered 2.00 MiB page size, pre-allocated 0 pages
[    0.044763] ACPI: Added _OSI(Module Device)
[    0.044763] ACPI: Added _OSI(Processor Device)
[    0.044763] ACPI: Added _OSI(3.0 _SCP Extensions)
[    0.044763] ACPI: Added _OSI(Processor Aggregator Device)
[    0.044763] ACPI: Added _OSI(Linux-Dell-Video)
[    0.044763] ACPI: Added _OSI(Linux-Lenovo-NV-HDMI-Audio)
[    0.044763] ACPI: Added _OSI(Linux-HPI-Hybrid-Graphics)
[    0.044924] ACPI: Executed 31 blocks of module-level executable AML code
[    0.060627] ACPI: [Firmware Bug]: BIOS _OSI(Linux) query ignored
[    0.068094] ACPI: Dynamic OEM Table Load:
[    0.068099] ACPI: SSDT 0xFFFF9DDA41642000 0005CD (v02 PmRef  Cpu0Ist  00003000 INTL 20160422)
[    0.068300] ACPI: Executed 1 blocks of module-level executable AML code
[    0.068369] ACPI: \_PR_.CPU0: _OSC native thermal LVT Acked
[    0.069223] ACPI: Dynamic OEM Table Load:
[    0.069226] ACPI: SSDT 0xFFFF9DDA41143800 0003FF (v02 PmRef  Cpu0Cst  00003001 INTL 20160422)
[    0.069410] ACPI: Executed 1 blocks of module-level executable AML code
[    0.069550] ACPI: Dynamic OEM Table Load:
[    0.069552] ACPI: SSDT 0xFFFF9DDA4116F600 000115 (v02 PmRef  Cpu0Hwp  00003000 INTL 20160422)
[    0.069708] ACPI: Executed 1 blocks of module-level executable AML code
[    0.069778] ACPI: Dynamic OEM Table Load:
[    0.069780] ACPI: SSDT 0xFFFF9DDA4116E400 0001A4 (v02 PmRef  HwpLvt   00003000 INTL 20160422)
[    0.069933] ACPI: Executed 1 blocks of module-level executable AML code
[    0.070302] ACPI: Dynamic OEM Table Load:
[    0.070306] ACPI: SSDT 0xFFFF9DDA41643000 00065C (v02 PmRef  ApIst    00003000 INTL 20160422)
[    0.070723] ACPI: Executed 1 blocks of module-level executable AML code
[    0.070853] ACPI: Dynamic OEM Table Load:
[    0.070856] ACPI: SSDT 0xFFFF9DDA4116D800 000197 (v02 PmRef  ApHwp    00003000 INTL 20160422)
[    0.071038] ACPI: Executed 1 blocks of module-level executable AML code
[    0.071172] ACPI: Dynamic OEM Table Load:
[    0.071175] ACPI: SSDT 0xFFFF9DDA4116D000 00018A (v02 PmRef  ApCst    00003000 INTL 20160422)
[    0.071357] ACPI: Executed 1 blocks of module-level executable AML code
[    0.073607] ACPI: EC: EC started
[    0.073608] ACPI: EC: interrupt blocked
[    0.078738] ACPI: \_SB_.PCI0.LPCB.ECDV: Used as first EC
[    0.078739] ACPI: \_SB_.PCI0.LPCB.ECDV: GPE=0x6e, EC_CMD/EC_SC=0x934, EC_DATA=0x930
[    0.078740] ACPI: \_SB_.PCI0.LPCB.ECDV: Used as boot DSDT EC to handle transactions
[    0.078740] ACPI: Interpreter enabled
[    0.078771] ACPI: (supports S0 S3 S4 S5)
[    0.078772] ACPI: Using IOAPIC for interrupt routing
[    0.078800] PCI: Using host bridge windows from ACPI; if necessary, use "pci=nocrs" and report a bug
[    0.079381] ACPI: Enabled 8 GPEs in block 00 to 7F
[    0.083432] ACPI: Power Resource [WRST] (on)
[    0.083740] ACPI: Power Resource [WRST] (on)
[    0.084047] ACPI: Power Resource [WRST] (on)
[    0.084352] ACPI: Power Resource [WRST] (on)
[    0.084654] ACPI: Power Resource [WRST] (on)
[    0.084954] ACPI: Power Resource [WRST] (on)
[    0.085358] ACPI: Power Resource [WRST] (on)
[    0.085658] ACPI: Power Resource [WRST] (on)
[    0.085957] ACPI: Power Resource [WRST] (on)
[    0.086257] ACPI: Power Resource [WRST] (on)
[    0.086859] ACPI: Power Resource [WRST] (on)
[    0.087160] ACPI: Power Resource [WRST] (on)
[    0.087459] ACPI: Power Resource [WRST] (on)
[    0.087761] ACPI: Power Resource [WRST] (on)
[    0.088068] ACPI: Power Resource [WRST] (on)
[    0.088369] ACPI: Power Resource [WRST] (on)
[    0.088668] ACPI: Power Resource [WRST] (on)
[    0.089795] ACPI: Power Resource [WRST] (on)
[    0.090093] ACPI: Power Resource [WRST] (on)
[    0.090391] ACPI: Power Resource [WRST] (on)
[    0.108478] ACPI: PCI Root Bridge [PCI0] (domain 0000 [bus 00-fe])
[    0.108481] acpi PNP0A08:00: _OSC: OS supports [ExtendedConfig ASPM ClockPM Segments MSI]
[    0.110736] acpi PNP0A08:00: _OSC: OS now controls [PCIeHotplug PME AER PCIeCapability]
[    0.110737] acpi PNP0A08:00: FADT indicates ASPM is unsupported, using BIOS configuration
[    0.111322] PCI host bridge to bus 0000:00
[    0.111324] pci_bus 0000:00: root bus resource [io  0x0000-0x0cf7 window]
[    0.111324] pci_bus 0000:00: root bus resource [io  0x0d00-0xffff window]
[    0.111325] pci_bus 0000:00: root bus resource [mem 0x000a0000-0x000bffff window]
[    0.111326] pci_bus 0000:00: root bus resource [mem 0x000c0000-0x000c3fff window]
[    0.111326] pci_bus 0000:00: root bus resource [mem 0x000c4000-0x000c7fff window]
[    0.111327] pci_bus 0000:00: root bus resource [mem 0x000c8000-0x000cbfff window]
[    0.111327] pci_bus 0000:00: root bus resource [mem 0x000cc000-0x000cffff window]
[    0.111328] pci_bus 0000:00: root bus resource [mem 0x000d0000-0x000d3fff window]
[    0.111329] pci_bus 0000:00: root bus resource [mem 0x000d4000-0x000d7fff window]
[    0.111329] pci_bus 0000:00: root bus resource [mem 0x000d8000-0x000dbfff window]
[    0.111330] pci_bus 0000:00: root bus resource [mem 0x000dc000-0x000dffff window]
[    0.111330] pci_bus 0000:00: root bus resource [mem 0x000e4000-0x000e7fff window]
[    0.111331] pci_bus 0000:00: root bus resource [mem 0x000e8000-0x000ebfff window]
[    0.111331] pci_bus 0000:00: root bus resource [mem 0x000ec000-0x000effff window]
[    0.111332] pci_bus 0000:00: root bus resource [mem 0xae800000-0xdfffffff window]
[    0.111333] pci_bus 0000:00: root bus resource [mem 0xfd000000-0xfe7fffff window]
[    0.111333] pci_bus 0000:00: root bus resource [bus 00-fe]
[    0.111340] pci 0000:00:00.0: [8086:5914] type 00 class 0x060000
[    0.111445] pci 0000:00:02.0: [8086:5917] type 00 class 0x030000
[    0.111453] pci 0000:00:02.0: reg 0x10: [mem 0xd0000000-0xd0ffffff 64bit]
[    0.111457] pci 0000:00:02.0: reg 0x18: [mem 0xc0000000-0xcfffffff 64bit pref]
[    0.111459] pci 0000:00:02.0: reg 0x20: [io  0xf000-0xf03f]
[    0.111469] pci 0000:00:02.0: BAR 2: assigned to efifb
[    0.111577] pci 0000:00:04.0: [8086:1903] type 00 class 0x118000
[    0.111586] pci 0000:00:04.0: reg 0x10: [mem 0xd1120000-0xd1127fff 64bit]
[    0.111762] pci 0000:00:13.0: [8086:9d35] type 00 class 0x000000
[    0.111782] pci 0000:00:13.0: reg 0x10: [mem 0xd1139000-0xd1139fff 64bit]
[    0.111959] pci 0000:00:14.0: [8086:9d2f] type 00 class 0x0c0330
[    0.111978] pci 0000:00:14.0: reg 0x10: [mem 0xd1110000-0xd111ffff 64bit]
[    0.112040] pci 0000:00:14.0: PME# supported from D3hot D3cold
[    0.112216] pci 0000:00:14.2: [8086:9d31] type 00 class 0x118000
[    0.112235] pci 0000:00:14.2: reg 0x10: [mem 0xd1138000-0xd1138fff 64bit]
[    0.112398] pci 0000:00:15.0: [8086:9d60] type 00 class 0x118000
[    0.112424] pci 0000:00:15.0: reg 0x10: [mem 0xd1137000-0xd1137fff 64bit]
[    0.112605] pci 0000:00:15.1: [8086:9d61] type 00 class 0x118000
[    0.112631] pci 0000:00:15.1: reg 0x10: [mem 0xd1136000-0xd1136fff 64bit]
[    0.112833] pci 0000:00:16.0: [8086:9d3a] type 00 class 0x078000
[    0.112856] pci 0000:00:16.0: reg 0x10: [mem 0xd1135000-0xd1135fff 64bit]
[    0.112923] pci 0000:00:16.0: PME# supported from D3hot
[    0.113066] pci 0000:00:17.0: [8086:9d03] type 00 class 0x010601
[    0.113082] pci 0000:00:17.0: reg 0x10: [mem 0xd1130000-0xd1131fff]
[    0.113088] pci 0000:00:17.0: reg 0x14: [mem 0xd1134000-0xd11340ff]
[    0.113094] pci 0000:00:17.0: reg 0x18: [io  0xf090-0xf097]
[    0.113100] pci 0000:00:17.0: reg 0x1c: [io  0xf080-0xf083]
[    0.113107] pci 0000:00:17.0: reg 0x20: [io  0xf060-0xf07f]
[    0.113113] pci 0000:00:17.0: reg 0x24: [mem 0xd1133000-0xd11337ff]
[    0.113150] pci 0000:00:17.0: PME# supported from D3hot
[    0.113274] pci 0000:00:1c.0: [8086:9d15] type 01 class 0x060400
[    0.113342] pci 0000:00:1c.0: PME# supported from D0 D3hot D3cold
[    0.113519] pci 0000:00:1f.0: [8086:9d4e] type 00 class 0x060100
[    0.113698] pci 0000:00:1f.2: [8086:9d21] type 00 class 0x058000
[    0.113710] pci 0000:00:1f.2: reg 0x10: [mem 0xd112c000-0xd112ffff]
[    0.113857] pci 0000:00:1f.3: [8086:9d71] type 00 class 0x040300
[    0.113880] pci 0000:00:1f.3: reg 0x10: [mem 0xd1128000-0xd112bfff 64bit]
[    0.113903] pci 0000:00:1f.3: reg 0x20: [mem 0xd1100000-0xd110ffff 64bit]
[    0.113947] pci 0000:00:1f.3: PME# supported from D3hot D3cold
[    0.114131] pci 0000:00:1f.4: [8086:9d23] type 00 class 0x0c0500
[    0.114190] pci 0000:00:1f.4: reg 0x10: [mem 0xd1132000-0xd11320ff 64bit]
[    0.114259] pci 0000:00:1f.4: reg 0x20: [io  0xf040-0xf05f]
[    0.114693] pci 0000:01:00.0: [8086:095a] type 00 class 0x028000
[    0.114740] pci 0000:01:00.0: reg 0x10: [mem 0xd1000000-0xd1001fff 64bit]
[    0.114949] pci 0000:01:00.0: PME# supported from D0 D3hot D3cold
[    0.124389] pci 0000:00:1c.0: PCI bridge to [bus 01]
[    0.124395] pci 0000:00:1c.0:   bridge window [mem 0xd1000000-0xd10fffff]
[    0.128958] ACPI: PCI Interrupt Link [LNKA] (IRQs 3 4 5 6 10 *11 12 14 15)
[    0.129044] ACPI: PCI Interrupt Link [LNKB] (IRQs 3 4 5 6 *10 11 12 14 15)
[    0.129127] ACPI: PCI Interrupt Link [LNKC] (IRQs 3 4 5 6 10 *11 12 14 15)
[    0.129211] ACPI: PCI Interrupt Link [LNKD] (IRQs 3 4 5 6 10 *11 12 14 15)
[    0.129294] ACPI: PCI Interrupt Link [LNKE] (IRQs 3 4 5 6 10 *11 12 14 15)
[    0.129376] ACPI: PCI Interrupt Link [LNKF] (IRQs 3 4 5 6 10 *11 12 14 15)
[    0.129459] ACPI: PCI Interrupt Link [LNKG] (IRQs 3 4 5 6 10 *11 12 14 15)
[    0.129541] ACPI: PCI Interrupt Link [LNKH] (IRQs 3 4 5 6 10 *11 12 14 15)
[    0.134804] ACPI: EC: interrupt unblocked
[    0.134813] ACPI: EC: event unblocked
[    0.134834] ACPI: \_SB_.PCI0.LPCB.ECDV: GPE=0x6e, EC_CMD/EC_SC=0x934, EC_DATA=0x930
[    0.134836] ACPI: \_SB_.PCI0.LPCB.ECDV: Used as boot DSDT EC to handle transactions and events
[    0.135211] SCSI subsystem initialized
[    0.135224] libata version 3.00 loaded.
[    0.135224] pci 0000:00:02.0: vgaarb: setting as boot VGA device
[    0.135224] pci 0000:00:02.0: vgaarb: VGA device added: decodes=io+mem,owns=io+mem,locks=none
[    0.135224] pci 0000:00:02.0: vgaarb: bridge control possible
[    0.135224] vgaarb: loaded
[    0.135224] ACPI: bus type USB registered
[    0.135224] usbcore: registered new interface driver usbfs
[    0.135224] usbcore: registered new interface driver hub
[    0.135224] usbcore: registered new device driver usb
[    0.135224] EDAC MC: Ver: 3.0.0
[    0.135224] Registered efivars operations
[    0.144038] PCI: Using ACPI for IRQ routing
[    0.173013] PCI: pci_cache_line_size set to 64 bytes
[    0.173353] e820: reserve RAM buffer [mem 0x00058000-0x0005ffff]
[    0.173353] e820: reserve RAM buffer [mem 0x0009e000-0x0009ffff]
[    0.173354] e820: reserve RAM buffer [mem 0x94221018-0x97ffffff]
[    0.173354] e820: reserve RAM buffer [mem 0x96105000-0x97ffffff]
[    0.173355] e820: reserve RAM buffer [mem 0x9ef05000-0x9fffffff]
[    0.173355] e820: reserve RAM buffer [mem 0x9ffff000-0x9fffffff]
[    0.173356] e820: reserve RAM buffer [mem 0xa8600000-0xabffffff]
[    0.173356] e820: reserve RAM buffer [mem 0x350800000-0x353ffffff]
[    0.173407] NetLabel: Initializing
[    0.173407] NetLabel:  domain hash size = 128
[    0.173408] NetLabel:  protocols = UNLABELED CIPSOv4 CALIPSO
[    0.173417] NetLabel:  unlabeled traffic allowed by default
[    0.173425] hpet0: at MMIO 0xfed00000, IRQs 2, 8, 0, 0, 0, 0, 0, 0
[    0.173425] hpet0: 8 comparators, 64-bit 24.000000 MHz counter
[    0.174464] clocksource: Switched to clocksource hpet
[    0.178188] VFS: Disk quotas dquot_6.6.0
[    0.178197] VFS: Dquot-cache hash table entries: 512 (order 0, 4096 bytes)
[    0.178253] AppArmor: AppArmor Filesystem Enabled
[    0.178267] pnp: PnP ACPI init
[    0.178446] system 00:00: [io  0x0680-0x069f] has been reserved
[    0.178447] system 00:00: [io  0xffff] has been reserved
[    0.178448] system 00:00: [io  0xffff] has been reserved
[    0.178449] system 00:00: [io  0xffff] has been reserved
[    0.178450] system 00:00: [io  0x1800-0x18fe] has been reserved
[    0.178450] system 00:00: [io  0x164e-0x164f] has been reserved
[    0.178453] system 00:00: Plug and Play ACPI device, IDs PNP0c02 (active)
[    0.178529] pnp 00:01: Plug and Play ACPI device, IDs PNP0b00 (active)
[    0.178556] system 00:02: [io  0x1854-0x1857] has been reserved
[    0.178558] system 00:02: Plug and Play ACPI device, IDs INT3f0d PNP0c02 (active)
[    0.178887] pnp 00:03: Plug and Play ACPI device, IDs PNP0303 (active)
[    0.178899] pnp 00:04: Plug and Play ACPI device, IDs SYN0609 PNP0f13 (active)
[    0.179084] system 00:05: [mem 0xfed10000-0xfed17fff] has been reserved
[    0.179085] system 00:05: [mem 0xfed18000-0xfed18fff] has been reserved
[    0.179086] system 00:05: [mem 0xfed19000-0xfed19fff] has been reserved
[    0.179086] system 00:05: [mem 0xe0000000-0xefffffff] has been reserved
[    0.179087] system 00:05: [mem 0xfed20000-0xfed3ffff] has been reserved
[    0.179088] system 00:05: [mem 0xfed90000-0xfed93fff] could not be reserved
[    0.179089] system 00:05: [mem 0xfed45000-0xfed8ffff] has been reserved
[    0.179089] system 00:05: [mem 0xff000000-0xffffffff] has been reserved
[    0.179090] system 00:05: [mem 0xfee00000-0xfeefffff] could not be reserved
[    0.179091] system 00:05: [mem 0xdffe0000-0xdfffffff] has been reserved
[    0.179093] system 00:05: Plug and Play ACPI device, IDs PNP0c02 (active)
[    0.179123] system 00:06: [mem 0xfd000000-0xfdabffff] has been reserved
[    0.179124] system 00:06: [mem 0xfdad0000-0xfdadffff] has been reserved
[    0.179124] system 00:06: [mem 0xfdb00000-0xfdffffff] has been reserved
[    0.179125] system 00:06: [mem 0xfe000000-0xfe01ffff] could not be reserved
[    0.179126] system 00:06: [mem 0xfe036000-0xfe03bfff] has been reserved
[    0.179127] system 00:06: [mem 0xfe03d000-0xfe3fffff] has been reserved
[    0.179128] system 00:06: [mem 0xfe410000-0xfe7fffff] has been reserved
[    0.179130] system 00:06: Plug and Play ACPI device, IDs PNP0c02 (active)
[    0.179363] system 00:07: [io  0xff00-0xfffe] has been reserved
[    0.179365] system 00:07: Plug and Play ACPI device, IDs PNP0c02 (active)
[    0.180317] system 00:08: [mem 0xfe029000-0xfe029fff] has been reserved
[    0.180318] system 00:08: [mem 0xfe028000-0xfe028fff] has been reserved
[    0.180319] system 00:08: [mem 0xfe035000-0xfe035fff] has been reserved
[    0.180320] system 00:08: [mem 0xfe034008-0xfe034fff] has been reserved
[    0.180322] system 00:08: Plug and Play ACPI device, IDs PNP0c02 (active)
[    0.180755] system 00:09: [mem 0xfe034000-0xfe034007] has been reserved
[    0.180757] system 00:09: Plug and Play ACPI device, IDs PNP0c02 (active)
[    0.184100] pnp: PnP ACPI: found 10 devices
[    0.191541] clocksource: acpi_pm: mask: 0xffffff max_cycles: 0xffffff, max_idle_ns: 2085701024 ns
[    0.191556] pci 0000:00:1c.0: PCI bridge to [bus 01]
[    0.191568] pci 0000:00:1c.0:   bridge window [mem 0xd1000000-0xd10fffff]
[    0.191574] pci_bus 0000:00: resource 4 [io  0x0000-0x0cf7 window]
[    0.191574] pci_bus 0000:00: resource 5 [io  0x0d00-0xffff window]
[    0.191575] pci_bus 0000:00: resource 6 [mem 0x000a0000-0x000bffff window]
[    0.191576] pci_bus 0000:00: resource 7 [mem 0x000c0000-0x000c3fff window]
[    0.191576] pci_bus 0000:00: resource 8 [mem 0x000c4000-0x000c7fff window]
[    0.191577] pci_bus 0000:00: resource 9 [mem 0x000c8000-0x000cbfff window]
[    0.191578] pci_bus 0000:00: resource 10 [mem 0x000cc000-0x000cffff window]
[    0.191578] pci_bus 0000:00: resource 11 [mem 0x000d0000-0x000d3fff window]
[    0.191579] pci_bus 0000:00: resource 12 [mem 0x000d4000-0x000d7fff window]
[    0.191579] pci_bus 0000:00: resource 13 [mem 0x000d8000-0x000dbfff window]
[    0.191580] pci_bus 0000:00: resource 14 [mem 0x000dc000-0x000dffff window]
[    0.191581] pci_bus 0000:00: resource 15 [mem 0x000e4000-0x000e7fff window]
[    0.191581] pci_bus 0000:00: resource 16 [mem 0x000e8000-0x000ebfff window]
[    0.191582] pci_bus 0000:00: resource 17 [mem 0x000ec000-0x000effff window]
[    0.191582] pci_bus 0000:00: resource 18 [mem 0xae800000-0xdfffffff window]
[    0.191583] pci_bus 0000:00: resource 19 [mem 0xfd000000-0xfe7fffff window]
[    0.191584] pci_bus 0000:01: resource 1 [mem 0xd1000000-0xd10fffff]
[    0.191698] NET: Registered protocol family 2
[    0.191789] TCP established hash table entries: 131072 (order: 8, 1048576 bytes)
[    0.191898] TCP bind hash table entries: 65536 (order: 8, 1048576 bytes)
[    0.191972] TCP: Hash tables configured (established 131072 bind 65536)
[    0.191993] UDP hash table entries: 8192 (order: 6, 262144 bytes)
[    0.192043] UDP-Lite hash table entries: 8192 (order: 6, 262144 bytes)
[    0.192083] NET: Registered protocol family 1
[    0.192099] pci 0000:00:02.0: Video device with shadowed ROM at [mem 0x000c0000-0x000dffff]
[    0.192447] PCI: CLS 0 bytes, default 64
[    0.192470] Unpacking initramfs...
[    0.694926] Freeing initrd memory: 54300K
[    0.694984] DMAR: ACPI device "device:6b" under DMAR at fed91000 as 00:15.0
[    0.694987] DMAR: ACPI device "device:6c" under DMAR at fed91000 as 00:15.1
[    0.695000] PCI-DMA: Using software bounce buffering for IO (SWIOTLB)
[    0.695000] software IO TLB: mapped [mem 0x97f6f000-0x9bf6f000] (64MB)
[    0.695309] clocksource: tsc: mask: 0xffffffffffffffff max_cycles: 0x396d519840e, max_idle_ns: 881590569543 ns
[    0.695523] Scanning for low memory corruption every 60 seconds
[    0.696083] Initialise system trusted keyrings
[    0.696090] Key type blacklist registered
[    0.696160] workingset: timestamp_bits=36 max_order=22 bucket_order=0
[    0.696795] zbud: loaded
[    0.697162] squashfs: version 4.0 (2009/01/31) Phillip Lougher
[    0.697286] fuse init (API version 7.26)
[    0.699608] Key type asymmetric registered
[    0.699609] Asymmetric key parser 'x509' registered
[    0.699624] Block layer SCSI generic (bsg) driver version 0.4 loaded (major 246)
[    0.699670] io scheduler noop registered
[    0.699671] io scheduler deadline registered
[    0.699684] io scheduler cfq registered (default)
[    0.700175] pcieport 0000:00:1c.0: AER enabled with IRQ 122
[    0.700192] pcieport 0000:00:1c.0: Signaling PME with IRQ 122
[    0.700231] efifb: probing for efifb
[    0.700239] efifb: framebuffer at 0xc0000000, using 8100k, total 8100k
[    0.700239] efifb: mode is 1920x1080x32, linelength=7680, pages=1
[    0.700239] efifb: scrolling: redraw
[    0.700240] efifb: Truecolor: size=8:8:8:8, shift=24:16:8:0
[    0.700302] Console: switching to colour frame buffer device 240x67
[    0.700317] fb0: EFI VGA frame buffer device
[    0.700322] intel_idle: MWAIT substates: 0x11142120
[    0.700322] intel_idle: v0.4.1 model 0x8E
[    0.700733] intel_idle: lapic_timer_reliable_states 0xffffffff
[    0.702062] ACPI: AC Adapter [AC] (off-line)
[    0.702106] input: Lid Switch as /devices/LNXSYSTM:00/LNXSYBUS:00/PNP0C0D:00/input/input0
[    0.702169] ACPI: Lid Switch [LID0]
[    0.702186] input: Power Button as /devices/LNXSYSTM:00/LNXSYBUS:00/PNP0C0C:00/input/input1
[    0.702232] ACPI: Power Button [PBTN]
[    0.702248] input: Sleep Button as /devices/LNXSYSTM:00/LNXSYBUS:00/PNP0C0E:00/input/input2
[    0.702254] ACPI: Sleep Button [SBTN]
[    0.702271] input: Power Button as /devices/LNXSYSTM:00/LNXPWRBN:00/input/input3
[    0.702325] ACPI: Power Button [PWRF]
[    0.704214] (NULL device *): hwmon_device_register() is deprecated. Please convert the driver to use hwmon_device_register_with_info().
[    0.704649] thermal LNXTHERM:00: registered as thermal_zone0
[    0.704650] ACPI: Thermal Zone [THM] (25 C)
[    0.704829] Serial: 8250/16550 driver, 32 ports, IRQ sharing enabled
[    0.709225] Linux agpgart interface v0.103
[    0.715099] random: fast init done
[    0.734666] ACPI: Battery Slot [BAT0] (battery present)
[    0.772031] loop: module loaded
[    0.772228] libphy: Fixed MDIO Bus: probed
[    0.772229] tun: Universal TUN/TAP device driver, 1.6
[    0.772333] PPP generic driver version 2.4.2
[    0.772441] ehci_hcd: USB 2.0 'Enhanced' Host Controller (EHCI) Driver
[    0.772444] ehci-pci: EHCI PCI platform driver
[    0.772456] ehci-platform: EHCI generic platform driver
[    0.772469] ohci_hcd: USB 1.1 'Open' Host Controller (OHCI) Driver
[    0.772470] ohci-pci: OHCI PCI platform driver
[    0.772479] ohci-platform: OHCI generic platform driver
[    0.772488] uhci_hcd: USB Universal Host Controller Interface driver
[    0.772719] xhci_hcd 0000:00:14.0: xHCI Host Controller
[    0.772725] xhci_hcd 0000:00:14.0: new USB bus registered, assigned bus number 1
[    0.773847] xhci_hcd 0000:00:14.0: hcc params 0x200077c1 hci version 0x100 quirks 0x0000000001109810
[    0.773854] xhci_hcd 0000:00:14.0: cache line size of 64 is not supported
[    0.774034] usb usb1: New USB device found, idVendor=1d6b, idProduct=0002
[    0.774036] usb usb1: New USB device strings: Mfr=3, Product=2, SerialNumber=1
[    0.774037] usb usb1: Product: xHCI Host Controller
[    0.774039] usb usb1: Manufacturer: Linux 4.15.0-65-generic xhci-hcd
[    0.774040] usb usb1: SerialNumber: 0000:00:14.0
[    0.774232] hub 1-0:1.0: USB hub found
[    0.774251] hub 1-0:1.0: 12 ports detected
[    0.776529] xhci_hcd 0000:00:14.0: xHCI Host Controller
[    0.776532] xhci_hcd 0000:00:14.0: new USB bus registered, assigned bus number 2
[    0.776533] xhci_hcd 0000:00:14.0: Host supports USB 3.0  SuperSpeed
[    0.776561] usb usb2: New USB device found, idVendor=1d6b, idProduct=0003
[    0.776561] usb usb2: New USB device strings: Mfr=3, Product=2, SerialNumber=1
[    0.776562] usb usb2: Product: xHCI Host Controller
[    0.776562] usb usb2: Manufacturer: Linux 4.15.0-65-generic xhci-hcd
[    0.776563] usb usb2: SerialNumber: 0000:00:14.0
[    0.776678] hub 2-0:1.0: USB hub found
[    0.776708] hub 2-0:1.0: 6 ports detected
[    0.777474] i8042: PNP: PS/2 Controller [PNP0303:PS2K,PNP0f13:PS2M] at 0x60,0x64 irq 1,12
[    0.779189] i8042: Warning: Keylock active
[    0.781144] serio: i8042 KBD port at 0x60,0x64 irq 1
[    0.781147] serio: i8042 AUX port at 0x60,0x64 irq 12
[    0.781371] mousedev: PS/2 mouse device common for all mice
[    0.782046] rtc_cmos 00:01: RTC can wake from S4
[    0.782756] rtc_cmos 00:01: rtc core: registered rtc_cmos as rtc0
[    0.782878] rtc_cmos 00:01: alarms up to one month, y3k, 242 bytes nvram, hpet irqs
[    0.782883] i2c /dev entries driver
[    0.782907] device-mapper: uevent: version 1.0.3
[    0.783039] device-mapper: ioctl: 4.37.0-ioctl (2017-09-20) initialised: dm-devel@redhat.com
[    0.783041] intel_pstate: Intel P-state driver initializing
[    0.783245] input: AT Translated Set 2 keyboard as /devices/platform/i8042/serio0/input/input4
[    0.784139] intel_pstate: HWP enabled
[    0.784857] ledtrig-cpu: registered to indicate activity on CPUs
[    0.784859] EFI Variables Facility v0.08 2004-May-17
[    0.794739] intel_pmc_core:  initialized
[    0.794864] NET: Registered protocol family 10
[    0.799184] Segment Routing with IPv6
[    0.799194] NET: Registered protocol family 17
[    0.799408] Key type dns_resolver registered
[    0.800490] mce: Using 10 MCE banks
[    0.800496] RAS: Correctable Errors collector initialized.
[    0.800529] microcode: sig=0x806ea, pf=0x80, revision=0xb4
[    0.800961] microcode: Microcode Update Driver: v2.2.
[    0.800966] sched_clock: Marking stable (800950276, 0)->(788839942, 12110334)
[    0.801396] registered taskstats version 1
[    0.801401] Loading compiled-in X.509 certificates
[    0.803125] Loaded X.509 cert 'Build time autogenerated kernel key: c141a7cda3bfb20387e47fbf89bc990056a7dcf3'
[    0.803350] Loaded UEFI:db cert 'Dell Inc. UEFI DB: 5ddb772dc880660055ba0bc131886bb630a639e7' linked to secondary sys keyring
[    0.803364] Loaded UEFI:db cert 'Microsoft Corporation UEFI CA 2011: 13adbf4309bd82709c8cd54f316ed522988a1bd4' linked to secondary sys keyring
[    0.803374] Loaded UEFI:db cert 'Microsoft Windows Production PCA 2011: a92902398e16c49778cd90f99e4f9ae17c55af53' linked to secondary sys keyring
[    0.803458] Couldn't get size: 0x800000000000000e
[    0.803459] MODSIGN: Couldn't get UEFI MokListRT
[    0.803762] zswap: loaded using pool lzo/zbud
[    0.806985] Key type big_key registered
[    0.806988] Key type trusted registered
[    0.808647] Key type encrypted registered
[    0.808650] AppArmor: AppArmor sha1 policy hashing enabled
[    0.815732] ima: Allocated hash algorithm: sha1
[    0.879771] evm: HMAC attrs: 0x1
[    0.880963]   Magic number: 7:678:807
[    0.881000] misc snapshot: hash matches
[    0.881416] rtc_cmos 00:01: setting system clock to 2019-10-13 23:47:46 UTC (1571010466)
[    0.881585] BIOS EDD facility v0.16 2004-Jun-25, 0 devices found
[    0.881585] EDD information not available.
[    1.112068] usb 1-5: new high-speed USB device number 2 using xhci_hcd
[    1.163485] Freeing unused kernel image memory: 2428K
[    1.168071] Write protecting the kernel read-only data: 20480k
[    1.169389] Freeing unused kernel image memory: 2008K
[    1.169700] Freeing unused kernel image memory: 1940K
[    1.175019] x86/mm: Checked W+X mappings: passed, no W+X pages found.
[    1.175020] x86/mm: Checking user space page tables
[    1.180143] x86/mm: Checked W+X mappings: passed, no W+X pages found.
[    1.187605] random: systemd-udevd: uninitialized urandom read (16 bytes read)
[    1.187660] random: systemd-udevd: uninitialized urandom read (16 bytes read)
[    1.187665] random: systemd-udevd: uninitialized urandom read (16 bytes read)
[    1.246842] hidraw: raw HID events driver (C) Jiri Kosina
[    1.249764] wmi_bus wmi_bus-PNP0C14:00: WQBC data block query control method not found
[    1.251560] intel_ish_ipc 0000:00:13.0: enabling device (0000 -> 0002)
[    1.310195] usb 1-5: New USB device found, idVendor=0bda, idProduct=5692
[    1.310197] usb 1-5: New USB device strings: Mfr=3, Product=1, SerialNumber=2
[    1.310197] usb 1-5: Product: Integrated_Webcam_HD
[    1.310198] usb 1-5: Manufacturer: CNFGE29N273232019912
[    1.310199] usb 1-5: SerialNumber: 0001
[    1.440075] usb 1-7: new full-speed USB device number 3 using xhci_hcd
[    1.593645] usb 1-7: New USB device found, idVendor=8087, idProduct=0a2a
[    1.593646] usb 1-7: New USB device strings: Mfr=0, Product=0, SerialNumber=0
[    1.724395] clocksource: Switched to clocksource tsc
[    1.980323] ahci 0000:00:17.0: version 3.0
[    1.980479] ahci 0000:00:17.0: SSS flag set, parallel bus scan disabled
[    1.980499] ahci 0000:00:17.0: AHCI 0001.0301 32 slots 2 ports 6 Gbps 0x1 impl SATA mode
[    1.980500] ahci 0000:00:17.0: flags: 64bit ncq stag pm led clo only pio slum part deso sadm sds apst 
[    1.980701] scsi host0: ahci
[    1.980884] scsi host1: ahci
[    1.980919] ata1: SATA max UDMA/133 abar m2048@0xd1133000 port 0xd1133100 irq 124
[    1.980920] ata2: DUMMY
[    1.983005] ish-hid {33AECD58-B679-4E54-9BD9-A04D34F0C226}: [hid-ish]: enum_devices_done OK, num_hid_devices=4
[    1.983706] [drm] Memory usable by graphics device = 4096M
[    1.983707] checking generic (c0000000 7e9000) vs hw (c0000000 10000000)
[    1.983708] fb: switching to inteldrmfb from EFI VGA
[    1.983722] Console: switching to colour dummy device 80x25
[    1.983775] [drm] Replacing VGA console driver
[    1.989887] [drm] Supports vblank timestamp caching Rev 2 (21.10.2013).
[    1.989887] [drm] Driver supports precise vblank timestamp query.
[    1.992045] i915 0000:00:02.0: vgaarb: changed VGA decodes: olddecodes=io+mem,decodes=io+mem:owns=io+mem
[    1.992832] [drm] Finished loading DMC firmware i915/kbl_dmc_ver1_01.bin (v1.1)
[    2.213146] psmouse serio1: synaptics: queried max coordinates: x [..5664], y [..4648]
[    2.239913] psmouse serio1: synaptics: queried min coordinates: x [1278..], y [1206..]
[    2.239916] psmouse serio1: synaptics: Your touchpad (PNP: SYN0609 PNP0f13) says it can support a different bus. If i2c-hid and hid-rmi are not used, you might want to try setting psmouse.synaptics_intertouch to 1 and report this to linux-input@vger.kernel.org.
[    2.292541] [drm] Initialized i915 1.6.0 20171023 for 0000:00:02.0 on minor 0
[    2.293402] psmouse serio1: synaptics: Touchpad model: 1, fw: 8.2, id: 0x1e2a1, caps: 0xf00223/0x840300/0x12e800/0x0, board id: 3240, fw id: 2374689
[    2.294216] ata1: SATA link up 6.0 Gbps (SStatus 133 SControl 300)
[    2.297511] ACPI: Video Device [GFX0] (multi-head: yes  rom: no  post: no)
[    2.298308] input: Video Bus as /devices/LNXSYSTM:00/LNXSYBUS:00/PNP0A08:00/LNXVIDEO:00/input/input7
[    2.307167] ata1.00: ACPI cmd ef/10:06:00:00:00:00 (SET FEATURES) succeeded
[    2.307169] ata1.00: ACPI cmd f5/00:00:00:00:00:00 (SECURITY FREEZE LOCK) filtered out
[    2.307170] ata1.00: ACPI cmd b1/c1:00:00:00:00:00 (DEVICE CONFIGURATION OVERLAY) filtered out
[    2.308447] ata1.00: ACPI cmd 00/00:00:00:00:00:a0 (NOP) rejected by device (Stat=0x51 Err=0x04)
[    2.329307] input: SynPS/2 Synaptics TouchPad as /devices/platform/i8042/serio1/input/input6
[    2.429114] ata1.00: ATA-10: ST2000LM007-1R8174, SDM2, max UDMA/133
[    2.429115] ata1.00: 3907029168 sectors, multi 16: LBA48 NCQ (depth 31/32), AA
[    2.452993] ata1.00: ACPI cmd ef/10:06:00:00:00:00 (SET FEATURES) succeeded
[    2.452995] ata1.00: ACPI cmd f5/00:00:00:00:00:00 (SECURITY FREEZE LOCK) filtered out
[    2.452996] ata1.00: ACPI cmd b1/c1:00:00:00:00:00 (DEVICE CONFIGURATION OVERLAY) filtered out
[    2.453606] ata1.00: ACPI cmd 00/00:00:00:00:00:a0 (NOP) rejected by device (Stat=0x51 Err=0x04)
[    2.491268] ata1.00: configured for UDMA/133
[    2.491545] scsi 0:0:0:0: Direct-Access     ATA      ST2000LM007-1R81 SDM2 PQ: 0 ANSI: 5
[    2.491906] sd 0:0:0:0: Attached scsi generic sg0 type 0
[    2.491997] sd 0:0:0:0: [sda] 3907029168 512-byte logical blocks: (2.00 TB/1.82 TiB)
[    2.491998] sd 0:0:0:0: [sda] 4096-byte physical blocks
[    2.492006] sd 0:0:0:0: [sda] Write Protect is off
[    2.492007] sd 0:0:0:0: [sda] Mode Sense: 00 3a 00 00
[    2.492019] sd 0:0:0:0: [sda] Write cache: enabled, read cache: enabled, doesn't support DPO or FUA
[    2.545185]  sda: sda1 sda2 sda3 sda4 sda5 sda6 sda7 sda8
[    2.546033] sd 0:0:0:0: [sda] Attached SCSI disk
[    2.557284] fbcon: inteldrmfb (fb0) is primary device
[    2.557318] Console: switching to colour frame buffer device 240x67
[    2.557333] i915 0000:00:02.0: fb0: inteldrmfb frame buffer device
[    3.772585] [drm] RC6 on
[    3.893909] EXT4-fs (sda7): mounted filesystem with ordered data mode. Opts: (null)
[    4.616124] random: crng init done
[    4.616126] random: 7 urandom warning(s) missed due to ratelimiting
[    6.302062] systemd[1]: systemd 229 running in system mode. (+PAM +AUDIT +SELINUX +IMA +APPARMOR +SMACK +SYSVINIT +UTMP +LIBCRYPTSETUP +GCRYPT +GNUTLS +ACL +XZ -LZ4 +SECCOMP +BLKID +ELFUTILS +KMOD -IDN)
[    6.320104] systemd[1]: Detected architecture x86-64.
[    6.341402] systemd[1]: Set hostname to <Raigad>.
[    8.351497] systemd[1]: Listening on udev Kernel Socket.
[    8.351542] systemd[1]: Reached target User and Group Name Lookups.
[    8.351576] systemd[1]: Listening on Journal Socket.
[    8.351605] systemd[1]: Started Forward Password Requests to Wall Directory Watch.
[    8.351630] systemd[1]: Listening on /dev/initctl Compatibility Named Pipe.
[    8.351691] systemd[1]: Created slice System Slice.
[    8.351944] systemd[1]: Started Braille Device Support.
[    8.901961] EXT4-fs (sda7): re-mounted. Opts: errors=remount-ro
[    9.874853] lp: driver loaded but no devices found
[    9.933729] ppdev: user-space parallel port driver
[   10.116377] systemd-journald[288]: Received request to flush runtime journal from PID 1
[   24.307683] input: Intel Virtual Button driver as /devices/pci0000:00/0000:00:1f.0/PNP0C09:00/INT33D6:00/input/input8
[   24.314284] proc_thermal 0000:00:04.0: enabling device (0000 -> 0002)
[   24.334942] proc_thermal 0000:00:04.0: Creating sysfs group for PROC_THERMAL_PCI
[   24.341965] (NULL device *): hwmon_device_register() is deprecated. Please convert the driver to use hwmon_device_register_with_info().
[   24.350445] Bluetooth: Core ver 2.22
[   24.350456] NET: Registered protocol family 31
[   24.350456] Bluetooth: HCI device and connection manager initialized
[   24.350459] Bluetooth: HCI socket layer initialized
[   24.350460] Bluetooth: L2CAP socket layer initialized
[   24.350464] Bluetooth: SCO socket layer initialized
[   24.351068] intel-lpss 0000:00:15.0: enabling device (0000 -> 0002)
[   24.354771] usbcore: registered new interface driver btusb
[   24.356727] idma64 idma64.0: Found Intel integrated DMA 64-bit
[   24.369750] Bluetooth: hci0: read Intel version: 370810011003110e00
[   24.401083] dcdbas dcdbas: Dell Systems Management Base Driver (version 5.6.0-3.2)
[   24.401387] acpi INT33D5:00: intel-hid: created platform device
[   24.401482] input: Intel HID events as /devices/platform/INT33D5:00/input/input9
[   24.403657] input: Dell WMI hotkeys as /devices/platform/PNP0C14:00/wmi_bus/wmi_bus-PNP0C14:00/9DBB5994-A997-11DA-B012-B622A1EF5492/input/input10
[   24.428412] i2c_hid i2c-DELL07EC:00: i2c-DELL07EC:00 supply vdd not found, using dummy regulator
[   24.445176] Bluetooth: hci0: Intel Bluetooth firmware file: intel/ibt-hw-37.8.10-fw-1.10.3.11.e.bseq
[   24.456303] RAPL PMU: API unit is 2^-32 Joules, 5 fixed counters, 655360 ms ovfl timer
[   24.456304] RAPL PMU: hw unit of domain pp0-core 2^-14 Joules
[   24.456305] RAPL PMU: hw unit of domain package 2^-14 Joules
[   24.456305] RAPL PMU: hw unit of domain dram 2^-14 Joules
[   24.456306] RAPL PMU: hw unit of domain pp1-gpu 2^-14 Joules
[   24.456306] RAPL PMU: hw unit of domain psys 2^-14 Joules
[   24.461615] AVX2 version of gcm_enc/dec engaged.
[   24.461616] AES CTR mode by8 optimization enabled
[   24.486631] intel_rapl: Found RAPL domain package
[   24.486633] intel_rapl: Found RAPL domain core
[   24.486633] intel_rapl: Found RAPL domain uncore
[   24.486634] intel_rapl: Found RAPL domain dram
[   24.507340] intel-lpss 0000:00:15.1: enabling device (0000 -> 0002)
[   24.507536] idma64 idma64.1: Found Intel integrated DMA 64-bit
[   24.508925] media: Linux media interface: v0.10
[   24.512821] Linux video capture interface: v2.00
[   24.518000] uvcvideo: Found UVC 1.00 device Integrated_Webcam_HD (0bda:5692)
[   24.520263] uvcvideo 1-5:1.0: Entity type for entity Extension 4 was not initialized!
[   24.520264] uvcvideo 1-5:1.0: Entity type for entity Extension 7 was not initialized!
[   24.520265] uvcvideo 1-5:1.0: Entity type for entity Processing 2 was not initialized!
[   24.520266] uvcvideo 1-5:1.0: Entity type for entity Camera 1 was not initialized!
[   24.520301] input: Integrated_Webcam_HD: Integrate as /devices/pci0000:00/0000:00:14.0/usb1/1-5/1-5:1.0/input/input11
[   24.520869] uvcvideo: Found UVC 1.00 device Integrated_Webcam_HD (0bda:5692)
[   24.522864] uvcvideo: Unable to create debugfs 1-2 directory.
[   24.522885] uvcvideo 1-5:1.2: Entity type for entity Extension 10 was not initialized!
[   24.522886] uvcvideo 1-5:1.2: Entity type for entity Extension 12 was not initialized!
[   24.522886] uvcvideo 1-5:1.2: Entity type for entity Processing 9 was not initialized!
[   24.522887] uvcvideo 1-5:1.2: Entity type for entity Camera 11 was not initialized!
[   24.522918] input: Integrated_Webcam_HD: Integrate as /devices/pci0000:00/0000:00:14.0/usb1/1-5/1-5:1.2/input/input12
[   24.522947] usbcore: registered new interface driver uvcvideo
[   24.522947] USB Video Class driver (1.1.1)
[   24.593642] i2c_hid i2c-ELAN2097:00: i2c-ELAN2097:00 supply vdd not found, using dummy regulator
[   24.659264] shpchp: Standard Hot Plug PCI Controller Driver version: 0.4
[   24.659310] mei_me 0000:00:16.0: enabling device (0000 -> 0002)
[   24.673514] snd_hda_intel 0000:00:1f.3: enabling device (0000 -> 0002)
[   24.673673] snd_hda_intel 0000:00:1f.3: bound 0000:00:02.0 (ops i915_audio_component_bind_ops [i915])
[   24.675740] Bluetooth: hci0: unexpected event for opcode 0xfc2f
[   24.683995] cfg80211: Loading compiled-in X.509 certificates for regulatory database
[   24.684122] input: DELL07EC:00 06CB:7E92 Touchpad as /devices/pci0000:00/0000:00:15.0/i2c_designware.0/i2c-6/i2c-DELL07EC:00/0018:06CB:7E92.0005/input/input14
[   24.684216] hid-multitouch 0018:06CB:7E92.0005: input,hidraw0: I2C HID v1.00 Mouse [DELL07EC:00 06CB:7E92] on i2c-DELL07EC:00
[   24.687392] cfg80211: Loaded X.509 cert 'sforshee: 00b28ddf47aef9cea7'
[   24.692758] Bluetooth: hci0: Intel firmware patch completed and activated
[   24.692873] Intel(R) Wireless WiFi driver for Linux
[   24.692874] Copyright(c) 2003- 2015 Intel Corporation
[   24.693226] iwlwifi 0000:01:00.0: enabling device (0000 -> 0002)
[   24.693317] input: ELAN2097:00 04F3:2504 as /devices/pci0000:00/0000:00:15.1/i2c_designware.1/i2c-7/i2c-ELAN2097:00/0018:04F3:2504.0006/input/input19
[   24.693717] input: ELAN2097:00 04F3:2504 Pen as /devices/pci0000:00/0000:00:15.1/i2c_designware.1/i2c-7/i2c-ELAN2097:00/0018:04F3:2504.0006/input/input22
[   24.694202] hid-multitouch 0018:04F3:2504.0006: input,hidraw1: I2C HID v1.00 Device [ELAN2097:00 04F3:2504] on i2c-ELAN2097:00
[   24.728633] iwlwifi 0000:01:00.0: loaded firmware version 29.1044073957.0 op_mode iwlmvm
[   24.754774] iwlwifi 0000:01:00.0: Detected Intel(R) Dual Band Wireless AC 7265, REV=0x210
[   24.766206] snd_hda_codec_realtek hdaudioC0D0: autoconfig for ALC3254: line_outs=1 (0x14/0x0/0x0/0x0/0x0) type:speaker
[   24.766208] snd_hda_codec_realtek hdaudioC0D0:    speaker_outs=0 (0x0/0x0/0x0/0x0/0x0)
[   24.766209] snd_hda_codec_realtek hdaudioC0D0:    hp_outs=1 (0x21/0x0/0x0/0x0/0x0)
[   24.766209] snd_hda_codec_realtek hdaudioC0D0:    mono: mono_out=0x0
[   24.766210] snd_hda_codec_realtek hdaudioC0D0:    inputs:
[   24.766211] snd_hda_codec_realtek hdaudioC0D0:      Headset Mic=0x19
[   24.766211] snd_hda_codec_realtek hdaudioC0D0:      Headphone Mic=0x1a
[   24.766212] snd_hda_codec_realtek hdaudioC0D0:      Internal Mic=0x12
[   24.768498] pcieport 0000:00:1c.0: AER: Corrected error received: id=00e0
[   24.768502] pcieport 0000:00:1c.0: PCIe Bus Error: severity=Corrected, type=Physical Layer, id=00e0(Receiver ID)
[   24.768504] pcieport 0000:00:1c.0:   device [8086:9d15] error status/mask=00000001/00002000
[   24.768505] pcieport 0000:00:1c.0:    [ 0] Receiver Error         (First)
[   24.774358] iwlwifi 0000:01:00.0: base HW address: bc:a8:a6:e1:73:96
[   24.820262] snd_hda_codec_realtek hdaudioC0D0: Failed to find dell wmi symbol dell_micmute_led_set
[   24.839104] ieee80211 phy0: Selected rate control algorithm 'iwl-mvm-rs'
[   24.840367] (NULL device *): hwmon_device_register() is deprecated. Please convert the driver to use hwmon_device_register_with_info().
[   24.840378] thermal thermal_zone8: failed to read out thermal zone (-61)
[   24.840834] iwlwifi 0000:01:00.0 wlp1s0: renamed from wlan0
[   24.879837] input: HDA Intel PCH Headphone Mic as /devices/pci0000:00/0000:00:1f.3/sound/card0/input26
[   24.879867] input: HDA Intel PCH HDMI/DP,pcm=3 as /devices/pci0000:00/0000:00:1f.3/sound/card0/input27
[   24.879891] input: HDA Intel PCH HDMI/DP,pcm=7 as /devices/pci0000:00/0000:00:1f.3/sound/card0/input28
[   24.879915] input: HDA Intel PCH HDMI/DP,pcm=8 as /devices/pci0000:00/0000:00:1f.3/sound/card0/input29
[   24.879940] input: HDA Intel PCH HDMI/DP,pcm=9 as /devices/pci0000:00/0000:00:1f.3/sound/card0/input30
[   24.879964] input: HDA Intel PCH HDMI/DP,pcm=10 as /devices/pci0000:00/0000:00:1f.3/sound/card0/input31
[   26.426853] Adding 12316668k swap on /dev/sda8.  Priority:-2 extents:1 across:12316668k FS
[   28.787385] audit: type=1400 audit(1571010494.399:2): apparmor="STATUS" operation="profile_load" profile="unconfined" name="/usr/sbin/ippusbxd" pid=786 comm="apparmor_parser"
[   28.787912] audit: type=1400 audit(1571010494.399:3): apparmor="STATUS" operation="profile_load" profile="unconfined" name="/usr/sbin/cups-browsed" pid=784 comm="apparmor_parser"
[   28.788170] audit: type=1400 audit(1571010494.403:4): apparmor="STATUS" operation="profile_load" profile="unconfined" name="/sbin/dhclient" pid=779 comm="apparmor_parser"
[   28.788172] audit: type=1400 audit(1571010494.403:5): apparmor="STATUS" operation="profile_load" profile="unconfined" name="/usr/lib/NetworkManager/nm-dhcp-client.action" pid=779 comm="apparmor_parser"
[   28.788174] audit: type=1400 audit(1571010494.403:6): apparmor="STATUS" operation="profile_load" profile="unconfined" name="/usr/lib/NetworkManager/nm-dhcp-helper" pid=779 comm="apparmor_parser"
[   28.788175] audit: type=1400 audit(1571010494.403:7): apparmor="STATUS" operation="profile_load" profile="unconfined" name="/usr/lib/connman/scripts/dhclient-script" pid=779 comm="apparmor_parser"
[   28.789105] audit: type=1400 audit(1571010494.403:8): apparmor="STATUS" operation="profile_load" profile="unconfined" name="/usr/lib/lightdm/lightdm-guest-session" pid=778 comm="apparmor_parser"
[   28.789106] audit: type=1400 audit(1571010494.403:9): apparmor="STATUS" operation="profile_load" profile="unconfined" name="/usr/lib/lightdm/lightdm-guest-session//chromium" pid=778 comm="apparmor_parser"
[   28.789191] audit: type=1400 audit(1571010494.403:10): apparmor="STATUS" operation="profile_load" profile="unconfined" name="/usr/sbin/tcpdump" pid=788 comm="apparmor_parser"
[   28.789199] audit: type=1400 audit(1571010494.403:11): apparmor="STATUS" operation="profile_load" profile="unconfined" name="/usr/lib/cups/backend/cups-pdf" pid=785 comm="apparmor_parser"
[   29.176495] Bluetooth: BNEP (Ethernet Emulation) ver 1.3
[   29.176495] Bluetooth: BNEP filters: protocol multicast
[   29.176497] Bluetooth: BNEP socket layer initialized
[   32.417895] IPv6: ADDRCONF(NETDEV_UP): wlp1s0: link is not ready
[   32.512400] pcieport 0000:00:1c.0: AER: Corrected error received: id=00e0
[   32.512405] pcieport 0000:00:1c.0: PCIe Bus Error: severity=Corrected, type=Physical Layer, id=00e0(Receiver ID)
[   32.512407] pcieport 0000:00:1c.0:   device [8086:9d15] error status/mask=00000001/00002000
[   32.512408] pcieport 0000:00:1c.0:    [ 0] Receiver Error         (First)
[   32.524178] IPv6: ADDRCONF(NETDEV_UP): wlp1s0: link is not ready
[   32.644604] IPv6: ADDRCONF(NETDEV_UP): wlp1s0: link is not ready
[   36.436682] Bluetooth: RFCOMM TTY layer initialized
[   36.436687] Bluetooth: RFCOMM socket layer initialized
[   36.436690] Bluetooth: RFCOMM ver 1.11
[   43.367721] wlp1s0: authenticate with 80:29:94:fd:b6:4a
[   43.375850] wlp1s0: send auth to 80:29:94:fd:b6:4a (try 1/3)
[   43.379824] wlp1s0: authenticated
[   43.380012] wlp1s0: associate with 80:29:94:fd:b6:4a (try 1/3)
[   43.384005] wlp1s0: RX AssocResp from 80:29:94:fd:b6:4a (capab=0x1411 status=0 aid=1)
[   43.386089] wlp1s0: associated
[   43.464648] IPv6: ADDRCONF(NETDEV_CHANGE): wlp1s0: link becomes ready
[  183.728999] kauditd_printk_skb: 14 callbacks suppressed
[  183.728999] audit: type=1400 audit(1571010649.233:26): apparmor="DENIED" operation="capable" profile="/usr/bin/evince//sanitized_helper" pid=2613 comm="firefox" capability=21  capname="sys_admin"
[  345.655979] pcieport 0000:00:1c.0: AER: Corrected error received: id=00e0
[  345.655992] pcieport 0000:00:1c.0: PCIe Bus Error: severity=Corrected, type=Physical Layer, id=00e0(Receiver ID)
[  345.656002] pcieport 0000:00:1c.0:   device [8086:9d15] error status/mask=00000001/00002000
[  345.656008] pcieport 0000:00:1c.0:    [ 0] Receiver Error         (First)
[ 1144.059931] wlp1s0: deauthenticating from 80:29:94:fd:b6:4a by local choice (Reason: 3=DEAUTH_LEAVING)
[ 1144.543226] PM: suspend entry (deep)
[ 1144.543229] PM: Syncing filesystems ... done.
[ 1146.277918] Freezing user space processes ... (elapsed 0.019 seconds) done.
[ 1146.297237] OOM killer disabled.
[ 1146.297239] Freezing remaining freezable tasks ... (elapsed 0.001 seconds) done.
[ 1146.298856] Suspending console(s) (use no_console_suspend to debug)
[ 1146.321240] sd 0:0:0:0: [sda] Synchronizing SCSI cache
[ 1146.358547] sd 0:0:0:0: [sda] Stopping disk
[ 1146.509118] psmouse serio1: Failed to disable mouse on isa0060/serio1
[ 1147.607012] ACPI: EC: interrupt blocked
[ 1147.649722] ACPI: Preparing to enter system sleep state S3
[ 1147.657717] ACPI: EC: event blocked
[ 1147.657717] ACPI: EC: EC stopped
[ 1147.657718] PM: Saving platform NVS memory
[ 1147.657768] Disabling non-boot CPUs ...
[ 1147.674186] smpboot: CPU 1 is now offline
[ 1147.699135] smpboot: CPU 2 is now offline
[ 1147.722733] smpboot: CPU 3 is now offline
[ 1147.746070] IRQ 143: no longer affine to CPU4
[ 1147.748226] smpboot: CPU 4 is now offline
[ 1147.773514] IRQ 123: no longer affine to CPU5
[ 1147.773522] IRQ 124: no longer affine to CPU5
[ 1147.774568] smpboot: CPU 5 is now offline
[ 1147.805569] IRQ 125: no longer affine to CPU6
[ 1147.806592] smpboot: CPU 6 is now offline
[ 1147.825447] IRQ 1: no longer affine to CPU7
[ 1147.825457] IRQ 8: no longer affine to CPU7
[ 1147.825465] IRQ 9: no longer affine to CPU7
[ 1147.825472] IRQ 12: no longer affine to CPU7
[ 1147.825480] IRQ 14: no longer affine to CPU7
[ 1147.825488] IRQ 16: no longer affine to CPU7
[ 1147.826542] smpboot: CPU 7 is now offline
[ 1147.830377] ACPI: Low-level resume complete
[ 1147.830494] ACPI: EC: EC started
[ 1147.830495] PM: Restoring platform NVS memory
[ 1147.840477] Enabling non-boot CPUs ...
[ 1147.840525] x86: Booting SMP configuration:
[ 1147.840526] smpboot: Booting Node 0 Processor 1 APIC 0x2
[ 1147.843054]  cache: parent cpu1 should not be sleeping
[ 1147.843213] CPU1 is up
[ 1147.843238] smpboot: Booting Node 0 Processor 2 APIC 0x4
[ 1147.843796]  cache: parent cpu2 should not be sleeping
[ 1147.843967] CPU2 is up
[ 1147.843992] smpboot: Booting Node 0 Processor 3 APIC 0x6
[ 1147.844470]  cache: parent cpu3 should not be sleeping
[ 1147.844651] CPU3 is up
[ 1147.844675] smpboot: Booting Node 0 Processor 4 APIC 0x1
[ 1147.845266]  cache: parent cpu4 should not be sleeping
[ 1147.845650] CPU4 is up
[ 1147.845673] smpboot: Booting Node 0 Processor 5 APIC 0x3
[ 1147.846137]  cache: parent cpu5 should not be sleeping
[ 1147.846318] CPU5 is up
[ 1147.846348] smpboot: Booting Node 0 Processor 6 APIC 0x5
[ 1147.846832]  cache: parent cpu6 should not be sleeping
[ 1147.847027] CPU6 is up
[ 1147.847047] smpboot: Booting Node 0 Processor 7 APIC 0x7
[ 1147.847532]  cache: parent cpu7 should not be sleeping
[ 1147.847739] CPU7 is up
[ 1147.855464] ACPI: Waking up from system sleep state S3
[ 1147.903548] ACPI: EC: interrupt unblocked
[ 1148.019529] ACPI: EC: event unblocked
[ 1148.020406] sd 0:0:0:0: [sda] Starting disk
[ 1148.030732] ACPI: button: The lid device is not compliant to SW_LID.
[ 1148.253250] usb 1-5: reset high-speed USB device number 2 using xhci_hcd
[ 1148.529443] usb 1-7: reset full-speed USB device number 3 using xhci_hcd
[ 1148.683528] i2c_hid i2c-ELAN2097:00: i2c_hid_get_input: IRQ triggered but there's no data
[ 1148.685153] acpi LNXPOWER:13: Turning OFF
[ 1148.685387] acpi LNXPOWER:12: Turning OFF
[ 1148.685606] acpi LNXPOWER:11: Turning OFF
[ 1148.685828] acpi LNXPOWER:10: Turning OFF
[ 1148.686048] acpi LNXPOWER:0f: Turning OFF
[ 1148.686264] acpi LNXPOWER:0e: Turning OFF
[ 1148.686479] acpi LNXPOWER:0d: Turning OFF
[ 1148.686701] acpi LNXPOWER:0c: Turning OFF
[ 1148.686921] acpi LNXPOWER:0b: Turning OFF
[ 1148.687140] acpi LNXPOWER:0a: Turning OFF
[ 1148.687363] acpi LNXPOWER:09: Turning OFF
[ 1148.687581] acpi LNXPOWER:08: Turning OFF
[ 1148.687799] acpi LNXPOWER:07: Turning OFF
[ 1148.688017] acpi LNXPOWER:06: Turning OFF
[ 1148.688234] acpi LNXPOWER:05: Turning OFF
[ 1148.688453] acpi LNXPOWER:04: Turning OFF
[ 1148.688671] acpi LNXPOWER:03: Turning OFF
[ 1148.688889] acpi LNXPOWER:02: Turning OFF
[ 1148.689152] acpi LNXPOWER:01: Turning OFF
[ 1148.689378] acpi LNXPOWER:00: Turning OFF
[ 1148.689521] OOM killer enabled.
[ 1148.689523] Restarting tasks ... done.
[ 1148.719325] [drm] RC6 on
[ 1148.720987] Bluetooth: hci0: read Intel version: 370810011003110e00
[ 1148.721000] Bluetooth: hci0: Intel Bluetooth firmware file: intel/ibt-hw-37.8.10-fw-1.10.3.11.e.bseq
[ 1148.774104] thermal thermal_zone8: failed to read out thermal zone (-61)
[ 1148.819052] PM: suspend exit
[ 1149.009917] Bluetooth: hci0: unexpected event for opcode 0xfc2f
[ 1149.026957] Bluetooth: hci0: Intel firmware patch completed and activated
[ 1149.049870] ish-hid {33AECD58-B679-4E54-9BD9-A04D34F0C226}: [hid-ish]: enum_devices_done OK, num_hid_devices=4
[ 1150.196900] ata1: SATA link up 6.0 Gbps (SStatus 133 SControl 300)
[ 1150.208785] ata1.00: ACPI cmd ef/10:06:00:00:00:00 (SET FEATURES) succeeded
[ 1150.208794] ata1.00: ACPI cmd f5/00:00:00:00:00:00 (SECURITY FREEZE LOCK) filtered out
[ 1150.208796] ata1.00: ACPI cmd b1/c1:00:00:00:00:00 (DEVICE CONFIGURATION OVERLAY) filtered out
[ 1150.220034] ata1.00: ACPI cmd ef/5a:00:00:00:00:a0 (SET FEATURES) succeeded
[ 1150.281505] ata1.00: ACPI cmd ef/10:06:00:00:00:00 (SET FEATURES) succeeded
[ 1150.281508] ata1.00: ACPI cmd f5/00:00:00:00:00:00 (SECURITY FREEZE LOCK) filtered out
[ 1150.281509] ata1.00: ACPI cmd b1/c1:00:00:00:00:00 (DEVICE CONFIGURATION OVERLAY) filtered out
[ 1150.281714] ata1.00: ACPI cmd 00/00:00:00:00:00:a0 (NOP) rejected by device (Stat=0x51 Err=0x04)
[ 1150.318707] ata1.00: configured for UDMA/133
[ 1150.805804] IPv6: ADDRCONF(NETDEV_UP): wlp1s0: link is not ready
[ 1150.911238] IPv6: ADDRCONF(NETDEV_UP): wlp1s0: link is not ready
[ 1150.962899] IPv6: ADDRCONF(NETDEV_UP): wlp1s0: link is not ready
[ 1155.261931] wlp1s0: authenticate with 80:29:94:fd:b6:4a
[ 1155.266382] wlp1s0: send auth to 80:29:94:fd:b6:4a (try 1/3)
[ 1155.372274] wlp1s0: send auth to 80:29:94:fd:b6:4a (try 2/3)
[ 1155.375270] wlp1s0: authenticated
[ 1155.376201] wlp1s0: associate with 80:29:94:fd:b6:4a (try 1/3)
[ 1155.380394] wlp1s0: RX AssocResp from 80:29:94:fd:b6:4a (capab=0x1411 status=0 aid=1)
[ 1155.382868] wlp1s0: associated
[ 1155.432401] IPv6: ADDRCONF(NETDEV_CHANGE): wlp1s0: link becomes ready
[ 2899.934605] wlp1s0: deauthenticating from 80:29:94:fd:b6:4a by local choice (Reason: 3=DEAUTH_LEAVING)
[ 2901.946627] dell_wmi: Unknown key with type 0x0000 and code 0xe070 pressed
[ 2906.495322] dell_wmi: Unknown key with type 0x0000 and code 0xe070 pressed
[ 2910.475504] PM: suspend entry (deep)
[ 2910.475507] PM: Syncing filesystems ... done.
[ 2910.764631] Freezing user space processes ... (elapsed 0.017 seconds) done.
[ 2910.782640] OOM killer disabled.
[ 2910.782642] Freezing remaining freezable tasks ... (elapsed 0.001 seconds) done.
[ 2910.784193] Suspending console(s) (use no_console_suspend to debug)
[ 2910.811411] sd 0:0:0:0: [sda] Synchronizing SCSI cache
[ 2910.849624] sd 0:0:0:0: [sda] Stopping disk
[ 2911.868619] ACPI: EC: interrupt blocked
[ 2911.912515] ACPI: Preparing to enter system sleep state S3
[ 2911.924555] ACPI: EC: event blocked
[ 2911.924556] ACPI: EC: EC stopped
[ 2911.924556] PM: Saving platform NVS memory
[ 2911.924609] Disabling non-boot CPUs ...
[ 2911.941073] smpboot: CPU 1 is now offline
[ 2911.966158] smpboot: CPU 2 is now offline
[ 2911.989026] smpboot: CPU 3 is now offline
[ 2912.012358] irq_migrate_all_off_this_cpu: 5 callbacks suppressed
[ 2912.012361] IRQ 143: no longer affine to CPU4
[ 2912.014515] smpboot: CPU 4 is now offline
[ 2912.035805] IRQ 123: no longer affine to CPU5
[ 2912.035814] IRQ 124: no longer affine to CPU5
[ 2912.036861] smpboot: CPU 5 is now offline
[ 2912.059865] IRQ 125: no longer affine to CPU6
[ 2912.060920] smpboot: CPU 6 is now offline
[ 2912.083727] IRQ 1: no longer affine to CPU7
[ 2912.083737] IRQ 8: no longer affine to CPU7
[ 2912.083742] IRQ 9: no longer affine to CPU7
[ 2912.083750] IRQ 12: no longer affine to CPU7
[ 2912.083758] IRQ 14: no longer affine to CPU7
[ 2912.083766] IRQ 16: no longer affine to CPU7
[ 2912.084820] smpboot: CPU 7 is now offline
[ 2912.088656] ACPI: Low-level resume complete
[ 2912.088774] ACPI: EC: EC started
[ 2912.088775] PM: Restoring platform NVS memory
[ 2912.096840] Enabling non-boot CPUs ...
[ 2912.096885] x86: Booting SMP configuration:
[ 2912.096886] smpboot: Booting Node 0 Processor 1 APIC 0x2
[ 2912.099251]  cache: parent cpu1 should not be sleeping
[ 2912.099430] CPU1 is up
[ 2912.099462] smpboot: Booting Node 0 Processor 2 APIC 0x4
[ 2912.099947]  cache: parent cpu2 should not be sleeping
[ 2912.100118] CPU2 is up
[ 2912.100176] smpboot: Booting Node 0 Processor 3 APIC 0x6
[ 2912.100678]  cache: parent cpu3 should not be sleeping
[ 2912.100848] CPU3 is up
[ 2912.100867] smpboot: Booting Node 0 Processor 4 APIC 0x1
[ 2912.101450]  cache: parent cpu4 should not be sleeping
[ 2912.101787] CPU4 is up
[ 2912.101809] smpboot: Booting Node 0 Processor 5 APIC 0x3
[ 2912.102292]  cache: parent cpu5 should not be sleeping
[ 2912.102478] CPU5 is up
[ 2912.102496] smpboot: Booting Node 0 Processor 6 APIC 0x5
[ 2912.102982]  cache: parent cpu6 should not be sleeping
[ 2912.103176] CPU6 is up
[ 2912.103194] smpboot: Booting Node 0 Processor 7 APIC 0x7
[ 2912.103684]  cache: parent cpu7 should not be sleeping
[ 2912.103890] CPU7 is up
[ 2912.111603] ACPI: Waking up from system sleep state S3
[ 2912.173038] ACPI: EC: interrupt unblocked
[ 2912.289914] ACPI: EC: event unblocked
[ 2912.291031] sd 0:0:0:0: [sda] Starting disk
[ 2912.523539] usb 1-5: reset high-speed USB device number 2 using xhci_hcd
[ 2912.799970] usb 1-7: reset full-speed USB device number 3 using xhci_hcd
[ 2912.949988] acpi LNXPOWER:13: Turning OFF
[ 2912.950108] acpi LNXPOWER:12: Turning OFF
[ 2912.950224] acpi LNXPOWER:11: Turning OFF
[ 2912.950341] acpi LNXPOWER:10: Turning OFF
[ 2912.950434] acpi LNXPOWER:0f: Turning OFF
[ 2912.950526] acpi LNXPOWER:0e: Turning OFF
[ 2912.950617] acpi LNXPOWER:0d: Turning OFF
[ 2912.950711] acpi LNXPOWER:0c: Turning OFF
[ 2912.950804] acpi LNXPOWER:0b: Turning OFF
[ 2912.950896] acpi LNXPOWER:0a: Turning OFF
[ 2912.950989] acpi LNXPOWER:09: Turning OFF
[ 2912.951081] acpi LNXPOWER:08: Turning OFF
[ 2912.951172] acpi LNXPOWER:07: Turning OFF
[ 2912.951264] acpi LNXPOWER:06: Turning OFF
[ 2912.951385] acpi LNXPOWER:05: Turning OFF
[ 2912.951492] acpi LNXPOWER:04: Turning OFF
[ 2912.951585] acpi LNXPOWER:03: Turning OFF
[ 2912.951677] acpi LNXPOWER:02: Turning OFF
[ 2912.951769] acpi LNXPOWER:01: Turning OFF
[ 2912.951861] acpi LNXPOWER:00: Turning OFF
[ 2912.951922] OOM killer enabled.
[ 2912.951922] Restarting tasks ... done.
[ 2912.957313] [drm] RC6 on
[ 2912.987113] thermal thermal_zone8: failed to read out thermal zone (-61)
[ 2913.006636] PM: suspend exit
[ 2913.213682] ish-hid {33AECD58-B679-4E54-9BD9-A04D34F0C226}: [hid-ish]: enum_devices_done OK, num_hid_devices=4
[ 2913.378164] Bluetooth: hci0: read Intel version: 370810011003110e00
[ 2913.378247] Bluetooth: hci0: Intel Bluetooth firmware file: intel/ibt-hw-37.8.10-fw-1.10.3.11.e.bseq
[ 2913.670123] Bluetooth: hci0: unexpected event for opcode 0xfc2f
[ 2913.687176] Bluetooth: hci0: Intel firmware patch completed and activated
[ 2914.403354] ata1: SATA link up 6.0 Gbps (SStatus 133 SControl 300)
[ 2914.415073] ata1.00: ACPI cmd ef/10:06:00:00:00:00 (SET FEATURES) succeeded
[ 2914.415074] ata1.00: ACPI cmd f5/00:00:00:00:00:00 (SECURITY FREEZE LOCK) filtered out
[ 2914.415075] ata1.00: ACPI cmd b1/c1:00:00:00:00:00 (DEVICE CONFIGURATION OVERLAY) filtered out
[ 2914.426310] ata1.00: ACPI cmd ef/5a:00:00:00:00:a0 (SET FEATURES) succeeded
[ 2914.487365] ata1.00: ACPI cmd ef/10:06:00:00:00:00 (SET FEATURES) succeeded
[ 2914.487366] ata1.00: ACPI cmd f5/00:00:00:00:00:00 (SECURITY FREEZE LOCK) filtered out
[ 2914.487367] ata1.00: ACPI cmd b1/c1:00:00:00:00:00 (DEVICE CONFIGURATION OVERLAY) filtered out
[ 2914.487616] ata1.00: ACPI cmd 00/00:00:00:00:00:a0 (NOP) rejected by device (Stat=0x51 Err=0x04)
[ 2914.524585] ata1.00: configured for UDMA/133
[ 2915.395381] IPv6: ADDRCONF(NETDEV_UP): wlp1s0: link is not ready
[ 2915.502507] IPv6: ADDRCONF(NETDEV_UP): wlp1s0: link is not ready
[ 2915.578463] IPv6: ADDRCONF(NETDEV_UP): wlp1s0: link is not ready
[ 2919.677270] wlp1s0: authenticate with 80:29:94:fd:b6:4a
[ 2919.681809] wlp1s0: send auth to 80:29:94:fd:b6:4a (try 1/3)
[ 2919.685279] wlp1s0: authenticated
[ 2919.687096] wlp1s0: associate with 80:29:94:fd:b6:4a (try 1/3)
[ 2919.693738] wlp1s0: RX AssocResp from 80:29:94:fd:b6:4a (capab=0x1411 status=0 aid=1)
[ 2919.695786] wlp1s0: associated
[ 2919.749839] IPv6: ADDRCONF(NETDEV_CHANGE): wlp1s0: link becomes ready
[ 2961.270831] acpi INT3400:00: Unsupported event [0x86]
[ 3547.671121] usb 1-2: new full-speed USB device number 4 using xhci_hcd
[ 3547.823945] usb 1-2: New USB device found, idVendor=045e, idProduct=07b2
[ 3547.823949] usb 1-2: New USB device strings: Mfr=1, Product=2, SerialNumber=0
[ 3547.823951] usb 1-2: Product: Microsoft Nano Transceiver v1.0
[ 3547.823953] usb 1-2: Manufacturer: Microsoft
[ 3548.036177] usbcore: registered new interface driver usbhid
[ 3548.036179] usbhid: USB HID core driver
[ 3548.059005] input: Microsoft Microsoft Nano Transceiver v1.0 as /devices/pci0000:00/0000:00:14.0/usb1/1-2/1-2:1.0/0003:045E:07B2.0007/input/input36
[ 3548.119516] hid-generic 0003:045E:07B2.0007: input,hidraw2: USB HID v1.11 Keyboard [Microsoft Microsoft Nano Transceiver v1.0] on usb-0000:00:14.0-2/input0
[ 3548.119991] input: Microsoft Microsoft Nano Transceiver v1.0 as /devices/pci0000:00/0000:00:14.0/usb1/1-2/1-2:1.1/0003:045E:07B2.0008/input/input37
[ 3548.179305] hid-generic 0003:045E:07B2.0008: input,hidraw3: USB HID v1.11 Mouse [Microsoft Microsoft Nano Transceiver v1.0] on usb-0000:00:14.0-2/input1
[ 3548.180098] input: Microsoft Microsoft Nano Transceiver v1.0 as /devices/pci0000:00/0000:00:14.0/usb1/1-2/1-2:1.2/0003:045E:07B2.0009/input/input38
[ 3548.239410] hid-generic 0003:045E:07B2.0009: input,hiddev0,hidraw4: USB HID v1.11 Device [Microsoft Microsoft Nano Transceiver v1.0] on usb-0000:00:14.0-2/input2
[ 3659.371330] CPU6: Core temperature above threshold, cpu clock throttled (total events = 1)
[ 3659.371331] CPU2: Core temperature above threshold, cpu clock throttled (total events = 1)
[ 3659.371332] CPU4: Package temperature above threshold, cpu clock throttled (total events = 1)
[ 3659.371333] CPU7: Package temperature above threshold, cpu clock throttled (total events = 1)
[ 3659.371334] CPU3: Package temperature above threshold, cpu clock throttled (total events = 1)
[ 3659.371334] CPU0: Package temperature above threshold, cpu clock throttled (total events = 1)
[ 3659.371336] CPU2: Package temperature above threshold, cpu clock throttled (total events = 1)
[ 3659.371340] CPU6: Package temperature above threshold, cpu clock throttled (total events = 1)
[ 3659.371365] CPU1: Package temperature above threshold, cpu clock throttled (total events = 1)
[ 3659.371366] CPU5: Package temperature above threshold, cpu clock throttled (total events = 1)
[ 3659.372325] CPU6: Core temperature/speed normal
[ 3659.372326] CPU4: Package temperature/speed normal
[ 3659.372326] CPU2: Core temperature/speed normal
[ 3659.372327] CPU3: Package temperature/speed normal
[ 3659.372327] CPU7: Package temperature/speed normal
[ 3659.372328] CPU0: Package temperature/speed normal
[ 3659.372329] CPU6: Package temperature/speed normal
[ 3659.372329] CPU2: Package temperature/speed normal
[ 3659.372357] CPU1: Package temperature/speed normal
[ 3659.372357] CPU5: Package temperature/speed normal
[ 3797.951063] typefind:sink[8442]: segfault at 13 ip 00007fed4a036196 sp 00007fed48dc2510 error 4 in libgstvideo-1.0.so.0.803.0[7fed4a00d000+7c000]
[ 3869.326909] perf: interrupt took too long (2506 > 2500), lowering kernel.perf_event_max_sample_rate to 79750
[ 4442.588145] usb 1-2: USB disconnect, device number 4
[ 4451.491893] usb 1-3: new low-speed USB device number 5 using xhci_hcd
[ 4451.644431] usb 1-3: New USB device found, idVendor=0566, idProduct=4006
[ 4451.644435] usb 1-3: New USB device strings: Mfr=0, Product=2, SerialNumber=0
[ 4451.644437] usb 1-3: Product: USB Mouse
[ 4451.648134] input: USB Mouse as /devices/pci0000:00/0000:00:14.0/usb1/1-3/1-3:1.0/0003:0566:4006.000A/input/input39
[ 4451.648437] hid-generic 0003:0566:4006.000A: input,hidraw2: USB HID v1.11 Mouse [USB Mouse] on usb-0000:00:14.0-3/input0
[ 5136.068273] i2c_designware i2c_designware.1: i2c_dw_handle_tx_abort: lost arbitration
[ 5475.488881] usb 1-3: USB disconnect, device number 5
[ 5499.165457] perf: interrupt took too long (3134 > 3132), lowering kernel.perf_event_max_sample_rate to 63750
[ 5630.364821] i2c_designware i2c_designware.1: i2c_dw_handle_tx_abort: lost arbitration
[ 7458.617727] acpi INT3400:00: Unsupported event [0x86]
[ 7961.818890] wlp1s0: deauthenticating from 80:29:94:fd:b6:4a by local choice (Reason: 3=DEAUTH_LEAVING)
[ 7963.247381] PM: suspend entry (deep)
[ 7963.247384] PM: Syncing filesystems ... done.
[ 7965.388382] Freezing user space processes ... (elapsed 0.290 seconds) done.
[ 7965.678693] OOM killer disabled.
[ 7965.678694] Freezing remaining freezable tasks ... (elapsed 0.001 seconds) done.
[ 7965.680081] Suspending console(s) (use no_console_suspend to debug)
[ 7965.758718] sd 0:0:0:0: [sda] Synchronizing SCSI cache
[ 7965.803829] sd 0:0:0:0: [sda] Stopping disk
[ 7966.791909] ACPI: EC: interrupt blocked
[ 7966.835854] ACPI: Preparing to enter system sleep state S3
[ 7966.845959] ACPI: EC: event blocked
[ 7966.845959] ACPI: EC: EC stopped
[ 7966.845960] PM: Saving platform NVS memory
[ 7966.846013] Disabling non-boot CPUs ...
[ 7966.860368] smpboot: CPU 1 is now offline
[ 7966.884353] smpboot: CPU 2 is now offline
[ 7966.908360] smpboot: CPU 3 is now offline
[ 7966.931677] irq_migrate_all_off_this_cpu: 5 callbacks suppressed
[ 7966.931680] IRQ 143: no longer affine to CPU4
[ 7966.933848] smpboot: CPU 4 is now offline
[ 7966.971127] IRQ 123: no longer affine to CPU5
[ 7966.971135] IRQ 124: no longer affine to CPU5
[ 7966.972155] smpboot: CPU 5 is now offline
[ 7966.995133] IRQ 125: no longer affine to CPU6
[ 7966.996176] smpboot: CPU 6 is now offline
[ 7967.015055] IRQ 1: no longer affine to CPU7
[ 7967.015065] IRQ 8: no longer affine to CPU7
[ 7967.015071] IRQ 9: no longer affine to CPU7
[ 7967.015079] IRQ 12: no longer affine to CPU7
[ 7967.015087] IRQ 14: no longer affine to CPU7
[ 7967.015095] IRQ 16: no longer affine to CPU7
[ 7967.016169] smpboot: CPU 7 is now offline
[ 7967.020010] ACPI: Low-level resume complete
[ 7967.020129] ACPI: EC: EC started
[ 7967.020129] PM: Restoring platform NVS memory
[ 7967.030107] Enabling non-boot CPUs ...
[ 7967.030156] x86: Booting SMP configuration:
[ 7967.030156] smpboot: Booting Node 0 Processor 1 APIC 0x2
[ 7967.030721]  cache: parent cpu1 should not be sleeping
[ 7967.030882] CPU1 is up
[ 7967.030907] smpboot: Booting Node 0 Processor 2 APIC 0x4
[ 7967.031408]  cache: parent cpu2 should not be sleeping
[ 7967.031568] CPU2 is up
[ 7967.031590] smpboot: Booting Node 0 Processor 3 APIC 0x6
[ 7967.032056]  cache: parent cpu3 should not be sleeping
[ 7967.032229] CPU3 is up
[ 7967.032250] smpboot: Booting Node 0 Processor 4 APIC 0x1
[ 7967.032828]  cache: parent cpu4 should not be sleeping
[ 7967.033169] CPU4 is up
[ 7967.033192] smpboot: Booting Node 0 Processor 5 APIC 0x3
[ 7967.033656]  cache: parent cpu5 should not be sleeping
[ 7967.033842] CPU5 is up
[ 7967.033870] smpboot: Booting Node 0 Processor 6 APIC 0x5
[ 7967.034352]  cache: parent cpu6 should not be sleeping
[ 7967.034547] CPU6 is up
[ 7967.034567] smpboot: Booting Node 0 Processor 7 APIC 0x7
[ 7967.035055]  cache: parent cpu7 should not be sleeping
[ 7967.035263] CPU7 is up
[ 7967.042986] ACPI: Waking up from system sleep state S3
[ 7967.094511] ACPI: EC: interrupt unblocked
[ 7967.209139] ACPI: EC: event unblocked
[ 7967.210422] sd 0:0:0:0: [sda] Starting disk
[ 7967.442862] usb 1-5: reset high-speed USB device number 2 using xhci_hcd
[ 7967.610258] atkbd serio0: Spurious ACK on isa0060/serio0. Some program might be trying to access hardware directly.
[ 7967.719141] usb 1-7: reset full-speed USB device number 3 using xhci_hcd
[ 7967.870019] acpi LNXPOWER:13: Turning OFF
[ 7967.870082] acpi LNXPOWER:12: Turning OFF
[ 7967.870143] acpi LNXPOWER:11: Turning OFF
[ 7967.870205] acpi LNXPOWER:10: Turning OFF
[ 7967.870266] acpi LNXPOWER:0f: Turning OFF
[ 7967.870326] acpi LNXPOWER:0e: Turning OFF
[ 7967.870387] acpi LNXPOWER:0d: Turning OFF
[ 7967.870449] acpi LNXPOWER:0c: Turning OFF
[ 7967.870510] acpi LNXPOWER:0b: Turning OFF
[ 7967.870571] acpi LNXPOWER:0a: Turning OFF
[ 7967.870633] acpi LNXPOWER:09: Turning OFF
[ 7967.870717] acpi LNXPOWER:08: Turning OFF
[ 7967.870778] acpi LNXPOWER:07: Turning OFF
[ 7967.870839] acpi LNXPOWER:06: Turning OFF
[ 7967.870900] acpi LNXPOWER:05: Turning OFF
[ 7967.870960] acpi LNXPOWER:04: Turning OFF
[ 7967.871022] acpi LNXPOWER:03: Turning OFF
[ 7967.871083] acpi LNXPOWER:02: Turning OFF
[ 7967.871144] acpi LNXPOWER:01: Turning OFF
[ 7967.871205] acpi LNXPOWER:00: Turning OFF
[ 7967.871245] OOM killer enabled.
[ 7967.871245] Restarting tasks ... done.
[ 7967.878592] [drm] RC6 on
[ 7967.897749] thermal thermal_zone8: failed to read out thermal zone (-61)
[ 7967.919113] PM: suspend exit
[ 7968.255720] ish-hid {33AECD58-B679-4E54-9BD9-A04D34F0C226}: [hid-ish]: enum_devices_done OK, num_hid_devices=4
[ 7968.289549] Bluetooth: hci0: read Intel version: 370810011003110e00
[ 7968.289552] Bluetooth: hci0: Intel Bluetooth firmware file: intel/ibt-hw-37.8.10-fw-1.10.3.11.e.bseq
[ 7968.587507] Bluetooth: hci0: unexpected event for opcode 0xfc2f
[ 7968.604584] Bluetooth: hci0: Intel firmware patch completed and activated
[ 7969.386616] ata1: SATA link up 6.0 Gbps (SStatus 133 SControl 300)
[ 7969.730539] ata1.00: ACPI cmd ef/10:06:00:00:00:00 (SET FEATURES) succeeded
[ 7969.730540] ata1.00: ACPI cmd f5/00:00:00:00:00:00 (SECURITY FREEZE LOCK) filtered out
[ 7969.730541] ata1.00: ACPI cmd b1/c1:00:00:00:00:00 (DEVICE CONFIGURATION OVERLAY) filtered out
[ 7969.741817] ata1.00: ACPI cmd ef/5a:00:00:00:00:a0 (SET FEATURES) succeeded
[ 7969.802908] ata1.00: ACPI cmd ef/10:06:00:00:00:00 (SET FEATURES) succeeded
[ 7969.802909] ata1.00: ACPI cmd f5/00:00:00:00:00:00 (SECURITY FREEZE LOCK) filtered out
[ 7969.802910] ata1.00: ACPI cmd b1/c1:00:00:00:00:00 (DEVICE CONFIGURATION OVERLAY) filtered out
[ 7969.803112] ata1.00: ACPI cmd 00/00:00:00:00:00:a0 (NOP) rejected by device (Stat=0x51 Err=0x04)
[ 7969.840105] ata1.00: configured for UDMA/133
[ 7973.391732] IPv6: ADDRCONF(NETDEV_UP): wlp1s0: link is not ready
[ 7973.496800] IPv6: ADDRCONF(NETDEV_UP): wlp1s0: link is not ready
[ 7974.153467] IPv6: ADDRCONF(NETDEV_UP): wlp1s0: link is not ready
[ 7978.527178] wlp1s0: authenticate with 80:29:94:fd:b6:4a
[ 7978.531152] wlp1s0: send auth to 80:29:94:fd:b6:4a (try 1/3)
[ 7978.534916] wlp1s0: authenticated
[ 7978.538129] wlp1s0: associate with 80:29:94:fd:b6:4a (try 1/3)
[ 7978.542140] wlp1s0: RX AssocResp from 80:29:94:fd:b6:4a (capab=0x1411 status=0 aid=1)
[ 7978.543881] wlp1s0: associated
[ 7978.591298] IPv6: ADDRCONF(NETDEV_CHANGE): wlp1s0: link becomes ready
[10432.367468] wlp1s0: deauthenticating from 80:29:94:fd:b6:4a by local choice (Reason: 3=DEAUTH_LEAVING)
[10442.614602] PM: suspend entry (deep)
[10442.614606] PM: Syncing filesystems ... done.
[10443.027298] Freezing user space processes ... (elapsed 0.002 seconds) done.
[10443.030041] OOM killer disabled.
[10443.030042] Freezing remaining freezable tasks ... (elapsed 0.001 seconds) done.
[10443.031460] Suspending console(s) (use no_console_suspend to debug)
[10443.061295] sd 0:0:0:0: [sda] Synchronizing SCSI cache
[10443.117203] sd 0:0:0:0: [sda] Stopping disk
[10444.086193] ACPI: EC: interrupt blocked
[10444.130134] ACPI: Preparing to enter system sleep state S3
[10444.141895] ACPI: EC: event blocked
[10444.141896] ACPI: EC: EC stopped
[10444.141896] PM: Saving platform NVS memory
[10444.141948] Disabling non-boot CPUs ...
[10444.158615] smpboot: CPU 1 is now offline
[10444.190613] smpboot: CPU 2 is now offline
[10444.214619] smpboot: CPU 3 is now offline
[10444.237915] irq_migrate_all_off_this_cpu: 5 callbacks suppressed
[10444.237918] IRQ 143: no longer affine to CPU4
[10444.240081] smpboot: CPU 4 is now offline
[10444.261360] IRQ 123: no longer affine to CPU5
[10444.261368] IRQ 124: no longer affine to CPU5
[10444.262390] smpboot: CPU 5 is now offline
[10444.285344] IRQ 125: no longer affine to CPU6
[10444.286389] smpboot: CPU 6 is now offline
[10444.305286] IRQ 1: no longer affine to CPU7
[10444.305297] IRQ 8: no longer affine to CPU7
[10444.305304] IRQ 9: no longer affine to CPU7
[10444.305312] IRQ 12: no longer affine to CPU7
[10444.305319] IRQ 14: no longer affine to CPU7
[10444.305328] IRQ 16: no longer affine to CPU7
[10444.306401] smpboot: CPU 7 is now offline
[10444.310275] ACPI: Low-level resume complete
[10444.310394] ACPI: EC: EC started
[10444.310395] PM: Restoring platform NVS memory
[10444.320380] Enabling non-boot CPUs ...
[10444.320420] x86: Booting SMP configuration:
[10444.320421] smpboot: Booting Node 0 Processor 1 APIC 0x2
[10444.320998]  cache: parent cpu1 should not be sleeping
[10444.321159] CPU1 is up
[10444.321190] smpboot: Booting Node 0 Processor 2 APIC 0x4
[10444.321667]  cache: parent cpu2 should not be sleeping
[10444.321840] CPU2 is up
[10444.321892] smpboot: Booting Node 0 Processor 3 APIC 0x6
[10444.322393]  cache: parent cpu3 should not be sleeping
[10444.322567] CPU3 is up
[10444.322586] smpboot: Booting Node 0 Processor 4 APIC 0x1
[10444.323174]  cache: parent cpu4 should not be sleeping
[10444.323508] CPU4 is up
[10444.323531] smpboot: Booting Node 0 Processor 5 APIC 0x3
[10444.324010]  cache: parent cpu5 should not be sleeping
[10444.324193] CPU5 is up
[10444.324210] smpboot: Booting Node 0 Processor 6 APIC 0x5
[10444.324696]  cache: parent cpu6 should not be sleeping
[10444.324888] CPU6 is up
[10444.324906] smpboot: Booting Node 0 Processor 7 APIC 0x7
[10444.325399]  cache: parent cpu7 should not be sleeping
[10444.325600] CPU7 is up
[10444.333324] ACPI: Waking up from system sleep state S3
[10444.380762] ACPI: EC: interrupt unblocked
[10444.495259] ACPI: EC: event unblocked
[10444.496361] sd 0:0:0:0: [sda] Starting disk
[10444.728981] usb 1-5: reset high-speed USB device number 2 using xhci_hcd
[10445.005262] usb 1-7: reset full-speed USB device number 3 using xhci_hcd
[10445.154950] acpi LNXPOWER:13: Turning OFF
[10445.155046] acpi LNXPOWER:12: Turning OFF
[10445.155142] acpi LNXPOWER:11: Turning OFF
[10445.155221] acpi LNXPOWER:10: Turning OFF
[10445.155300] acpi LNXPOWER:0f: Turning OFF
[10445.155378] acpi LNXPOWER:0e: Turning OFF
[10445.155455] acpi LNXPOWER:0d: Turning OFF
[10445.155534] acpi LNXPOWER:0c: Turning OFF
[10445.155614] acpi LNXPOWER:0b: Turning OFF
[10445.155692] acpi LNXPOWER:0a: Turning OFF
[10445.155772] acpi LNXPOWER:09: Turning OFF
[10445.155850] acpi LNXPOWER:08: Turning OFF
[10445.155927] acpi LNXPOWER:07: Turning OFF
[10445.156006] acpi LNXPOWER:06: Turning OFF
[10445.156084] acpi LNXPOWER:05: Turning OFF
[10445.156161] acpi LNXPOWER:04: Turning OFF
[10445.156240] acpi LNXPOWER:03: Turning OFF
[10445.156318] acpi LNXPOWER:02: Turning OFF
[10445.156396] acpi LNXPOWER:01: Turning OFF
[10445.156474] acpi LNXPOWER:00: Turning OFF
[10445.156525] OOM killer enabled.
[10445.156525] Restarting tasks ... done.
[10445.162243] [drm] RC6 on
[10445.189158] thermal thermal_zone8: failed to read out thermal zone (-61)
[10445.215531] PM: suspend exit
[10445.525541] ish-hid {33AECD58-B679-4E54-9BD9-A04D34F0C226}: [hid-ish]: enum_devices_done OK, num_hid_devices=4
[10445.580642] Bluetooth: hci0: read Intel version: 370810011003110e00
[10446.668244] ata1: SATA link up 6.0 Gbps (SStatus 133 SControl 300)
[10447.021273] ata1.00: ACPI cmd ef/10:06:00:00:00:00 (SET FEATURES) succeeded
[10447.021275] ata1.00: ACPI cmd f5/00:00:00:00:00:00 (SECURITY FREEZE LOCK) filtered out
[10447.021275] ata1.00: ACPI cmd b1/c1:00:00:00:00:00 (DEVICE CONFIGURATION OVERLAY) filtered out
[10447.032527] ata1.00: ACPI cmd ef/5a:00:00:00:00:a0 (SET FEATURES) succeeded
[10447.093568] ata1.00: ACPI cmd ef/10:06:00:00:00:00 (SET FEATURES) succeeded
[10447.093570] ata1.00: ACPI cmd f5/00:00:00:00:00:00 (SECURITY FREEZE LOCK) filtered out
[10447.093571] ata1.00: ACPI cmd b1/c1:00:00:00:00:00 (DEVICE CONFIGURATION OVERLAY) filtered out
[10447.093765] ata1.00: ACPI cmd 00/00:00:00:00:00:a0 (NOP) rejected by device (Stat=0x51 Err=0x04)
[10447.130728] ata1.00: configured for UDMA/133
[10447.231841] Bluetooth: hci0: Intel Bluetooth firmware file: intel/ibt-hw-37.8.10-fw-1.10.3.11.e.bseq
[10447.524599] Bluetooth: hci0: unexpected event for opcode 0xfc2f
[10447.541614] Bluetooth: hci0: Intel firmware patch completed and activated
[10447.659376] IPv6: ADDRCONF(NETDEV_UP): wlp1s0: link is not ready
[10447.771320] IPv6: ADDRCONF(NETDEV_UP): wlp1s0: link is not ready
[10447.871737] IPv6: ADDRCONF(NETDEV_UP): wlp1s0: link is not ready
[10452.459113] wlp1s0: authenticate with 80:29:94:fd:b6:4a
[10452.463029] wlp1s0: send auth to 80:29:94:fd:b6:4a (try 1/3)
[10452.469917] wlp1s0: authenticated
[10452.470342] wlp1s0: associate with 80:29:94:fd:b6:4a (try 1/3)
[10452.474732] wlp1s0: RX AssocResp from 80:29:94:fd:b6:4a (capab=0x1411 status=0 aid=1)
[10452.476430] wlp1s0: associated
[10452.529189] IPv6: ADDRCONF(NETDEV_CHANGE): wlp1s0: link becomes ready
[10766.937032] perf: interrupt took too long (3923 > 3917), lowering kernel.perf_event_max_sample_rate to 50750
[16397.353302] wlp1s0: deauthenticating from 80:29:94:fd:b6:4a by local choice (Reason: 3=DEAUTH_LEAVING)
[16408.193486] PM: suspend entry (deep)
[16408.193491] PM: Syncing filesystems ... done.
[16408.339370] Freezing user space processes ... (elapsed 0.001 seconds) done.
[16408.341348] OOM killer disabled.
[16408.341349] Freezing remaining freezable tasks ... (elapsed 0.001 seconds) done.
[16408.342696] Suspending console(s) (use no_console_suspend to debug)
[16408.373279] sd 0:0:0:0: [sda] Synchronizing SCSI cache
[16408.385804] sd 0:0:0:0: [sda] Stopping disk
[16409.378488] ACPI: EC: interrupt blocked
[16409.422435] ACPI: Preparing to enter system sleep state S3
[16409.432478] ACPI: EC: event blocked
[16409.432478] ACPI: EC: EC stopped
[16409.432479] PM: Saving platform NVS memory
[16409.432544] Disabling non-boot CPUs ...
[16409.447002] smpboot: CPU 1 is now offline
[16409.472083] smpboot: CPU 2 is now offline
[16409.494943] smpboot: CPU 3 is now offline
[16409.518254] irq_migrate_all_off_this_cpu: 5 callbacks suppressed
[16409.518256] IRQ 143: no longer affine to CPU4
[16409.519315] smpboot: CPU 4 is now offline
[16409.541726] IRQ 123: no longer affine to CPU5
[16409.541735] IRQ 124: no longer affine to CPU5
[16409.542780] smpboot: CPU 5 is now offline
[16409.565772] IRQ 125: no longer affine to CPU6
[16409.566831] smpboot: CPU 6 is now offline
[16409.589639] IRQ 1: no longer affine to CPU7
[16409.589649] IRQ 8: no longer affine to CPU7
[16409.589656] IRQ 9: no longer affine to CPU7
[16409.589664] IRQ 12: no longer affine to CPU7
[16409.589672] IRQ 14: no longer affine to CPU7
[16409.589680] IRQ 16: no longer affine to CPU7
[16409.590733] smpboot: CPU 7 is now offline
[16409.594553] ACPI: Low-level resume complete
[16409.594669] ACPI: EC: EC started
[16409.594669] PM: Restoring platform NVS memory
[16409.604692] Enabling non-boot CPUs ...
[16409.604741] x86: Booting SMP configuration:
[16409.604742] smpboot: Booting Node 0 Processor 1 APIC 0x2
[16409.605301]  cache: parent cpu1 should not be sleeping
[16409.605464] CPU1 is up
[16409.605488] smpboot: Booting Node 0 Processor 2 APIC 0x4
[16409.605966]  cache: parent cpu2 should not be sleeping
[16409.606140] CPU2 is up
[16409.606165] smpboot: Booting Node 0 Processor 3 APIC 0x6
[16409.606665]  cache: parent cpu3 should not be sleeping
[16409.606839] CPU3 is up
[16409.606860] smpboot: Booting Node 0 Processor 4 APIC 0x1
[16409.607436]  cache: parent cpu4 should not be sleeping
[16409.607776] CPU4 is up
[16409.607799] smpboot: Booting Node 0 Processor 5 APIC 0x3
[16409.608285]  cache: parent cpu5 should not be sleeping
[16409.608473] CPU5 is up
[16409.608501] smpboot: Booting Node 0 Processor 6 APIC 0x5
[16409.608984]  cache: parent cpu6 should not be sleeping
[16409.609181] CPU6 is up
[16409.609202] smpboot: Booting Node 0 Processor 7 APIC 0x7
[16409.609695]  cache: parent cpu7 should not be sleeping
[16409.609904] CPU7 is up
[16409.617626] ACPI: Waking up from system sleep state S3
[16409.666479] ACPI: EC: interrupt unblocked
[16409.783769] ACPI: EC: event unblocked
[16409.784634] sd 0:0:0:0: [sda] Starting disk
[16410.017451] usb 1-5: reset high-speed USB device number 2 using xhci_hcd
[16410.293878] usb 1-7: reset full-speed USB device number 3 using xhci_hcd
[16410.444140] acpi LNXPOWER:13: Turning OFF
[16410.444257] acpi LNXPOWER:12: Turning OFF
[16410.444372] acpi LNXPOWER:11: Turning OFF
[16410.444487] acpi LNXPOWER:10: Turning OFF
[16410.444601] acpi LNXPOWER:0f: Turning OFF
[16410.444714] acpi LNXPOWER:0e: Turning OFF
[16410.444826] acpi LNXPOWER:0d: Turning OFF
